D/PJSIP   ( 2507): 14:10:48.973 send_buf_trans  old packets count:685
D/PJSIP   ( 2507): 14:10:48.984 send_buf_trans  old packets count:685
E/ait_h264_buf.c( 2507): pjmedia_capture_h264_buf_get, g_h264_buf->get_offset = 118652, g_h264_buf->length = 0, g_h264_buf->count = 0
D/PJSIP   ( 2507): 14:10:48.994 send_buf_trans  old packets count:686
D/PJSIP   ( 2507): 14:10:49.005 send_buf_trans  old packets count:686
D/PJSIP   ( 2507): 14:10:49.014 send_buf_trans  old packets count:686
D/PJSIP   ( 2507): 14:10:49.025 send_buf_trans  old packets count:686
D/PJSIP   ( 2507): 14:10:49.040 send_buf_trans  old packets count:686
E/ait_h264_buf.c( 2507): pjmedia_capture_h264_buf_put, sample->h264_size = 5785, frame_info = 41
E/ait_h264_buf.c( 2507): pjmedia_capture_h264_buf_put, g_h264_buf->put_offset = 124448, g_h264_buf->length = 5796, g_h264_buf->count = 1
D/PJSIP   ( 2507): 14:10:49.060 send_buf_trans  old packets count:686
D/PJSIP   ( 2507): 14:10:49.074 send_buf_trans  old packets count:686
D/PJSIP   ( 2507): 14:10:49.085 send_buf_trans  old packets count:686
D/PJSIP   ( 2507): 14:10:49.095 send_buf_trans  old packets count:686
D/PJSIP   ( 2507): 14:10:49.107 send_buf_trans  old packets count:686
E/ait_h264_buf.c( 2507): pjmedia_capture_h264_buf_get, g_h264_buf->get_offset = 124448, g_h264_buf->length = 0, g_h264_buf->count = 0
D/PJSIP   ( 2507): 14:10:49.120 send_buf_trans  old packets count:686
D/PJSIP   ( 2507): 14:10:49.130 send_buf_trans  old packets count:686
D/PJSIP   ( 2507): 14:10:49.140 send_buf_trans  old packets count:686
D/PJSIP   ( 2507): 14:10:49.154 send_buf_trans  old packets count:686
E/ait_h264_buf.c( 2507): pjmedia_capture_h264_buf_put, sample->h264_size = 5692, frame_info = 41
E/ait_h264_buf.c( 2507): pjmedia_capture_h264_buf_put, g_h264_buf->put_offset = 130148, g_h264_buf->length = 5700, g_h264_buf->count = 1
D/PJSIP   ( 2507): 14:10:49.164 send_buf_trans  old packets count:686
D/PJSIP   ( 2507): 14:10:49.176 send_buf_trans  old packets count:686
E/ait_h264_buf.c( 2507): pjmedia_capture_h264_buf_get, g_h264_buf->get_offset = 130148, g_h264_buf->length = 0, g_h264_buf->count = 0
D/PJSIP   ( 2507): 14:10:49.190 send_buf_trans  old packets count:687
D/PJSIP   ( 2507): 14:10:49.199 send_buf_trans  old packets count:687
D/PJSIP   ( 2507): 14:10:49.209 send_buf_trans  old packets count:687
D/PJSIP   ( 2507): 14:10:49.225 send_buf_trans  old packets count:687
D/PJSIP   ( 2507): 14:10:49.238 send_buf_trans  old packets count:687
D/PJSIP   ( 2507): 14:10:49.249 send_buf_trans  old packets count:687
E/ait_h264_buf.c( 2507): pjmedia_capture_h264_buf_put, sample->h264_size = 5703, frame_info = 41
E/ait_h264_buf.c( 2507): pjmedia_capture_h264_buf_put, g_h264_buf->put_offset = 135860, g_h264_buf->length = 5712, g_h264_buf->count = 1
D/PJSIP   ( 2507): 14:10:49.259 send_buf_trans  old packets count:687
D/PJSIP   ( 2507): 14:10:49.269 send_buf_trans  old packets count:687
D/PJSIP   ( 2507): 14:10:49.279 send_buf_trans  old packets count:687
D/PJSIP   ( 2507): 14:10:49.289 send_buf_trans  old packets count:687
D/PJSIP   ( 2507): 14:10:49.301 send_buf_trans  old packets count:687
D/PJSIP   ( 2507): 14:10:49.316 send_buf_trans  old packets count:687
E/ait_h264_buf.c( 2507): pjmedia_capture_h264_buf_get, g_h264_buf->get_offset = 135860, g_h264_buf->length = 0, g_h264_buf->count = 0
D/PJSIP   ( 2507): 14:10:49.330 send_buf_trans  old packets count:687
D/PJSIP   ( 2507): 14:10:49.341 send_buf_trans  old packets count:687
D/PJSIP   ( 2507): 14:10:49.355 send_buf_trans  old packets count:687
E/ait_h264_buf.c( 2507): pjmedia_capture_h264_buf_put, sample->h264_size = 5794, frame_info = 41
E/ait_h264_buf.c( 2507): pjmedia_capture_h264_buf_put, g_h264_buf->put_offset = 141664, g_h264_buf->length = 5804, g_h264_buf->count = 1
D/PJSIP   ( 2507): 14:10:49.365 send_buf_trans  old packets count:687
D/PJSIP   ( 2507): 14:10:49.375 send_buf_trans  old packets count:687
D/PJSIP   ( 2507): 14:10:49.384 send_buf_trans  old packets count:687
E/ait_h264_buf.c( 2507): pjmedia_capture_h264_buf_get, g_h264_buf->get_offset = 141664, g_h264_buf->length = 0, g_h264_buf->count = 0
D/PJSIP   ( 2507): 14:10:49.399 send_buf_trans  old packets count:687
D/PJSIP   ( 2507): 14:10:49.409 send_buf_trans  old packets count:687
D/PJSIP   ( 2507): 14:10:49.420 send_buf_trans  old packets count:687
D/PJSIP   ( 2507): 14:10:49.429 send_buf_trans  old packets count:687
D/PJSIP   ( 2507): 14:10:49.441 send_buf_trans  old packets count:687
D/PJSIP   ( 2507): 14:10:49.454 send_buf_trans  old packets count:687
E/ait_h264_buf.c( 2507): pjmedia_capture_h264_buf_put, sample->h264_size = 6618, frame_info = 41
E/ait_h264_buf.c( 2507): pjmedia_capture_h264_buf_put, g_h264_buf->put_offset = 148292, g_h264_buf->length = 6628, g_h264_buf->count = 1
D/PJSIP   ( 2507): 14:10:49.465 send_buf_trans  old packets count:687
D/PJSIP   ( 2507): 14:10:49.474 send_buf_trans  old packets count:687
D/PJSIP   ( 2507): 14:10:49.484 send_buf_trans  old packets count:687
D/PJSIP   ( 2507): 14:10:49.494 send_buf_trans  old packets count:687
D/PJSIP   ( 2507): 14:10:49.504 send_buf_trans  old packets count:687
D/PJSIP   ( 2507): 14:10:49.514 send_buf_trans  old packets count:687
E/ait_h264_buf.c( 2507): pjmedia_capture_h264_buf_get, g_h264_buf->get_offset = 148292, g_h264_buf->length = 0, g_h264_buf->count = 0
D/PJSIP   ( 2507): 14:10:49.524 send_buf_trans  old packets count:687
D/PJSIP   ( 2507): 14:10:49.534 send_buf_trans  old packets count:687
D/PJSIP   ( 2507): 14:10:49.544 send_buf_trans  old packets count:687
D/PJSIP   ( 2507): 14:10:49.554 send_buf_trans  old packets count:687
E/ait_h264_buf.c( 2507): pjmedia_capture_h264_buf_put, sample->h264_size = 5519, frame_info = 41
E/ait_h264_buf.c( 2507): pjmedia_capture_h264_buf_put, g_h264_buf->put_offset = 153820, g_h264_buf->length = 5528, g_h264_buf->count = 1
D/PJSIP   ( 2507): 14:10:49.569 send_buf_trans  old packets count:687
D/PJSIP   ( 2507): 14:10:49.578 send_buf_trans  old packets count:687
E/ait_h264_buf.c( 2507): pjmedia_capture_h264_buf_get, g_h264_buf->get_offset = 153820, g_h264_buf->length = 0, g_h264_buf->count = 0
D/PJSIP   ( 2507): 14:10:49.589 send_buf_trans  old packets count:687
D/PJSIP   ( 2507): 14:10:49.599 send_buf_trans  old packets count:687
D/PJSIP   ( 2507): 14:10:49.609 send_buf_trans  old packets count:687
D/PJSIP   ( 2507): 14:10:49.619 send_buf_trans  old packets count:687
D/PJSIP   ( 2507): 14:10:49.630 send_buf_trans  old packets count:687
D/PJSIP   ( 2507): 14:10:49.649 send_buf_trans  old packets count:687
E/ait_h264_buf.c( 2507): pjmedia_capture_h264_buf_put, sample->h264_size = 5797, frame_info = 41
E/ait_h264_buf.c( 2507): pjmedia_capture_h264_buf_put, g_h264_buf->put_offset = 159628, g_h264_buf->length = 5808, g_h264_buf->count = 1
D/PJSIP   ( 2507): 14:10:49.659 send_buf_trans  old packets count:687
D/PJSIP   ( 2507): 14:10:49.668 send_buf_trans  old packets count:687
D/PJSIP   ( 2507): 14:10:49.679 send_buf_trans  old packets count:687
D/PJSIP   ( 2507): 14:10:49.689 send_buf_trans  old packets count:687
D/PJSIP   ( 2507): 14:10:49.699 send_buf_trans  old packets count:687
I/PJSIP   ( 2507): 14:10:49.708        timer.c !.PJCANCEL:cancel,_timer_id:-1,max_size:126
I/PJSIP   ( 2507): 
D/PJSIP   ( 2507): 14:10:49.709 send_buf_trans !old packets count:687
I/PJSIP   ( 2507): 14:10:49.719        timer.c !.PJCANCEL:cancel,_timer_id:-1,max_size:126
I/PJSIP   ( 2507): 
I/PJSIP   ( 2507): 14:10:49.721        timer.c  .PJCANCEL:cancel,_timer_id:-1,max_size:126
I/PJSIP   ( 2507): 
I/PJSIP   ( 2507): 14:10:49.721        timer.c  .PJCANCEL:cancel,_timer_id:-1,max_size:126
I/PJSIP   ( 2507): 
E/ait_h264_buf.c( 2507): pjmedia_capture_h264_buf_get, g_h264_buf->get_offset = 159628, g_h264_buf->length = 0, g_h264_buf->count = 0
D/PJSIP   ( 2507): 14:10:49.724 send_buf_trans !old packets count:687
D/PJSIP   ( 2507): 14:10:49.735 send_buf_trans  old packets count:687
D/PJSIP   ( 2507): 14:10:49.749 send_buf_trans  old packets count:687
E/ait_h264_buf.c( 2507): pjmedia_capture_h264_buf_put, sample->h264_size = 6729, frame_info = 41
E/ait_h264_buf.c( 2507): pjmedia_capture_h264_buf_put, g_h264_buf->put_offset = 166368, g_h264_buf->length = 6740, g_h264_buf->count = 1
D/PJSIP   ( 2507): 14:10:49.759 send_buf_trans  old packets count:687
D/PJSIP   ( 2507): 14:10:49.772 send_buf_trans  old packets count:687
I/PJSIP   ( 2507): 14:10:49.772 vstrm0x638b401  TX RTCP SR: ntp_ts=0xf3e8d506
D/PJSIP   ( 2507): 14:10:49.784 send_buf_trans  old packets count:687
E/ait_h264_buf.c( 2507): pjmedia_capture_h264_buf_get, g_h264_buf->get_offset = 166368, g_h264_buf->length = 0, g_h264_buf->count = 0
D/PJSIP   ( 2507): 14:10:49.793 send_buf_trans  old packets count:687
D/PJSIP   ( 2507): 14:10:49.804 send_buf_trans  old packets count:687
D/PJSIP   ( 2507): 14:10:49.814 send_buf_trans  old packets count:687
D/PJSIP   ( 2507): 14:10:49.823 send_buf_trans  old packets count:687
D/PJSIP   ( 2507): 14:10:49.833 send_buf_trans  old packets count:687
D/PJSIP   ( 2507): 14:10:49.845 send_buf_trans  old packets count:687
D/PJSIP   ( 2507): 14:10:49.855 send_buf_trans  old packets count:687
E/ait_h264_buf.c( 2507): pjmedia_capture_h264_buf_put, sample->h264_size = 5567, frame_info = 41
E/ait_h264_buf.c( 2507): pjmedia_capture_h264_buf_put, g_h264_buf->put_offset = 171944, g_h264_buf->length = 5576, g_h264_buf->count = 1
D/PJSIP   ( 2507): 14:10:49.863 send_buf_trans  old packets count:687
D/PJSIP   ( 2507): 14:10:49.874 send_buf_trans  old packets count:687
D/PJSIP   ( 2507): 14:10:49.884 send_buf_trans  old packets count:687
D/PJSIP   ( 2507): 14:10:49.895 send_buf_trans  old packets count:687
D/PJSIP   ( 2507): 14:10:49.908 send_buf_trans  old packets count:687
E/ait_h264_buf.c( 2507): pjmedia_capture_h264_buf_get, g_h264_buf->get_offset = 171944, g_h264_buf->length = 0, g_h264_buf->count = 0
D/PJSIP   ( 2507): 14:10:49.925 send_buf_trans  old packets count:687
D/PJSIP   ( 2507): 14:10:49.934 send_buf_trans  old packets count:687
D/PJSIP   ( 2507): 14:10:49.944 send_buf_trans  old packets count:687
D/PJSIP   ( 2507): 14:10:49.954 send_buf_trans  old packets count:687
E/ait_h264_buf.c( 2507): pjmedia_capture_h264_buf_put, sample->h264_size = 7368, frame_info = 41
E/ait_h264_buf.c( 2507): pjmedia_capture_h264_buf_put, g_h264_buf->put_offset = 179320, g_h264_buf->length = 7376, g_h264_buf->count = 1
D/PJSIP   ( 2507): 14:10:49.965 send_buf_trans  old packets count:687
D/PJSIP   ( 2507): 14:10:49.974 send_buf_trans  old packets count:687
D/PJSIP   ( 2507): 14:10:49.984 send_buf_trans  old packets count:687
E/ait_h264_buf.c( 2507): pjmedia_capture_h264_buf_get, g_h264_buf->get_offset = 179320, g_h264_buf->length = 0, g_h264_buf->count = 0
D/PJSIP   ( 2507): 14:10:49.994 send_buf_trans  old packets count:687
D/PJSIP   ( 2507): 14:10:50.004 send_buf_trans  old packets count:687
D/PJSIP   ( 2507): 14:10:50.013 send_buf_trans  old packets count:687
D/PJSIP   ( 2507): 14:10:50.028 send_buf_trans  old packets count:687
D/PJSIP   ( 2507): 14:10:50.038 send_buf_trans  old packets count:687
D/PJSIP   ( 2507): 14:10:50.048 send_buf_trans  old packets count:687
E/ait_h264_buf.c( 2507): pjmedia_capture_h264_buf_put, sample->h264_size = 6005, frame_info = 41
E/ait_h264_buf.c( 2507): pjmedia_capture_h264_buf_put, g_h264_buf->put_offset = 185336, g_h264_buf->length = 6016, g_h264_buf->count = 1
D/PJSIP   ( 2507): 14:10:50.058 send_buf_trans  old packets count:703
D/PJSIP   ( 2507): 14:10:50.068 send_buf_trans  old packets count:703
D/PJSIP   ( 2507): 14:10:50.078 send_buf_trans  old packets count:703
D/PJSIP   ( 2507): 14:10:50.089 send_buf_trans  old packets count:703
D/PJSIP   ( 2507): 14:10:50.098 send_buf_trans  old packets count:703
D/PJSIP   ( 2507): 14:10:50.108 send_buf_trans  old packets count:703
E/ait_h264_buf.c( 2507): pjmedia_capture_h264_buf_get, g_h264_buf->get_offset = 185336, g_h264_buf->length = 0, g_h264_buf->count = 0
D/PJSIP   ( 2507): 14:10:50.119 send_buf_trans  old packets count:703
D/PJSIP   ( 2507): 14:10:50.128 send_buf_trans  old packets count:703
D/PJSIP   ( 2507): 14:10:50.139 send_buf_trans  old packets count:703
D/PJSIP   ( 2507): 14:10:50.148 send_buf_trans  old packets count:703
E/ait_h264_buf.c( 2507): pjmedia_capture_h264_buf_put, sample->h264_size = 6039, frame_info = 41
E/ait_h264_buf.c( 2507): pjmedia_capture_h264_buf_put, g_h264_buf->put_offset = 191384, g_h264_buf->length = 6048, g_h264_buf->count = 1
D/PJSIP   ( 2507): 14:10:50.162 send_buf_trans  old packets count:703
D/PJSIP   ( 2507): 14:10:50.173 send_buf_trans  old packets count:703
D/PJSIP   ( 2507): 14:10:50.183 send_buf_trans  old packets count:703
E/ait_h264_buf.c( 2507): pjmedia_capture_h264_buf_get, g_h264_buf->get_offset = 191384, g_h264_buf->length = 0, g_h264_buf->count = 0
D/PJSIP   ( 2507): 14:10:50.193 send_buf_trans  old packets count:703
D/PJSIP   ( 2507): 14:10:50.206 send_buf_trans  old packets count:703
D/PJSIP   ( 2507): 14:10:50.218 send_buf_trans  old packets count:703
D/PJSIP   ( 2507): 14:10:50.228 send_buf_trans  old packets count:703
D/PJSIP   ( 2507): 14:10:50.238 send_buf_trans  old packets count:703
D/PJSIP   ( 2507): 14:10:50.248 send_buf_trans  old packets count:703
E/ait_h264_buf.c( 2507): pjmedia_capture_h264_buf_put, sample->h264_size = 6052, frame_info = 41
E/ait_h264_buf.c( 2507): pjmedia_capture_h264_buf_put, g_h264_buf->put_offset = 197444, g_h264_buf->length = 6060, g_h264_buf->count = 1
D/PJSIP   ( 2507): 14:10:50.258 send_buf_trans  old packets count:703
D/PJSIP   ( 2507): 14:10:50.268 send_buf_trans  old packets count:703
D/PJSIP   ( 2507): 14:10:50.278 send_buf_trans  old packets count:703
D/PJSIP   ( 2507): 14:10:50.290 send_buf_trans  old packets count:703
D/PJSIP   ( 2507): 14:10:50.298 send_buf_trans  old packets count:703
D/PJSIP   ( 2507): 14:10:50.308 send_buf_trans  old packets count:703
E/ait_h264_buf.c( 2507): pjmedia_capture_h264_buf_get, g_h264_buf->get_offset = 197444, g_h264_buf->length = 0, g_h264_buf->count = 0
D/PJSIP   ( 2507): 14:10:50.320 send_buf_trans  old packets count:703
D/PJSIP   ( 2507): 14:10:50.328 send_buf_trans  old packets count:703
D/PJSIP   ( 2507): 14:10:50.343 send_buf_trans  old packets count:703
D/PJSIP   ( 2507): 14:10:50.353 send_buf_trans  old packets count:703
E/ait_h264_buf.c( 2507): pjmedia_capture_h264_buf_put, sample->h264_size = 6086, frame_info = 41
E/ait_h264_buf.c( 2507): pjmedia_capture_h264_buf_put, g_h264_buf->put_offset = 203540, g_h264_buf->length = 6096, g_h264_buf->count = 1
D/PJSIP   ( 2507): 14:10:50.363 send_buf_trans  old packets count:703
D/PJSIP   ( 2507): 14:10:50.373 send_buf_trans  old packets count:703
D/PJSIP   ( 2507): 14:10:50.383 send_buf_trans  old packets count:703
E/ait_h264_buf.c( 2507): pjmedia_capture_h264_buf_get, g_h264_buf->get_offset = 203540, g_h264_buf->length = 0, g_h264_buf->count = 0
D/PJSIP   ( 2507): 14:10:50.393 send_buf_trans  old packets count:703
D/PJSIP   ( 2507): 14:10:50.402 send_buf_trans  old packets count:703
D/PJSIP   ( 2507): 14:10:50.413 send_buf_trans  old packets count:703
D/PJSIP   ( 2507): 14:10:50.428 send_buf_trans  old packets count:703
D/PJSIP   ( 2507): 14:10:50.438 send_buf_trans  old packets count:703
D/PJSIP   ( 2507): 14:10:50.448 send_buf_trans  old packets count:703
E/ait_h264_buf.c( 2507): pjmedia_capture_h264_buf_put, sample->h264_size = 5968, frame_info = 41
E/ait_h264_buf.c( 2507): pjmedia_capture_h264_buf_put, g_h264_buf->put_offset = 209516, g_h264_buf->length = 5976, g_h264_buf->count = 1
D/PJSIP   ( 2507): 14:10:50.462 send_buf_trans  old packets count:703
D/PJSIP   ( 2507): 14:10:50.473 send_buf_trans  old packets count:703
D/PJSIP   ( 2507): 14:10:50.483 send_buf_trans  old packets count:703
D/PJSIP   ( 2507): 14:10:50.495 send_buf_trans  old packets count:703
D/PJSIP   ( 2507): 14:10:50.507 send_buf_trans  old packets count:703
E/ait_h264_buf.c( 2507): pjmedia_capture_h264_buf_get, g_h264_buf->get_offset = 209516, g_h264_buf->length = 0, g_h264_buf->count = 0
D/PJSIP   ( 2507): 14:10:50.518 send_buf_trans  old packets count:703
D/PJSIP   ( 2507): 14:10:50.527 send_buf_trans  old packets count:703
D/PJSIP   ( 2507): 14:10:50.537 send_buf_trans  old packets count:703
D/PJSIP   ( 2507): 14:10:50.547 send_buf_trans  old packets count:703
E/ait_h264_buf.c( 2507): pjmedia_capture_h264_buf_put, sample->h264_size = 5804, frame_info = 41
E/ait_h264_buf.c( 2507): pjmedia_capture_h264_buf_put, g_h264_buf->put_offset = 215328, g_h264_buf->length = 5812, g_h264_buf->count = 1
D/PJSIP   ( 2507): 14:10:50.557 send_buf_trans  old packets count:703
D/PJSIP   ( 2507): 14:10:50.568 send_buf_trans  old packets count:703
D/PJSIP   ( 2507): 14:10:50.577 send_buf_trans  old packets count:703
E/ait_h264_buf.c( 2507): pjmedia_capture_h264_buf_get, g_h264_buf->get_offset = 215328, g_h264_buf->length = 0, g_h264_buf->count = 0
D/PJSIP   ( 2507): 14:10:50.587 send_buf_trans  old packets count:703
D/PJSIP   ( 2507): 14:10:50.597 send_buf_trans  old packets count:703
D/PJSIP   ( 2507): 14:10:50.607 send_buf_trans  old packets count:703
D/PJSIP   ( 2507): 14:10:50.618 send_buf_trans  old packets count:703
D/PJSIP   ( 2507): 14:10:50.628 send_buf_trans  old packets count:703
D/PJSIP   ( 2507): 14:10:50.637 send_buf_trans  old packets count:703
D/PJSIP   ( 2507): 14:10:50.648 send_buf_trans  old packets count:703
E/ait_h264_buf.c( 2507): pjmedia_capture_h264_buf_put, sample->h264_size = 6127, frame_info = 41
E/ait_h264_buf.c( 2507): pjmedia_capture_h264_buf_put, g_h264_buf->put_offset = 221464, g_h264_buf->length = 6136, g_h264_buf->count = 1
D/PJSIP   ( 2507): 14:10:50.657 send_buf_trans  old packets count:703
D/PJSIP   ( 2507): 14:10:50.667 send_buf_trans  old packets count:703
D/PJSIP   ( 2507): 14:10:50.677 send_buf_trans  old packets count:703
D/PJSIP   ( 2507): 14:10:50.687 send_buf_trans  old packets count:703
W/Video   ( 2507): FPS:34
D/PJSIP   ( 2507): 14:10:50.697 send_buf_trans  old packets count:703
D/PJSIP   ( 2507): 14:10:50.707 send_buf_trans  old packets count:703
E/ait_h264_buf.c( 2507): pjmedia_capture_h264_buf_get, g_h264_buf->get_offset = 221464, g_h264_buf->length = 0, g_h264_buf->count = 0
D/PJSIP   ( 2507): 14:10:50.718 send_buf_trans  old packets count:703
D/PJSIP   ( 2507): 14:10:50.727 send_buf_trans  old packets count:703
D/PJSIP   ( 2507): 14:10:50.738 send_buf_trans  old packets count:703
D/PJSIP   ( 2507): 14:10:50.748 send_buf_trans  old packets count:703
W/ThrottleService( 1317): unable to find stats for iface rmnet0
D/PJSIP   ( 2507): 14:10:50.758 send_buf_trans  old packets count:703
E/ait_h264_buf.c( 2507): pjmedia_capture_h264_buf_put, sample->h264_size = 5863, frame_info = 41
E/ait_h264_buf.c( 2507): pjmedia_capture_h264_buf_put, g_h264_buf->put_offset = 227336, g_h264_buf->length = 5872, g_h264_buf->count = 1
D/PJSIP   ( 2507): 14:10:50.767 send_buf_trans  old packets count:703
D/NtpTrustedTime( 1317): currentTimeMillis() cache hit
D/NtpTrustedTime( 1317): currentTimeMillis() cache hit
D/PJSIP   ( 2507): 14:10:50.777 send_buf_trans  old packets count:703
E/ait_h264_buf.c( 2507): pjmedia_capture_h264_buf_get, g_h264_buf->get_offset = 227336, g_h264_buf->length = 0, g_h264_buf->count = 0
D/PJSIP   ( 2507): 14:10:50.787 send_buf_trans  old packets count:703
D/PJSIP   ( 2507): 14:10:50.797 send_buf_trans  old packets count:703
D/PJSIP   ( 2507): 14:10:50.807 send_buf_trans  old packets count:703
D/PJSIP   ( 2507): 14:10:50.817 send_buf_trans  old packets count:703
D/PJSIP   ( 2507): 14:10:50.828 send_buf_trans  old packets count:703
D/PJSIP   ( 2507): 14:10:50.838 send_buf_trans  old packets count:703
D/PJSIP   ( 2507): 14:10:50.848 send_buf_trans  old packets count:703
E/ait_h264_buf.c( 2507): pjmedia_capture_h264_buf_put, sample->h264_size = 5835, frame_info = 41
E/ait_h264_buf.c( 2507): pjmedia_capture_h264_buf_put, g_h264_buf->put_offset = 233180, g_h264_buf->length = 5844, g_h264_buf->count = 1
D/PJSIP   ( 2507): 14:10:50.857 send_buf_trans  old packets count:703
D/PJSIP   ( 2507): 14:10:50.867 send_buf_trans  old packets count:703
D/PJSIP   ( 2507): 14:10:50.877 send_buf_trans  old packets count:703
D/PJSIP   ( 2507): 14:10:50.888 send_buf_trans  old packets count:703
D/PJSIP   ( 2507): 14:10:50.897 send_buf_trans  old packets count:703
D/PJSIP   ( 2507): 14:10:50.907 send_buf_trans  old packets count:703
E/ait_h264_buf.c( 2507): pjmedia_capture_h264_buf_get, g_h264_buf->get_offset = 233180, g_h264_buf->length = 0, g_h264_buf->count = 0
D/PJSIP   ( 2507): 14:10:50.918 send_buf_trans  old packets count:703
D/PJSIP   ( 2507): 14:10:50.927 send_buf_trans  old packets count:703
D/PJSIP   ( 2507): 14:10:50.938 send_buf_trans  old packets count:703
D/PJSIP   ( 2507): 14:10:50.947 send_buf_trans  old packets count:703
E/ait_h264_buf.c( 2507): pjmedia_capture_h264_buf_put, sample->h264_size = 6216, frame_info = 41
E/ait_h264_buf.c( 2507): pjmedia_capture_h264_buf_put, g_h264_buf->put_offset = 239404, g_h264_buf->length = 6224, g_h264_buf->count = 1
D/WindowManager( 1317): interceptKeyTq keycode=66 screenIsOn=true keyguardActive=false
I/WindowManager( 1317): Handle special keys: 66 
D/PJSIP   ( 2507): 14:10:50.958 send_buf_trans  old packets count:703
D/WindowManager( 1317): interceptKeyTi keyCode=66 down=true repeatCount=0 keyguardOn=false mHomePressed=false
E/huzedong( 2507): onKeyEvent
D/PJSIP   ( 2507): 14:10:50.967 send_buf_trans  old packets count:703
D/PJSIP   ( 2507): 14:10:50.977 send_buf_trans  old packets count:703
E/ait_h264_buf.c( 2507): pjmedia_capture_h264_buf_get, g_h264_buf->get_offset = 239404, g_h264_buf->length = 0, g_h264_buf->count = 0
D/PJSIP   ( 2507): 14:10:50.987 send_buf_trans  old packets count:703
D/PJSIP   ( 2507): 14:10:50.997 send_buf_trans  old packets count:703
D/PJSIP   ( 2507): 14:10:51.007 send_buf_trans  old packets count:703
D/WindowManager( 1317): interceptKeyTq keycode=66 screenIsOn=true keyguardActive=false
I/WindowManager( 1317): Handle special keys: 66 
D/WindowManager( 1317): interceptKeyTi keyCode=66 down=false repeatCount=0 keyguardOn=false mHomePressed=false
E/huzedong( 2507): onKeyEvent
D/PJSIP   ( 2507): 14:10:51.026 send_buf_trans  old packets count:703
D/PJSIP   ( 2507): 14:10:51.042 send_buf_trans  old packets count:703
E/ait_h264_buf.c( 2507): pjmedia_capture_h264_buf_put, sample->h264_size = 21190, frame_info = 67
E/ait_h264_buf.c( 2507): pjmedia_capture_h264_buf_put, g_h264_buf->put_offset = 21200, g_h264_buf->length = 21200, g_h264_buf->count = 1
E/ait_h264_buf.c( 2507): pjmedia_capture_h264_buf_get, g_h264_buf->get_offset = 21200, g_h264_buf->length = 0, g_h264_buf->count = 0
D/PJSIP   ( 2507): 14:10:51.057 send_buf_trans  old packets count:703
D/PJSIP   ( 2507): 14:10:51.072 send_buf_trans  old packets count:703
D/PJSIP   ( 2507): 14:10:51.087 send_buf_trans  old packets count:703
D/dalvikvm( 2507): GC_FOR_ALLOC freed 367K, 7% free 48265K/51591K, paused 48ms
I/dalvikvm-heap( 2507): Grow heap (frag case) to 47.919MB for 765616-byte allocation
D/PJSIP   ( 2507): 14:10:51.102 send_buf_trans  old packets count:703
D/PJSIP   ( 2507): 14:10:51.117 send_buf_trans  old packets count:703
D/dalvikvm( 2507): GC_FOR_ALLOC freed 4K, 7% free 49008K/52359K, paused 37ms
D/PJSIP   ( 2507): 14:10:51.132 send_buf_trans  old packets count:703
D/PJSIP   ( 2507): 14:10:51.147 send_buf_trans  old packets count:703
E/ait_h264_buf.c( 2507): pjmedia_capture_h264_buf_put, sample->h264_size = 4954, frame_info = 41
E/ait_h264_buf.c( 2507): pjmedia_capture_h264_buf_put, g_h264_buf->put_offset = 26164, g_h264_buf->length = 4964, g_h264_buf->count = 1
D/PJSIP   ( 2507): 14:10:51.182 send_buf_trans  old packets count:703
E/ait_h264_buf.c( 2507): pjmedia_capture_h264_buf_get, g_h264_buf->get_offset = 26164, g_h264_buf->length = 0, g_h264_buf->count = 0
D/PJSIP   ( 2507): 14:10:51.197 send_buf_trans  old packets count:703
D/PJSIP   ( 2507): 14:10:51.222 send_buf_trans  old packets count:703
D/PJSIP   ( 2507): 14:10:51.242 send_buf_trans  old packets count:703
D/WindowManager( 1317): layout3D  = 1
D/WindowManager( 1317): layout3D sidebyside  = 32
D/PJSIP   ( 2507): 14:10:51.257 send_buf_trans  old packets count:703
E/ait_h264_buf.c( 2507): pjmedia_capture_h264_buf_put, sample->h264_size = 5901, frame_info = 41
E/ait_h264_buf.c( 2507): pjmedia_capture_h264_buf_put, g_h264_buf->put_offset = 32076, g_h264_buf->length = 5912, g_h264_buf->count = 1
D/PJSIP   ( 2507): 14:10:51.285 send_buf_trans  old packets count:703
D/PJSIP   ( 2507): 14:10:51.298 send_buf_trans  old packets count:703
D/PJSIP   ( 2507): 14:10:51.314 send_buf_trans  old packets count:703
E/ait_h264_buf.c( 2507): pjmedia_capture_h264_buf_get, g_h264_buf->get_offset = 32076, g_h264_buf->length = 0, g_h264_buf->count = 0
D/PJSIP   ( 2507): 14:10:51.337 send_buf_trans  old packets count:703
D/PJSIP   ( 2507): 14:10:51.360 send_buf_trans  old packets count:703
E/ait_h264_buf.c( 2507): pjmedia_capture_h264_buf_put, sample->h264_size = 5748, frame_info = 41
E/ait_h264_buf.c( 2507): pjmedia_capture_h264_buf_put, g_h264_buf->put_offset = 37832, g_h264_buf->length = 5756, g_h264_buf->count = 1
D/PJSIP   ( 2507): 14:10:51.376 send_buf_trans  old packets count:703
E/ait_h264_buf.c( 2507): pjmedia_capture_h264_buf_get, g_h264_buf->get_offset = 37832, g_h264_buf->length = 0, g_h264_buf->count = 0
D/PJSIP   ( 2507): 14:10:51.391 send_buf_trans  old packets count:703
D/PJSIP   ( 2507): 14:10:51.456 send_buf_trans  old packets count:703
E/ait_h264_buf.c( 2507): pjmedia_capture_h264_buf_put, sample->h264_size = 5949, frame_info = 41
E/ait_h264_buf.c( 2507): pjmedia_capture_h264_buf_put, g_h264_buf->put_offset = 43792, g_h264_buf->length = 5960, g_h264_buf->count = 1
D/PJSIP   ( 2507): 14:10:51.485 send_buf_trans  old packets count:703
D/PJSIP   ( 2507): 14:10:51.502 send_buf_trans  old packets count:703
E/ait_h264_buf.c( 2507): pjmedia_capture_h264_buf_get, g_h264_buf->get_offset = 43792, g_h264_buf->length = 0, g_h264_buf->count = 0
D/PJSIP   ( 2507): 14:10:51.522 send_buf_trans  old packets count:703
D/PJSIP   ( 2507): 14:10:51.537 send_buf_trans  old packets count:703
D/PJSIP   ( 2507): 14:10:51.555 send_buf_trans  old packets count:703
E/ait_h264_buf.c( 2507): pjmedia_capture_h264_buf_put, sample->h264_size = 4683, frame_info = 41
E/ait_h264_buf.c( 2507): pjmedia_capture_h264_buf_put, g_h264_buf->put_offset = 48484, g_h264_buf->length = 4692, g_h264_buf->count = 1
D/PJSIP   ( 2507): 14:10:51.571 send_buf_trans  old packets count:703
D/PJSIP   ( 2507): 14:10:51.586 send_buf_trans  old packets count:703
E/ait_h264_buf.c( 2507): pjmedia_capture_h264_buf_get, g_h264_buf->get_offset = 48484, g_h264_buf->length = 0, g_h264_buf->count = 0
D/PJSIP   ( 2507): 14:10:51.601 send_buf_trans  old packets count:703
D/PJSIP   ( 2507): 14:10:51.616 send_buf_trans  old packets count:703
D/PJSIP   ( 2507): 14:10:51.631 send_buf_trans  old packets count:703
D/PJSIP   ( 2507): 14:10:51.646 send_buf_trans  old packets count:703
D/PJSIP   ( 2507): 14:10:51.661 send_buf_trans  old packets count:703
E/ait_h264_buf.c( 2507): pjmedia_capture_h264_buf_put, sample->h264_size = 8043, frame_info = 41
E/ait_h264_buf.c( 2507): pjmedia_capture_h264_buf_put, g_h264_buf->put_offset = 56536, g_h264_buf->length = 8052, g_h264_buf->count = 1
D/PJSIP   ( 2507): 14:10:51.676 send_buf_trans  old packets count:703
D/PJSIP   ( 2507): 14:10:51.696 send_buf_trans  old packets count:703
D/PJSIP   ( 2507): 14:10:51.711 send_buf_trans  old packets count:703
E/ait_h264_buf.c( 2507): pjmedia_capture_h264_buf_get, g_h264_buf->get_offset = 56536, g_h264_buf->length = 0, g_h264_buf->count = 0
D/PJSIP   ( 2507): 14:10:51.728 send_buf_trans  old packets count:703
D/PJSIP   ( 2507): 14:10:51.744 send_buf_trans  old packets count:703
D/PJSIP   ( 2507): 14:10:51.760 send_buf_trans  old packets count:703
E/ait_h264_buf.c( 2507): pjmedia_capture_h264_buf_put, sample->h264_size = 5333, frame_info = 41
E/ait_h264_buf.c( 2507): pjmedia_capture_h264_buf_put, g_h264_buf->put_offset = 61880, g_h264_buf->length = 5344, g_h264_buf->count = 1
D/PJSIP   ( 2507): 14:10:51.776 send_buf_trans  old packets count:703
E/ait_h264_buf.c( 2507): pjmedia_capture_h264_buf_get, g_h264_buf->get_offset = 61880, g_h264_buf->length = 0, g_h264_buf->count = 0
D/PJSIP   ( 2507): 14:10:51.792 send_buf_trans  old packets count:705
D/PJSIP   ( 2507): 14:10:51.806 send_buf_trans  old packets count:705
D/PJSIP   ( 2507): 14:10:51.821 send_buf_trans  old packets count:705
D/PJSIP   ( 2507): 14:10:51.836 send_buf_trans  old packets count:705
D/PJSIP   ( 2507): 14:10:51.851 send_buf_trans  old packets count:705
D/PJSIP   ( 2507): 14:10:51.866 send_buf_trans  old packets count:705
E/ait_h264_buf.c( 2507): pjmedia_capture_h264_buf_put, sample->h264_size = 5668, frame_info = 41
E/ait_h264_buf.c( 2507): pjmedia_capture_h264_buf_put, g_h264_buf->put_offset = 67556, g_h264_buf->length = 5676, g_h264_buf->count = 1
D/PJSIP   ( 2507): 14:10:51.881 send_buf_trans  old packets count:705
D/PJSIP   ( 2507): 14:10:51.896 send_buf_trans  old packets count:705
D/PJSIP   ( 2507): 14:10:51.916 send_buf_trans  old packets count:705
E/ait_h264_buf.c( 2507): pjmedia_capture_h264_buf_get, g_h264_buf->get_offset = 67556, g_h264_buf->length = 0, g_h264_buf->count = 0
D/PJSIP   ( 2507): 14:10:51.931 send_buf_trans  old packets count:705
D/PJSIP   ( 2507): 14:10:51.946 send_buf_trans  old packets count:705
E/ait_h264_buf.c( 2507): pjmedia_capture_h264_buf_put, sample->h264_size = 8720, frame_info = 41
E/ait_h264_buf.c( 2507): pjmedia_capture_h264_buf_put, g_h264_buf->put_offset = 76284, g_h264_buf->length = 8728, g_h264_buf->count = 1
D/PJSIP   ( 2507): 14:10:51.961 send_buf_trans  old packets count:705
D/PJSIP   ( 2507): 14:10:51.976 send_buf_trans  old packets count:705
E/ait_h264_buf.c( 2507): pjmedia_capture_h264_buf_get, g_h264_buf->get_offset = 76284, g_h264_buf->length = 0, g_h264_buf->count = 0
D/PJSIP   ( 2507): 14:10:51.992 send_buf_trans  old packets count:710
D/PJSIP   ( 2507): 14:10:52.006 send_buf_trans  old packets count:710
D/PJSIP   ( 2507): 14:10:52.021 send_buf_trans  old packets count:710
D/PJSIP   ( 2507): 14:10:52.036 send_buf_trans  old packets count:710
D/PJSIP   ( 2507): 14:10:52.051 send_buf_trans  old packets count:710
E/ait_h264_buf.c( 2507): pjmedia_capture_h264_buf_put, sample->h264_size = 5390, frame_info = 41
E/ait_h264_buf.c( 2507): pjmedia_capture_h264_buf_put, g_h264_buf->put_offset = 81684, g_h264_buf->length = 5400, g_h264_buf->count = 1
E/ait_h264_buf.c( 2507): pjmedia_capture_h264_buf_get, g_h264_buf->get_offset = 81684, g_h264_buf->length = 0, g_h264_buf->count = 0
D/PJSIP   ( 2507): 14:10:52.066 send_buf_trans  old packets count:710
D/PJSIP   ( 2507): 14:10:52.080 send_buf_trans  old packets count:710
D/PJSIP   ( 2507): 14:10:52.096 send_buf_trans  old packets count:710
D/PJSIP   ( 2507): 14:10:52.110 send_buf_trans  old packets count:710
D/PJSIP   ( 2507): 14:10:52.131 send_buf_trans  old packets count:710
D/PJSIP   ( 2507): 14:10:52.146 send_buf_trans  old packets count:710
E/ait_h264_buf.c( 2507): pjmedia_capture_h264_buf_put, sample->h264_size = 5529, frame_info = 41
E/ait_h264_buf.c( 2507): pjmedia_capture_h264_buf_put, g_h264_buf->put_offset = 87224, g_h264_buf->length = 5540, g_h264_buf->count = 1
D/PJSIP   ( 2507): 14:10:52.160 send_buf_trans  old packets count:710
D/PJSIP   ( 2507): 14:10:52.175 send_buf_trans  old packets count:710
E/ait_h264_buf.c( 2507): pjmedia_capture_h264_buf_get, g_h264_buf->get_offset = 87224, g_h264_buf->length = 0, g_h264_buf->count = 0
D/PJSIP   ( 2507): 14:10:52.191 send_buf_trans  old packets count:716
D/PJSIP   ( 2507): 14:10:52.206 send_buf_trans  old packets count:716
D/PJSIP   ( 2507): 14:10:52.221 send_buf_trans  old packets count:716
D/PJSIP   ( 2507): 14:10:52.235 send_buf_trans  old packets count:716
D/PJSIP   ( 2507): 14:10:52.250 send_buf_trans  old packets count:716
E/ait_h264_buf.c( 2507): pjmedia_capture_h264_buf_put, sample->h264_size = 5558, frame_info = 41
E/ait_h264_buf.c( 2507): pjmedia_capture_h264_buf_put, g_h264_buf->put_offset = 92792, g_h264_buf->length = 5568, g_h264_buf->count = 1
E/ait_h264_buf.c( 2507): pjmedia_capture_h264_buf_get, g_h264_buf->get_offset = 92792, g_h264_buf->length = 0, g_h264_buf->count = 0
D/PJSIP   ( 2507): 14:10:52.265 send_buf_trans  old packets count:716
D/PJSIP   ( 2507): 14:10:52.280 send_buf_trans  old packets count:716
D/WindowManager( 1317): interceptKeyTq keycode=66 screenIsOn=true keyguardActive=false
I/WindowManager( 1317): Handle special keys: 66 
D/WindowManager( 1317): interceptKeyTi keyCode=66 down=true repeatCount=0 keyguardOn=false mHomePressed=false
D/PJSIP   ( 2507): 14:10:52.295 send_buf_trans  old packets count:716
D/PJSIP   ( 2507): 14:10:52.310 send_buf_trans  old packets count:716
D/PJSIP   ( 2507): 14:10:52.330 send_buf_trans  old packets count:716
D/PJSIP   ( 2507): 14:10:52.350 send_buf_trans  old packets count:716
E/ait_h264_buf.c( 2507): pjmedia_capture_h264_buf_put, sample->h264_size = 7553, frame_info = 41
E/ait_h264_buf.c( 2507): pjmedia_capture_h264_buf_put, g_h264_buf->put_offset = 100356, g_h264_buf->length = 7564, g_h264_buf->count = 1
D/PJSIP   ( 2507): 14:10:52.365 send_buf_trans  old packets count:716
E/ait_h264_buf.c( 2507): pjmedia_capture_h264_buf_get, g_h264_buf->get_offset = 100356, g_h264_buf->length = 0, g_h264_buf->count = 0
D/PJSIP   ( 2507): 14:10:52.387 send_buf_trans  old packets count:716
D/WindowManager( 1317): interceptKeyTq keycode=66 screenIsOn=true keyguardActive=false
I/WindowManager( 1317): Handle special keys: 66 
D/WindowManager( 1317): interceptKeyTi keyCode=66 down=false repeatCount=0 keyguardOn=false mHomePressed=false
E/StatisticService( 1317): ** Activity resuming: com.lenovo.videotalk
D/PJSIP   ( 2507): 14:10:52.400 send_buf_trans  old packets count:721
D/PJSIP   ( 2507): 14:10:52.415 send_buf_trans  old packets count:721
D/PJSIP   ( 2507): 14:10:52.425 send_buf_trans  old packets count:721
D/PJSIP   ( 2507): 14:10:52.440 send_buf_trans  old packets count:721
E/ait_h264_buf.c( 2507): pjmedia_capture_h264_buf_put, sample->h264_size = 7425, frame_info = 41
E/ait_h264_buf.c( 2507): pjmedia_capture_h264_buf_put, g_h264_buf->put_offset = 107792, g_h264_buf->length = 7436, g_h264_buf->count = 1
D/PJSIP   ( 2507): 14:10:52.451 send_buf_trans  old packets count:721
E/ait_h264_buf.c( 2507): pjmedia_capture_h264_buf_get, g_h264_buf->get_offset = 107792, g_h264_buf->length = 0, g_h264_buf->count = 0
D/PJSIP   ( 2507): 14:10:52.469 send_buf_trans  old packets count:721
D/PJSIP   ( 2507): 14:10:52.480 send_buf_trans  old packets count:721
E/huzedong( 2507): onPause in call
D/Weaver  ( 2507): |ISipRunnable|constructor function ISipRunnable()
D/Weaver  ( 2507): |SipServiceExecutor|execute in SipServiceExecutor.
D/Weaver  ( 2507): |SipServiceExecutor|enter handleMessage.
D/Weaver  ( 2507): |SipServiceExecutor|handleMessage : executeInternal.
D/Weaver  ( 2507): |SipServiceExecutor|executeInternal : try to start task.run().
D/Weaver  ( 2507): |ISipRunnable|doRun() in ISipRunnable.
D/PJSIP   ( 2507): 14:10:52.483 mediaengine_in !@@@@@@Channel ID:0 
D/Weaver  ( 2507): |SipServiceExecutor|exit execute in SipServiceExecutor.
D/PJSIP   ( 2507): 14:10:52.490 send_buf_trans !old packets count:721
D/PJSIP   ( 2507): 14:10:52.506 send_buf_trans  old packets count:721
D/PJSIP   ( 2507): 14:10:52.520 send_buf_trans  old packets count:721
D/PJSIP   ( 2507): 14:10:52.542 send_buf_trans  old packets count:721
E/ait_h264_buf.c( 2507): pjmedia_capture_h264_buf_put, sample->h264_size = 5460, frame_info = 41
E/ait_h264_buf.c( 2507): pjmedia_capture_h264_buf_put, g_h264_buf->put_offset = 113260, g_h264_buf->length = 5468, g_h264_buf->count = 1
D/PJSIP   ( 2507): 14:10:52.555 send_buf_trans  old packets count:721
D/PJSIP   ( 2507): 14:10:52.565 send_buf_trans  old packets count:721
D/PJSIP   ( 2507): 14:10:52.575 send_buf_trans  old packets count:721
D/PJSIP   ( 2507): 14:10:52.585 send_buf_trans  old packets count:721
E/ait_h264_buf.c( 2507): pjmedia_capture_h264_buf_get, g_h264_buf->get_offset = 113260, g_h264_buf->length = 0, g_h264_buf->count = 0
D/PJSIP   ( 2507): 14:10:52.595 send_buf_trans  old packets count:722
D/PJSIP   ( 2507): 14:10:52.609 send_buf_trans  old packets count:722
D/PJSIP   ( 2507): 14:10:52.620 send_buf_trans  old packets count:722
D/PJSIP   ( 2507): 14:10:52.630 send_buf_trans  old packets count:722
E/ait_h264_buf.c( 2507): pjmedia_capture_h264_buf_put, sample->h264_size = 10366, frame_info = 41
E/ait_h264_buf.c( 2507): pjmedia_capture_h264_buf_put, g_h264_buf->put_offset = 123636, g_h264_buf->length = 10376, g_h264_buf->count = 1
D/PJSIP   ( 2507): 14:10:52.648 send_buf_trans  old packets count:722
E/ait_h264_buf.c( 2507): pjmedia_capture_h264_buf_get, g_h264_buf->get_offset = 123636, g_h264_buf->length = 0, g_h264_buf->count = 0
D/PJSIP   ( 2507): 14:10:52.660 send_buf_trans  old packets count:722
D/PJSIP   ( 2507): 14:10:52.680 send_buf_trans  old packets count:722
E/VideoProducer2( 2507): pjsuaJNI.stop_capture()
D/PJSIP   ( 2507): 14:10:52.694 send_buf_trans  old packets count:722
D/PJSIP   ( 2507): 14:10:52.705 send_buf_trans  old packets count:722
D/PJSIP   ( 2507): 14:10:52.715 send_buf_trans  old packets count:722
D/PJSIP   ( 2507): 14:10:52.725 send_buf_trans  old packets count:722
D/PJSIP   ( 2507): 14:10:52.735 send_buf_trans  old packets count:722
D/PJSIP   ( 2507): 14:10:52.744 send_buf_trans  old packets count:722
D/PJSIP   ( 2507): 14:10:52.754 send_buf_trans  old packets count:722
D/PJSIP   ( 2507): 14:10:52.765 send_buf_trans  old packets count:722
D/PJSIP   ( 2507): 14:10:52.779 send_buf_trans  old packets count:722
D/PJSIP   ( 2507): 14:10:52.790 send_buf_trans  old packets count:723
I/PJSIP   ( 2507): 14:10:52.790 vstrm0x638b401  TX RTCP SR: ntp_ts=0xf3ebd98e
D/PJSIP   ( 2507): 14:10:52.799 send_buf_trans  old packets count:723
D/PJSIP   ( 2507): 14:10:52.809 send_buf_trans  old packets count:723
D/PJSIP   ( 2507): 14:10:52.819 send_buf_trans  old packets count:723
D/PJSIP   ( 2507): 14:10:52.830 send_buf_trans  old packets count:723
D/PJSIP   ( 2507): 14:10:52.839 send_buf_trans  old packets count:723
D/PJSIP   ( 2507): 14:10:52.852 send_buf_trans  old packets count:723
E/ait_camera_capture.c( 2507): camera release, camera_fd = 47
E/ait_camera_capture.c( 2507): close device
D/PJSIP   ( 2507): 14:10:52.869 send_buf_trans  old packets count:723
E/ait_camera_capture.c( 2507): after my_aitxu_release, aitxu = 0
E/VideoProducer2( 2507): stopPreview() success
D/LeBottomBarGL( 2507): Call sip service hangup in onPause
I/Weaver  ( 2507): |SipService|hangup in SipService, callId:-1,status:0
D/Weaver  ( 2507): |PjsipService|getCallSession.
D/Weaver  ( 2507): |CallNotification|update notice call status, phoneNum:60000135872 call status:ACTIVE_HANGUP isIncoming:false
D/Weaver  ( 2507): |ISipRunnable|constructor function ISipRunnable()
D/Weaver  ( 2507): |SipServiceExecutor|execute in SipServiceExecutor.
D/Weaver  ( 2507): |SipServiceExecutor|enter handleMessage.
D/Weaver  ( 2507): |SipServiceExecutor|handleMessage : executeInternal.
D/Weaver  ( 2507): |SipServiceExecutor|executeInternal : try to start task.run().
D/Weaver  ( 2507): |ISipRunnable|doRun() in ISipRunnable.
I/Weaver  ( 2507): |PjsipService|callHangup in PjsipService, callId:-1, code:0
D/Weaver  ( 2507): |PjsipService|call stop Tone in hangup.
I/Weaver  ( 2507): |ToneManager|stop tone.
D/Weaver  ( 2507): |PjsipService|getCallSession.
D/Weaver  ( 2507): |PjsipService|begin to hangup call. callId:0
D/PJSIP   ( 2507): 14:10:52.872   pjsua_call.c !Call 0 hanging up: code=0..
D/PJSIP   ( 2507): 14:10:52.872   inv0x25f8fa4  ..Set fast Bye timer.
D/PJSIP   ( 2507): 14:10:52.873 sip_endpoint.c  .... in pjsua_var.ua_cfg.cb.on_pj_handler_tx_request
D/PJSIP   ( 2507): 14:10:52.873 pjsua_wrap.cpp  ....on_pj_handler_tx_request_wrapper tangzm3
E/Weaver  ( 2507): |SipCallbackListener|on_pj_handler_tx_request callback.
W/Weaver  ( 2507): |SipCallbackListener|getToken:-02-04-021354
I/PJSIP   ( 2507): 14:10:52.873 pjsua_jni_addo  ....set_msg_header called.
W/Weaver  ( 2507): |UserInfoCloudService|**********This device SN:-02-04-021354 ,false
I/PJSIP   ( 2507): 14:10:52.873 pjsua_jni_addo  ....set_msg_header called.
D/PJSIP   ( 2507): 14:10:52.873   pjsua_core.c  ....TX 569 bytes Request msg BYE/cseq=18940 (tdta0x26ebeb0) to TCP 211.151.79.232:53:
D/PJSIP   ( 2507): BYE sip:60000135872@219.142.229.166:55510;transport=TCP;ob SIP/2.0
D/PJSIP   ( 2507): Via: SIP/2.0/TCP 219.142.229.166:34207;rport;branch=z9hG4bKPj0DZ7kADBMVT0CpjIVrfso3yZSqQKg2x9
D/PJSIP   ( 2507): Max-Forwards: 70
D/PJSIP   ( 2507): From: <sip:60000190298@211.151.79.232>;tag=Mbu5X0ABrI01mBoGeSaQFf-UqONaPowU
D/PJSIP   ( 2507): To: <sip:60000135872@211.151.79.232>;tag=8slGhA8j4M3Fh5OAiA5B3YJr0i6168-x
D/PJSIP   ( 2507): Call-ID: XhGy9Pk09siW.sJJV2fGYKPcl5tI.L8v
D/PJSIP   ( 2507): CSeq: 18940 BYE
D/PJSIP   ( 2507): Route: <sip:211.151.79.232:53;transport=tcp;lr>
D/PJSIP   ( 2507): User-Agent: TV-A21
D/PJSIP   ( 2507): token: -02-04-021354
D/PJSIP   ( 2507): instanceId: -02-04-021354
D/PJSIP   ( 2507): Content-Length:  0
D/PJSIP   ( 2507): 
D/PJSIP   ( 2507): 
D/PJSIP   ( 2507): --end msg--
D/Weaver  ( 2507): |PjsipService|hangup. try to cancel outgoing timer. callId:0
I/Weaver  ( 2507): |CallTimer|unrelated call, don't cancel outgoing call timer.
D/Weaver  ( 2507): |SipServiceExecutor|exit execute in SipServiceExecutor.
E/StatisticService( 1317): ** Activity resuming: com.lenovo.videotalk
W/ActivityManager( 1317): Duplicate finish request for ActivityRecord{416a0628 com.lenovo.videotalk/com.lenovo.vctl.weaver.ui.call.ogl.InCallActivity2}
D/PJSIP   ( 2507): 14:10:52.879 send_buf_trans !old packets count:723
D/Activity( 2486): Activity Remote Controller rcMode =  2 
D/RemoteController( 2486): setRemoteControllerMode
D/RemoteController( 2486): displayCursor( mode = false)
D/RemoteController( 2486): ---> isDisplayCursor()
D/TAG     ( 2486): --->getCurrentCursorIcon()
D/PJSIP   ( 2507): 14:10:52.884   inv0x25f8fa4 !Timer Bye fired. Disconnect the call immediately.
D/PJSIP   ( 2507): 14:10:52.884   pjsua_call.c  .PJSIP_INV_STATE_DISCONNECTED reporting!!! in pjsua_call_on_state_changed.
D/PJSIP   ( 2507): 14:10:52.884  pjsua_media.c  .Call 0: deinitializing media..
D/RemoteController( 2486): doSetRcMode mode = 2
D/RemoteControllerService( 1317): send command Mode =2, mModeChange = 30
D/RemoteControllerService( 1317): Send To Handler Remote Controller Mode = 2, Old Mode= -1, time = 1362982252885
D/IConnService( 1317): [Demo-0.01.18.0][ConnTechService]:[2013-03-11 14:10:52.887+0800][#*#setCustomState(packageName=com.lenovo.videotalk, customState=100, customPackageName=null)#*#]
D/PJSIP   ( 2507): 14:10:52.889 send_buf_trans !old packets count:723
W/____    ( 2486): onResume start
D/IConnService( 1317): [Demo-0.01.18.0][ConnTechService]:[2013-03-11 14:10:52.889+0800][#*#--ztc--9-- APP_CHANGE_STATE---> incrementId = 29#*#]
D/IConnService( 1317): [Demo-0.01.18.0][ConnTechService]:[2013-03-11 14:10:52.892+0800][#*#-- APP_CHANGE_STATE :seqId 50331677, moduleId = 8, actionId=5, mTvPackageName=com.lenovo.videotalk, mPadState=100, mPadPackageName=com.lenovo.videotalk, length=28#*#]
D/IConnService( 1317): [Demo-0.01.18.0][ConnTechService]:[2013-03-11 14:10:52.893+0800][#*#sendData() :seqId 50331677, moduleId=8, actionId=5, length=28#*#]
D/IConnService( 1317): [Demo-0.01.18.0][DataPackageSender]:[2013-03-11 14:10:52.895+0800][#*#sendDataPackage priority===>3#*#]
D/IConnService( 1317): [Demo-0.01.18.0][DataPackageSender]:[2013-03-11 14:10:52.897+0800][#*#sendDataPackage originalData.length===>56#*#]
D/PJSIP   ( 2507): 14:10:52.899 send_buf_trans  old packets count:723
D/IConnService( 1317): [Demo-0.01.18.0][DataPackageSender]:[2013-03-11 14:10:52.899+0800][#*#discardPackage priority===>3#*#]
D/IConnService( 1317): [Demo-0.01.18.0][DataPackageSender]:[2013-03-11 14:10:52.900+0800][#*#discardPackage mSubDataList.size()+count===>1#*#]
D/IConnService( 1317): [Demo-0.01.18.0][ConnTechService]:[2013-03-11 14:10:52.902+0800][#*#--End Handler-- idsMap.remove(), seqId=50331677, HashMap.size=0#*#]
D/PJSIP   ( 2507): 14:10:52.909 send_buf_trans  old packets count:723
W/____    ( 2486): onResume end
I/SurfaceView( 2486): update window set3DLayout: 1
D/WindowManager( 1317): layout3D  = 1
D/WindowManager( 1317): layout3D sidebyside  = 32
D/PJSIP   ( 2507): 14:10:52.919 send_buf_trans  old packets count:723
D/PJSIP   ( 2507): 14:10:52.930 send_buf_trans  old packets count:723
D/PJSIP   ( 2507): 14:10:52.939 send_buf_trans  old packets count:723
D/PJSIP   ( 2507): 14:10:52.949 send_buf_trans  old packets count:723
D/PJSIP   ( 2507): 14:10:52.956  pjsua_media.c !...Media stream call00:0 is destroyed
D/PJSIP   ( 2507): 14:10:52.956    pjsua_vid.c  ...Stopping video stream..
D/PJSIP   ( 2507): 14:10:52.956 ait_capture_de  ....Stopping ait camera stream AIT camera
D/PJSIP   ( 2507): 14:10:52.956    pjsua_vid.c  ....Window 1: destroying..
D/PJSIP   ( 2507): 14:10:52.956 ait_capture_de  .....Stopping ait camera stream AIT camera
D/PJSIP   ( 2507): 14:10:52.956     vid_port.c  .....Closing AIT camera..
D/PJSIP   ( 2507): 14:10:52.956 ait_capture_de  .....Stopping ait camera stream AIT camera
D/PJSIP   ( 2507): 14:10:52.956 ait_capture_de  .....Destroying AIT camera stream AIT camera
D/PJSIP   ( 2507): 14:10:52.956 opengl_video_d  .....Stopping opengl video stream
D/PJSIP   ( 2507): 14:10:52.956 opengl_video_d  .....Stopped opengl video stream
D/PJSIP   ( 2507): 14:10:52.956     vid_port.c  .....Closing OpenGL renderer..
D/PJSIP   ( 2507): 14:10:52.956 opengl_video_d  .....Destroying opengl video stream
D/PJSIP   ( 2507): 14:10:52.956 opengl_video_d  .....Stopping opengl video stream
D/PJSIP   ( 2507): 14:10:52.956 opengl_video_d  .....Stopped opengl video stream
D/PJSIP   ( 2507): 14:10:52.956 opengl_video_d  .....Destroyed opengl video stream
D/PJSIP   ( 2507): 14:10:52.957 opengl_video_d  ....Stopping opengl video stream
D/PJSIP   ( 2507): 14:10:52.959 send_buf_trans !old packets count:723
D/PJSIP   ( 2507): 14:10:52.969 send_buf_trans  old packets count:723
D/PJSIP   ( 2507): 14:10:52.979 send_buf_trans  old packets count:723
D/PJSIP   ( 2507): 14:10:52.989 send_buf_trans  old packets count:723
D/PJSIP   ( 2507): 14:10:52.999 send_buf_trans  old packets count:723
W/vctl    ( 2486): rv.initRvTexture(): 0
W/vctl    ( 2486): LeViewGL: sc.initTexture(): 0
W/vctl    ( 2486): LeContactGL: gv.initTexture(): 3
W/vctl    ( 2486): LeContactGL: ch.initTexture(): 0
W/vctl    ( 2486): LeContactGL: 3
W/vctl    ( 2486): LeViewGL: sc.initTexture(): 0
W/vctl    ( 2486): LeHistoryGL: 1
W/w       ( 2486): LeToolGL.buildTexture: bmp==null
W/vctl    ( 2486): LeViewGL: Error
W/vctl    ( 2486): LeDialGL: 3
D/PJSIP   ( 2507): 14:10:53.010 send_buf_trans  old packets count:723
D/PJSIP   ( 2507): 14:10:53.019 send_buf_trans  old packets count:723
D/PJSIP   ( 2507): 14:10:53.029 send_buf_trans  old packets count:723
D/PJSIP   ( 2507): 14:10:53.039 send_buf_trans  old packets count:723
D/PJSIP   ( 2507): 14:10:53.049 send_buf_trans  old packets count:723
D/PJSIP   ( 2507): 14:10:53.059 send_buf_trans  old packets count:740
D/dalvikvm( 2486): GC_CONCURRENT freed 2682K, 6% free 48157K/51079K, paused 1ms+5ms
W/vctl    ( 2486): LeMeGL: 60
W/vctl    ( 2486): LeToastGL: 0
W/vctl    ( 2486): LeLoadingGL: 0
W/vctl    ( 2486): LeDetailGL: 1: 0
W/vctl    ( 2486): LeViewGL: sc.initTexture(): 0
W/vctl    ( 2486): LeDetailGL: 2: 1
W/vctl    ( 2486): LeDetailGL: 1
D/PJSIP   ( 2507): 14:10:53.069 send_buf_trans  old packets count:740
D/PJSIP   ( 2507): 14:10:53.079 send_buf_trans  old packets count:740
D/PJSIP   ( 2507): 14:10:53.089 send_buf_trans  old packets count:740
W/vctl    ( 2486): LeViewGL: sc.initTexture(): 0
W/vctl    ( 2486): LeViewGL: sc.initTexture(): 0
W/vctl    ( 2486): LeUserPhotoListGL: 24
W/vctl    ( 2486): rv.initTexture(): 92
W/w       ( 2486): Error
W/w       ( 2486): Error
I/Weaver  ( 2486): |PictureManager|Get image from SD card!
D/PJSIP   ( 2507): 14:10:53.099 send_buf_trans  old packets count:740
W/MountService( 1317): getVolumeState(/mnt/sdcard): Unknown volume
W/vctl    ( 2486): LeViewGL.LeGridViewGL: LeGridViewGL: cant get bmp = http://p3.ifaceshow.com/a/2013/0204/1837/5f353415_1f5afff9df67a0_tv_b.jpg
W/vctl    ( 2486): imageUrl: http://p3.ifaceshow.com/a/2013/0204/1837/5f353415_1f5afff9df67a0_tv_b.jpg
D/PJSIP   ( 2507): 14:10:53.109 opengl_video_d !....Stopped opengl video stream
D/PJSIP   ( 2507): 14:10:53.109    pjsua_vid.c  ....Window 0: destroying..
D/PJSIP   ( 2507): 14:10:53.109 opengl_video_d  .....Stopping opengl video stream
D/PJSIP   ( 2507): 14:10:53.120 send_buf_trans !old packets count:740
D/PJSIP   ( 2507): 14:10:53.139 send_buf_trans  old packets count:740
D/PJSIP   ( 2507): 14:10:53.149 send_buf_trans  old packets count:740
D/PJSIP   ( 2507): 14:10:53.160 send_buf_trans  old packets count:740
D/WindowManager( 1317): layout3D  = 1
D/WindowManager( 1317): layout3D sidebyside  = 32
D/skia_jpeg( 2486): $$$onDecode jpeg_create_decompress
D/skia_jpeg( 2486): 
D/skia_jpeg( 2486): *******jpeg_start_decompress*******,out_color_space = 6
D/skia_jpeg( 2486): 2.1 image_width = 268, image_height = 268
D/skia_jpeg( 2486): 
D/skia_jpeg( 2486): ****-->SW MODE
D/skia_jpeg( 2486): $$$onDecode recompute_sampleSize
D/PJSIP   ( 2507): 14:10:53.251 send_buf_trans  old packets count:740
D/PJSIP   ( 2507): 14:10:53.259 opengl_video_d !.....Stopped opengl video stream
D/PJSIP   ( 2507): 14:10:53.259     vid_port.c  .....Closing OpenGL renderer..
D/PJSIP   ( 2507): 14:10:53.259 opengl_video_d  .....Destroying opengl video stream
D/PJSIP   ( 2507): 14:10:53.259 opengl_video_d  .....Stopping opengl video stream
D/dalvikvm( 2486): GC_FOR_ALLOC freed 1536K, 6% free 48249K/51079K, paused 55ms
D/PJSIP   ( 2507): 14:10:53.264 send_buf_trans !old packets count:740
I/SurfaceView( 2486): update window set3DLayout: 1
D/WindowManager( 1317): layout3D  = 1
D/WindowManager( 1317): layout3D sidebyside  = 32
