I/SurfaceView( 2486): update window set3DLayout: 1
D/WindowManager( 1317): layout3D  = 1
D/WindowManager( 1317): layout3D sidebyside  = 32
D/PJSIP   ( 2507): 14:10:53.312 send_buf_trans  old packets count:740
D/Weaver  ( 2486): |PictureManager|Save image to client.
D/PJSIP   ( 2507): 14:10:53.324 send_buf_trans  old packets count:743
W/MountService( 1317): getVolumeState(/mnt/sdcard): Unknown volume
W/Weaver  ( 2486): |PictureManager|TV SD have no space!
D/PJSIP   ( 2507): 14:10:53.334 send_buf_trans  old packets count:743
D/PJSIP   ( 2507): 14:10:53.344 send_buf_trans  old packets count:743
D/PJSIP   ( 2507): 14:10:53.354 send_buf_trans  old packets count:743
D/PJSIP   ( 2507): 14:10:53.364 send_buf_trans  old packets count:743
D/PJSIP   ( 2507): 14:10:53.374 send_buf_trans  old packets count:743
I/Process ( 1317): Sending signal. PID: 2486 SIG: 3
D/PJSIP   ( 2507): 14:10:53.387 send_buf_trans  old packets count:743
I/dalvikvm( 2486): threadid=3: reacting to signal 3
D/PJSIP   ( 2507): 14:10:53.399 send_buf_trans  old packets count:744
I/dalvikvm( 2486): Wrote stack traces to '/data/anr/traces.txt'
D/PJSIP   ( 2507): 14:10:53.409 send_buf_trans  old packets count:744
D/PJSIP   ( 2507): 14:10:53.414 opengl_video_d !.....Stopped opengl video stream
D/PJSIP   ( 2507): 14:10:53.414 opengl_video_d  .....Destroyed opengl video stream
I/PJSIP   ( 2507): 14:10:53.414   vid_stream.c  ....pjmedia_tbuf_destroy
D/PJSIP   ( 2507): 14:10:53.421   vid_stream.c  ....destroy remb and bitrate controller
D/PJSIP   ( 2507): 14:10:53.421 bitrate_contro  ....destory bitrate controller
I/PJSIP   ( 2507): 14:10:53.428 vstdec0x638b40  ....JB summary:
I/PJSIP   ( 2507):   size=0/eff=0 prefetch=25 level=0
I/PJSIP   ( 2507):   delay (min/max/avg/dev)=0/0/0/0 ms
I/PJSIP   ( 2507):   burst (min/max/avg/dev)=0/0/0/0 frames
I/PJSIP   ( 2507):   lost=0 discard=0 empty=1244
D/PJSIP   ( 2507): 14:10:53.436  pjsua_media.c  ...Media stream call00:1 is destroyed
D/PJSIP   ( 2507): 14:10:53.436        icetp00  ..Stopping ICE, reason=media stop requested
D/PJSIP   ( 2507): 14:10:53.436        icetp00  ..Destroying ICE session
D/PJSIP   ( 2507): 14:10:53.437 udprel0x260c2e  ...Request to shutdown in state Ready, cause:0
D/PJSIP   ( 2507): 14:10:53.438 udprel0x260c2e  ...State changed Ready --> Deallocating
D/PJSIP   ( 2507): 14:10:53.438 udprel0x26a7b1  ...Request to shutdown in state Ready, cause:0
D/PJSIP   ( 2507): 14:10:53.438 udprel0x26a7b1  ...State changed Ready --> Deallocating
D/PJSIP   ( 2507): 14:10:53.439        icetp00  ...ICE stream transport destroyed
D/PJSIP   ( 2507): 14:10:53.439        icetp01  ..Stopping ICE, reason=media stop requested
D/PJSIP   ( 2507): 14:10:53.439        icetp01  ..Destroying ICE session
D/PJSIP   ( 2507): 14:10:53.439 udprel0x262c89  ...Request to shutdown in state Ready, cause:0
D/PJSIP   ( 2507): 14:10:53.440 udprel0x262c89  ...State changed Ready --> Deallocating
D/PJSIP   ( 2507): 14:10:53.440 udprel0x25e431  ...Request to shutdown in state Ready, cause:0
D/PJSIP   ( 2507): 14:10:53.440 udprel0x25e431  ...State changed Ready --> Deallocating
D/PJSIP   ( 2507): 14:10:53.440        icetp01  ...ICE stream transport destroyed
D/PJSIP   ( 2507): 14:10:53.441  pjsua_media.c  .Exit pjsua_media_channel_deinit.
D/PJSIP   ( 2507): 14:10:53.441   pjsua_call.c  .Start relay_dealloc_caller in pjsua_call_on_state_changed.
D/PJSIP   ( 2507): 14:10:53.441   pjsua_call.c  .Finish relay_dealloc_caller in pjsua_call_on_state_changed.
D/PJSIP   ( 2507): 14:10:53.441   pjsua_call.c  .Start clear_relay_end_info in pjsua_call_on_state_changed.
D/PJSIP   ( 2507): 14:10:53.441 relay_helper.c  .the relay end info session(callid:0) is going to release...
D/PJSIP   ( 2507): 14:10:53.441 relay_helper.c  .the relay end info session(callid:0) is released.
D/PJSIP   ( 2507): 14:10:53.441   pjsua_call.c  .Finish clear_relay_end_info in pjsua_call_on_state_changed.
D/PJSIP   ( 2507): 14:10:53.441 pjsua_jni_addo  .call ring_stop in app_on_call_state.
I/PJSIP   ( 2507): 14:10:53.441 pjsua_jni_addo  .Call 0 is DISCONNECTED [reason=200 (Normal call clearing)]
D/Weaver  ( 2507): |SipCallbackListener|on_call_state.
D/Weaver  ( 2507): |CallManager|role:UAC
I/Weaver  ( 2507): |CallManager|----------------print call session start--------------
I/Weaver  ( 2507): |CallManager|callId:0
I/Weaver  ( 2507): |CallManager|Sip call id:XhGy9Pk09siW.sJJV2fGYKPcl5tI.L8v
I/Weaver  ( 2507): |CallManager|remoteContact:<sip:60000135872@211.151.79.232:53>
I/Weaver  ( 2507): |CallManager|isIncoming:false
I/Weaver  ( 2507): |CallManager|callState:6
I/Weaver  ( 2507): |CallManager|mediaState:0
I/Weaver  ( 2507): |CallManager|confPort:-1
I/Weaver  ( 2507): |CallManager|connectStart:13222989
I/Weaver  ( 2507): |CallManager|lastStatusText:
I/Weaver  ( 2507): |CallManager|----------------print call session end--------------
I/Weaver  ( 2507): |SipCallbackListener|in on_call_state.callSession.getLastStatusCode():200
D/Weaver  ( 2507): |ISipRunnable|constructor function ISipRunnable(Object o)
D/Weaver  ( 2507): |SipServiceExecutor|execute in SipServiceExecutor.
D/Weaver  ( 2507): |SipServiceExecutor|enter handleMessage.
D/Weaver  ( 2507): |SipServiceExecutor|handleMessage : executeInternal.
D/Weaver  ( 2507): |SipServiceExecutor|executeInternal : try to start task.run().
D/Weaver  ( 2507): |ISipRunnable|doRun() in ISipRunnable.
D/Weaver  ( 2507): |CallManager|updateSessionFromCallInfo, callId:0
D/Weaver  ( 2507): |MediaManager|stopAnnoucing.
D/Weaver  ( 2507): |MediaManager|stopRing:already stopped.
D/Weaver  ( 2507): |SipCallbackListener|handle on_call_state.
D/Weaver  ( 2507): |SipCallbackListener|handle on_call_state:disconnected.callId:0
D/Weaver  ( 2507): |MediaManager|stopRing:already stopped.
D/Weaver  ( 2507): |SipCallbackListener|call stop Tone in DISCONNECTED. 
I/Weaver  ( 2507): |ToneManager|stop tone.
W/Weaver  ( 2507): |SipCallbackListener|Call disconnected, last status code: 200
W/Weaver  ( 2507): |SipCallbackListener|not processed status code:200
I/Weaver  ( 2507): |SipCallbackListener|call disconnected, try to cancel outgoing timer. callId:0
I/Weaver  ( 2507): |CallTimer|unrelated call, don't cancel outgoing call timer.
D/Weaver  ( 2507): |CallNotification|update notice call status, phoneNum:60000135872 call status:DISCONNECTED isIncoming:false
D/Weaver  ( 2507): |SipCallbackListener|begin to send broadcast:call state changed.
D/Weaver  ( 2507): |SipCallbackListener|onBroadcastCallState.callId:0
W/FPS     ( 2486): FPS:35
D/Weaver  ( 2507): |SipServiceExecutor|exit execute in SipServiceExecutor.
D/PJSIP   ( 2507): 14:10:53.452   pjsua_core.c  .RX 390 bytes Response msg 200/BYE/cseq=18940 (rdata0x24fb9c4) from TCP 211.151.79.232:53:
D/PJSIP   ( 2507): SIP/2.0 200 OK
D/PJSIP   ( 2507): Via: SIP/2.0/TCP 219.142.229.166:34207;rport=34207;branch=z9hG4bKPj0DZ7kADBMVT0CpjIVrfso3yZSqQKg2x9
D/PJSIP   ( 2507): Call-ID: XhGy9Pk09siW.sJJV2fGYKPcl5tI.L8v
D/PJSIP   ( 2507): From: <sip:60000190298@211.151.79.232>;tag=Mbu5X0ABrI01mBoGeSaQFf-UqONaPowU
D/PJSIP   ( 2507): To: <sip:60000135872@211.151.79.232>;tag=8slGhA8j4M3Fh5OAiA5B3YJr0i6168-x
D/PJSIP   ( 2507): CSeq: 18940 BYE
D/PJSIP   ( 2507): token: 46357747
D/PJSIP   ( 2507): instanceId: 46357747
D/PJSIP   ( 2507): Content-Length:  0
D/PJSIP   ( 2507): 
D/PJSIP   ( 2507): 
D/PJSIP   ( 2507): --end msg--
I/PJSIP   ( 2507): 14:10:53.452        timer.c  ..PJCANCEL:cancel,_timer_id:-1,max_size:126
I/PJSIP   ( 2507): 
D/PJSIP   ( 2507): 14:10:53.461 udprel0x260c2e  .State changed Deallocating --> Deallocated
D/PJSIP   ( 2507): 14:10:53.461 udprel0x260c2e  .Request to shutdown in state Deallocated, cause:0
D/PJSIP   ( 2507): 14:10:53.461 udprel0x260c2e  .State changed Deallocated --> Destroying
D/PJSIP   ( 2507): 14:10:53.461 udprel0x26a7b1  .State changed Deallocating --> Deallocated
D/PJSIP   ( 2507): 14:10:53.461 udprel0x26a7b1  .Request to shutdown in state Deallocated, cause:0
D/PJSIP   ( 2507): 14:10:53.462 udprel0x26a7b1  .State changed Deallocated --> Destroying
D/PJSIP   ( 2507): 14:10:53.462 udprel0x260c2e  start do_destroy,sess = 0x2502594,sess->timer.id = 0
D/PJSIP   ( 2507): 14:10:53.462 udprel0x260c2e  in do_destroy,sess = 0x2502594,sess->timer.id is TIMER_NONE
D/PJSIP   ( 2507): 14:10:53.462 udprel0x260c2e  TURN client session destroyed
D/PJSIP   ( 2507): 14:10:53.462 udprel0x26a7b1  start do_destroy,sess = 0x2660a5c,sess->timer.id = 0
D/PJSIP   ( 2507): 14:10:53.462 udprel0x26a7b1  in do_destroy,sess = 0x2660a5c,sess->timer.id is TIMER_NONE
D/PJSIP   ( 2507): 14:10:53.462 udprel0x26a7b1  TURN client session destroyed
D/PJSIP   ( 2507): 14:10:53.462 udprel0x262c89  .State changed Deallocating --> Deallocated
D/PJSIP   ( 2507): 14:10:53.462 udprel0x262c89  .Request to shutdown in state Deallocated, cause:0
D/PJSIP   ( 2507): 14:10:53.462 udprel0x262c89  .State changed Deallocated --> Destroying
I/PJSIP   ( 2507): 14:10:53.462        timer.c  .PJCANCEL:cancel,slot:6,cur_size:6
I/PJSIP   ( 2507): 
D/PJSIP   ( 2507): 14:10:53.463 udprel0x262c89  start do_destroy,sess = 0x2505fa4,sess->timer.id = 0
D/PJSIP   ( 2507): 14:10:53.463 udprel0x262c89  in do_destroy,sess = 0x2505fa4,sess->timer.id is TIMER_NONE
D/PJSIP   ( 2507): 14:10:53.463 udprel0x262c89  TURN client session destroyed
D/PJSIP   ( 2507): 14:10:53.465 udprel0x25e431  .State changed Deallocating --> Deallocated
D/PJSIP   ( 2507): 14:10:53.465 udprel0x25e431  .Request to shutdown in state Deallocated, cause:0
D/PJSIP   ( 2507): 14:10:53.465 udprel0x25e431  .State changed Deallocated --> Destroying
I/PJSIP   ( 2507): 14:10:53.465        timer.c  .PJCANCEL:cancel,slot:4,cur_size:4
I/PJSIP   ( 2507): 
D/PJSIP   ( 2507): 14:10:53.465 udprel0x25e431  start do_destroy,sess = 0x25ebc04,sess->timer.id = 0
D/PJSIP   ( 2507): 14:10:53.465 udprel0x25e431  in do_destroy,sess = 0x25ebc04,sess->timer.id is TIMER_NONE
D/PJSIP   ( 2507): 14:10:53.465 udprel0x25e431  TURN client session destroyed
I/SurfaceView( 2507): update window set3DLayout: 1
D/WindowManager( 1317): layout3D  = 1
D/WindowManager( 1317): layout3D sidebyside  = 32
D/WindowManager( 1317): layout3D  = 1
D/WindowManager( 1317): layout3D sidebyside  = 32
E/WindowManager( 2507): Activity com.lenovo.vctl.weaver.ui.call.ogl.InCallActivity2 has leaked window com.android.internal.policy.impl.PhoneWindow$DecorView@43a2a7a8 that was originally added here
E/WindowManager( 2507): android.view.WindowLeaked: Activity com.lenovo.vctl.weaver.ui.call.ogl.InCallActivity2 has leaked window com.android.internal.policy.impl.PhoneWindow$DecorView@43a2a7a8 that was originally added here
E/WindowManager( 2507): 	at android.view.ViewRootImpl.<init>(ViewRootImpl.java:344)
E/WindowManager( 2507): 	at android.view.WindowManagerImpl.addView(WindowManagerImpl.java:267)
E/WindowManager( 2507): 	at android.view.WindowManagerImpl.addView(WindowManagerImpl.java:215)
E/WindowManager( 2507): 	at android.view.WindowManagerImpl$CompatModeWrapper.addView(WindowManagerImpl.java:140)
E/WindowManager( 2507): 	at android.view.Window$LocalWindowManager.addView(Window.java:549)
E/WindowManager( 2507): 	at android.app.Dialog.show(Dialog.java:278)
E/WindowManager( 2507): 	at com.lenovo.vctl.weaver.ui.call.ogl.YNDialog.show(YNDialog.java:116)
E/WindowManager( 2507): 	at com.lenovo.vctl.weaver.ui.call.ogl.ShowDialogManger.initYNDialog(ShowDialogManger.java:33)
E/WindowManager( 2507): 	at com.lenovo.vctl.weaver.ui.call.ogl.InCallActivity2.initYNDialog(InCallActivity2.java:48)
E/WindowManager( 2507): 	at com.lenovo.vctl.weaver.ui.call.ogl.LeBottomBarGL$6.onKeyEvent(LeBottomBarGL.java:612)
E/WindowManager( 2507): 	at com.lenovo.vctl.weaver.ui.call.ogl.ViewContainer.onKeyEvent(ViewContainer.java:207)
E/WindowManager( 2507): 	at com.lenovo.vctl.weaver.ui.call.ogl.SubMainGLViewNormal.onKeyEvent(SubMainGLViewNormal.java:232)
E/WindowManager( 2507): 	at com.lenovo.vctl.weaver.ui.call.ogl.LeRootViewGL.onKeyEvent(LeRootViewGL.java:303)
E/WindowManager( 2507): 	at com.lenovo.vctl.weaver.ui.call.ogl.InCallActivity2.dispatchKeyEvent(InCallActivity2.java:173)
E/WindowManager( 2507): 	at com.android.internal.policy.impl.PhoneWindow$DecorView.dispatchKeyEvent(PhoneWindow.java:1828)
E/WindowManager( 2507): 	at android.view.ViewRootImpl.deliverKeyEventPostIme(ViewRootImpl.java:3327)
E/WindowManager( 2507): 	at android.view.ViewRootImpl.handleFinishedEvent(ViewRootImpl.java:3300)
E/WindowManager( 2507): 	at android.view.ViewRootImpl.handleMessage(ViewRootImpl.java:2460)
E/WindowManager( 2507): 	at android.os.Handler.dispatchMessage(Handler.java:99)
E/WindowManager( 2507): 	at android.os.Looper.loop(Looper.java:137)
E/WindowManager( 2507): 	at android.app.ActivityThread.main(ActivityThread.java:4424)
E/WindowManager( 2507): 	at java.lang.reflect.Method.invokeNative(Native Method)
E/WindowManager( 2507): 	at java.lang.reflect.Method.invoke(Method.java:511)
E/WindowManager( 2507): 	at com.android.internal.os.ZygoteInit$MethodAndArgsCaller.run(ZygoteInit.java:793)
E/WindowManager( 2507): 	at com.android.internal.os.ZygoteInit.main(ZygoteInit.java:560)
E/WindowManager( 2507): 	at dalvik.system.NativeStart.main(Native Method)
D/WindowManager( 1317): interceptKeyTq keycode=176 screenIsOn=true keyguardActive=false
I/WindowManager( 1317): Handle special keys: 176 
D/WindowManager( 1317): interceptKeyTi keyCode=176 down=true repeatCount=0 keyguardOn=false mHomePressed=false
I/Activity( 2486): keycode =176KeyAction = 0
I/Activity( 2486): onFnKeyDown:keycode =176KeyAction = 0
I/PhoneWindow( 2486): keycode:176Key down: repeat=0 flags=0x8
D/WindowManager( 1317): interceptKeyTq keycode=176 screenIsOn=true keyguardActive=false
I/WindowManager( 1317): Handle special keys: 176 
D/WindowManager( 1317): interceptKeyTi keyCode=176 down=false repeatCount=0 keyguardOn=false mHomePressed=false
I/Activity( 2486): keycode =176KeyAction = 1
I/Activity( 2486): onFnKeyUp:keycode =176KeyAction = 1
I/ActivityManager( 1317): START {act=lenovo.intent.action.SETTINGS flg=0x10200000 cmp=com.lenovo.nebula.settings/.MainActivity} from pid 2486
E/StatisticService( 1317): ** Activity strting com.lenovo.nebula.settings
D/StatisticService( 1317): addMessage messages:{"event":"app_exit","properties":{"title":"","duratio
D/StatisticService( 1317): addMessage messages:n":"97","time":1362982254,"code":"com.lenovo.videotalk"}
D/StatisticService( 1317): addMessage messages:{"event":"app_start","properties":{"title":"","ti
D/StatisticService( 1317): addMessage messages:me":1362982254,"code":"com.lenovo.nebula.settings"}
W/____    ( 2486): onPause start
W/____    ( 2486): onPause hideCurser
I/debug_tag( 1973): MainActivity.onCreate:300--> (main)  onCreate	com.lenovo.nebula.settings.MainActivity@411c1b48
D/SettingsApplication( 1973): screenPos is null
D/SettingsApplication( 1973): screen Pos is NONE isLargeMode : false
D/PerformanceRecorder( 1973): MainActivity onCreate----actionPatch- cost 0 ms
I/SettingsMainActivity( 1973): ========= Header fragment on attach ===========
I/scenic  ( 1973): HeadersFragment.onCreate:138--> (main)  onCreate
I/SettingsMainActivity( 1973): ========= Header fragment on create ===========
I/scenic  ( 1973): HeadersFragment.onCreate:171--> (main)  language is 2
D/PerformanceRecorder( 1973): HeadersFragment onCreate mClassMap init:  cost 1 ms
I/scenic  ( 1973): HeadersFragment.onCreateView:183--> (main)  onCreateView
D/PerformanceRecorder( 1973): MainActivity onCreate----senContentView: cost 25 ms
D/PerformanceRecorder( 1973): MainActivity -- loadRes--initHeadFragment cost 0 ms
I/scenic  ( 1973): MainActivity.loadRes:634--> (main)  IsFirstLaunch is true
D/PerformanceRecorder( 1973): MainActivity onCreate----loadRes: cost 1 ms
E/Launcher( 1991): |ERROR|onBind|com.lenovo.dll.nebula.launcher.RemoteConnection|
E/Launcher( 1991): |ERROR|not null|com.lenovo.dll.nebula.launcher.RemoteConnection|
I/scenic  ( 1973): HeadersFragment.onActivityCreated:195--> (main)  onActivityCreated
I/scenic  ( 1973): HeadersFragment.onActivityCreated:212--> (main)  savedInstanceState is null
D/PerformanceRecorder( 1973): HeaderFragment ---onActivityCreated cost 2 ms
I/debug_tag( 1973): MainActivity.onStart:394--> (main)  onStart	com.lenovo.nebula.settings.MainActivity@411c1b48
I/scenic  ( 1973): HeadersFragment.onStart:227--> (main)  onStart
I/debug_tag( 1973): MainActivity.onResume:433--> (main)  onResume	com.lenovo.nebula.settings.MainActivity@411c1b48
D/MTKTvManager( 1973): getCurrentSource
D/MTKTvManager( 1973): application: com.lenovo.nebula.settings
I/scenic  ( 1973): MainActivity.updateMenuDisappearTime:719--> (main)   will send message to finish activity  senconde is 0
I/scenic  ( 1973): HeadersFragment.switchFragment:321--> (main)  args is  categoryName is com.lenovo.nebula.settings.CommonFragment fragName is com.lenovo.nebula.settings.CommonFragment
I/scenic  ( 1973): HeadersFragment.switchFragment:325--> (main)  HeadPreSelect : 0.0
I/scenic  ( 1973): HeadersFragment.switchFragment:331--> (main)  HeadPreSelect Y is 0.0  mSelectedPos 0
D/PerformanceRecorder( 1973): MainActivity ----- onResume -- updateDetailFragment cost 10 ms
D/Activity( 1973): Activity Remote Controller rcMode =  0 
D/RemoteController( 1973): setRemoteControllerMode
D/RemoteController( 1973): displayCursor( mode = false)
D/RemoteController( 1973): ---> isDisplayCursor()
D/TAG     ( 1973): --->getCurrentCursorIcon()
D/RemoteController( 1973): doSetRcMode mode = 0
D/RemoteControllerService( 1317): send command Mode =1, mModeChange = 31
D/RemoteControllerService( 1317): Send To Handler Remote Controller Mode = 1, Old Mode= -1, time = 1362982254541
I/ApplicationContext( 1973): registerService(CONNTECH_SERVICE,...) (ConnTech)
D/IConnService( 1317): [Demo-0.01.18.0][ConnTechService]:[2013-03-11 14:10:54.545+0800][#*#setCustomState(packageName=com.lenovo.nebula.settings, customState=100, customPackageName=null)#*#]
D/IConnService( 1317): [Demo-0.01.18.0][ConnTechService]:[2013-03-11 14:10:54.546+0800][#*#--ztc--9-- APP_CHANGE_STATE---> incrementId = 30#*#]
I/scenic  ( 1973): HeadersFragment.onResume:233--> (main)  onResume
D/IConnService( 1317): [Demo-0.01.18.0][ConnTechService]:[2013-03-11 14:10:54.549+0800][#*#-- APP_CHANGE_STATE :seqId 50331678, moduleId = 8, actionId=5, mTvPackageName=com.lenovo.nebula.settings, mPadState=100, mPadPackageName=com.lenovo.nebula.settings, length=34#*#]
I/scenic  ( 1973): HeadersFragment.onResume:242--> (main)  set right item
I/FragSwitcher( 1973): pop
I/scenic  ( 1973): HeadersFragment$1.run:348--> (Thread-99)  wait 
D/IConnService( 1317): [Demo-0.01.18.0][ConnTechService]:[2013-03-11 14:10:54.552+0800][#*#sendData() :seqId 50331678, moduleId=8, actionId=5, length=34#*#]
I/scenic  ( 1973): FragSwitcher.switchTo:47--> (main)  new Frag name iscom.lenovo.nebula.settings.CommonFragment  args null
I/FragSwitcher( 1973): before add, count = 0
I/FragSwitcher( 1973): add
D/PerformanceRecorder( 1973): HeaderFragment ---onResume cost 4 ms
I/Common_Debug( 1973): CommonFragment.onCreate:48--> (main)  onCreate
I/Common_Debug( 1973): CommonFragment.onCreateView:55--> (main)  onCreateView
D/IConnService( 1317): [Demo-0.01.18.0][DataPackageSender]:[2013-03-11 14:10:54.555+0800][#*#sendDataPackage priority===>3#*#]
D/IConnService( 1317): [Demo-0.01.18.0][DataPackageSender]:[2013-03-11 14:10:54.557+0800][#*#sendDataPackage originalData.length===>62#*#]
D/IConnService( 1317): [Demo-0.01.18.0][DataPackageSender]:[2013-03-11 14:10:54.559+0800][#*#discardPackage priority===>3#*#]
D/IConnService( 1317): [Demo-0.01.18.0][DataPackageSender]:[2013-03-11 14:10:54.561+0800][#*#discardPackage mSubDataList.size()+count===>1#*#]
D/IConnService( 1317): [Demo-0.01.18.0][ConnTechService]:[2013-03-11 14:10:54.565+0800][#*#--End Handler-- idsMap.remove(), seqId=50331678, HashMap.size=0#*#]
I/scenic  ( 1973): HeadersFragment$1.run:348--> (Thread-99)  wait 
I/Common_Debug( 1973): CommonFragment.onActivityCreated:62--> (main)  onActivityCreated
I/scenic  ( 1973): HeadersFragment$1.run:348--> (Thread-99)  wait 
I/scenic  ( 1973): HeadersFragment$1.run:348--> (Thread-99)  wait 
I/scenic  ( 1973): HeadersFragment$1.run:348--> (Thread-99)  wait 
I/scenic  ( 1973): HeadersFragment$1.run:348--> (Thread-99)  wait 
I/scenic  ( 1973): HeadersFragment$1.run:348--> (Thread-99)  wait 
I/scenic  ( 1973): HeadersFragment$1.run:348--> (Thread-99)  wait 
I/SettingsSeekBar( 1973): SettingsSeekBar.<init>:80--> (main)  SettingsSeekBar Constructor
I/scenic  ( 1973): HeadersFragment$1.run:348--> (Thread-99)  wait 
I/scenic  ( 1973): HeadersFragment$1.run:348--> (Thread-99)  wait 
D/PerformanceRecorder( 1973): commonTopView--- loadRes cost 119 ms
I/scenic  ( 1973): HeadersFragment$1.run:348--> (Thread-99)  wait 
I/scenic  ( 1973): HeadersFragment$1.run:348--> (Thread-99)  wait 
I/scenic  ( 1973): HeadersFragment$1.run:348--> (Thread-99)  wait 
I/scenic  ( 1973): HeadersFragment$1.run:348--> (Thread-99)  wait 
D/AutoCompleteView( 1973): AutoCompleteEditText
I/scenic  ( 1973): HeadersFragment$1.run:348--> (Thread-99)  wait 
D/SettingsChooseText( 1973): setEnabled else false
I/scenic  ( 1973): CityNameUtil.initCityName:69--> (main)  initCityName
I/scenic  ( 1973): CityNameUtil.initCityName:77--> (main)  City Code is 101010100
D/CityNameUtil( 1973): enter initCityNameByDb; 
D/CityNameUtil( 1973): enter getWeatherCityNameByCode; 
D/SettingsChooseText( 1973): setEnabled else isFocused
I/scenic  ( 1973): HeadersFragment$1.run:348--> (Thread-99)  wait 
D/TVSettingsAccessor( 1973): s4_switch...... getInt: 0
D/SettingsChooseText( 1973): setEnabled else isFocused
I/scenic  ( 1973): MainActivity.darkHeader:577--> (main)  darkHeader
D/SettingsMainActivity( 1973): dark header does not execute
D/SettingsMainActivity( 1973): first = true
D/SettingsMainActivity( 1973): action = lenovo.intent.action.SETTINGS
D/SettingsMainActivity( 1973): focus = true
D/SettingsMainActivity( 1973): .......................setResume
I/Common_Debug( 1973): CommonFragment.onResume:100--> (main)  onResume
I/scenic  ( 1973): CommonTopView.onResume:199--> (main)  onresume
D/TVSettingsAccessor( 1973): menu_language...... getInt: 0
D/SettingsChooseText( 1973): setEnabled else isFocused
D/SettingsChooseText( 1973): setEnabled else isFocused
I/scenic  ( 1973): HeadersFragment$1.run:348--> (Thread-99)  wait 
D/SettingsChooseText( 1973): setEnabled else false
D/SettingsChooseText( 1973): setEnabled else isFocused
D/SettingsChooseText( 1973): setEnabled else isFocused
D/TVSettingsAccessor( 1973): timing_shutdown...... getInt: 0
D/SettingsChooseText( 1973): setEnabled else isFocused
D/SettingsChooseText( 1973): setEnabled else isFocused
D/TvServiceAdapter( 1973): ++++++ add a cmd +++++++++
D/TvServiceAdapter( 1973): ++++++ handler remove msg +++++++++
D/TvServiceAdapter( 1973): ++++++ handler send msg +++++++++
I/scenic  ( 1973): MainActivity.updateMenuDisappearTime:719--> (main)   will send message to finish activity  senconde is 0
D/TVSettingsAccessor( 1973): menu_translator...... getInt: 20
I/SettingsSeekBar( 1973): SettingsSeekBar.onProgressChanged:132--> (main)  onProgressChanged  seekBar is android.widget.SeekBar@419fe6d0  progress is 20  fromUser is false
I/scenic  ( 1973): HeadersFragment$1.run:348--> (Thread-99)  wait 
I/SettingsSeekBar( 1973): SettingsSeekBar.onProgressChanged:149--> (main)  SeekBar proper : isFocused is false isEnable is true
I/SettingsSeekBar( 1973): SettingsSeekBar.onProgressChanged:153--> (main)  set seekbar able
D/PerformanceRecorder( 1973): CommonTopView onResume:  cost 21 ms
D/PerformanceRecorder( 1973): CommonFragment onResume cost 26 ms
I/scenic  ( 1973): MainActivity$3.onServiceConnected:823--> (main)   get Launcher Service com.lenovo.dll.nebula.launcher.RemoteInterface$Stub$Proxy@41a436a0
I/scenic  ( 1973): HeadersFragment$1.run:348--> (Thread-99)  wait 
D/TvServiceAdapter( 1973): bind service ret = true
D/TvServiceAdapter( 1973): ++++++ handle bind msg +++++++++
D/TVSettingsService( 2025): onCreate before
I/scenic  ( 1973): HeadersFragment$1.run:348--> (Thread-99)  wait 
D/CmdQueue( 2025): mWorkerThread start
I/TVSettingsService( 2025): onCreate
I/TVSettingsService( 2025): on bind
I/scenic  ( 1973): MainActivity.onAttachedToWindow:294--> (main)  onAttachedToWindow
I/scenic  ( 1973): HeadersFragment$1.run:348--> (Thread-99)  wait 
I/scenic  ( 2025): CmdQueue$2.onServiceConnected:100--> (main)  get executeCmdInMain refrence
I/scenic  ( 1973): ChoiceModeListView.onTouchModeChanged:87--> (main)  isIntouchMode is false
I/scenic  ( 1973): HeadersFragment$1.run:348--> (Thread-99)  wait 
I/scenic  ( 1973): HeadersFragment$1.run:348--> (Thread-99)  wait 
I/scenic  ( 1973): HeadersFragment$1.run:348--> (Thread-99)  wait 
I/scenic  ( 1973): HeadersFragment$1.run:348--> (Thread-99)  wait 
D/WindowManager( 1317): layout3D  = 1
D/WindowManager( 1317): layout3D sidebyside  = 32
I/scenic  ( 1973): HeadersFragment$1.run:348--> (Thread-99)  wait 
I/Process ( 1317): Sending signal. PID: 1973 SIG: 3
I/dalvikvm( 1973): threadid=3: reacting to signal 3
I/dalvikvm( 1973): Wrote stack traces to '/data/anr/traces.txt'
I/scenic  ( 1973): HeadersFragment$1.run:348--> (Thread-99)  wait 
I/scenic  ( 1973): HeadersFragment$1.run:348--> (Thread-99)  wait 
D/TvServiceAdapter( 1973): ++++++ handler remove msg +++++++++
D/TvServiceAdapter( 1973): ++++++ handler send msg +++++++++
D/TvServiceAdapter( 1973): bind tv service successfully, send do message
I/scenic  ( 1973): HeadersFragment$1$1.run:356--> (main)   isFirstEnterSettingFromOtherApp() false
I/debug   ( 1973): HeadersFragment$1$1.run:371--> (main)  isFocused is true
D/TVSettingsService( 2025): getType position: 3
D/TVSettingsService( 2025): CmdOperator.Type.values().length: 4
D/TVSettingsService( 2025): enter getType if
D/TVSettingsService( 2025): types[pos]: COMMON
D/TVSettingsService( 2025): type: COMMON
D/TVSettingsService( 2025): aCmd.TYPE : COMMON
D/TVSettingsService( 2025): getCmd position: 20
D/TVSettingsService( 2025): Cmd.values().length: 53
D/TVSettingsService( 2025): enter getCmd if
D/TVSettingsService( 2025):  Cmd.values()[pos]: CMD_SET_COMMON_MENU_DISAPPEAR_TIME
D/TVSettingsService( 2025): cmd: CMD_SET_COMMON_MENU_DISAPPEAR_TIME
D/TVSettingsService( 2025): aCmd.CMD : CMD_SET_COMMON_MENU_DISAPPEAR_TIME
D/TVSettingsService( 2025): aCmd.PARAM : 0
D/TVSettingsService( 2025): aCmd.PARAM2 : 0
D/TVSettingsService( 2025): ret : true
D/TvServiceAdapter( 1973): ++++++ handle do msg +++++++++
I/ActivityManager( 1317): Displayed com.lenovo.nebula.settings/.MainActivity: +1s15ms
I/CmdQueue( 2025): execute common cmd
D/TVSettingsAccessor( 2025): menu_disappear_time++++++ putInt: 0
D/TVSettingsAccessor( 2025): menu_disappear_time++++++ getInt: 0
I/scenic  ( 2025): CmdQueue.execute:554--> (main)   ret is false cmd is Cmd [TYPE=COMMON, NAME=CMD_SET_COMMON_MENU_DISAPPEAR_TIME, PARAM=0, PARAM2=0] cmd execute time is 1
D/WindowManager( 1317): interceptKeyTq keycode=20 screenIsOn=true keyguardActive=false
I/WindowManager( 1317): Handle special keys: 20 
D/WindowManager( 1317): interceptKeyTi keyCode=20 down=true repeatCount=0 keyguardOn=false mHomePressed=false
D/focus   ( 1973): current focus is com.lenovo.nebula.settings.components.ChoiceModeListView@411a5828
D/keycode ( 1973): current keycode is 20
D/SettingsMainActivity( 1973): listview up or down, select id = 0
D/WindowManager( 1317): interceptKeyTq keycode=20 screenIsOn=true keyguardActive=false
I/WindowManager( 1317): Handle special keys: 20 
D/WindowManager( 1317): interceptKeyTi keyCode=20 down=false repeatCount=0 keyguardOn=false mHomePressed=false
D/focus   ( 1973): current focus is com.lenovo.nebula.settings.components.ChoiceModeListView@411a5828
D/keycode ( 1973): current keycode is 20
D/SettingsMainActivity( 1973): listview up or down, select id = 1
D/WindowManager( 1317): interceptKeyTq keycode=20 screenIsOn=true keyguardActive=false
I/WindowManager( 1317): Handle special keys: 20 
D/WindowManager( 1317): interceptKeyTi keyCode=20 down=true repeatCount=0 keyguardOn=false mHomePressed=false
D/focus   ( 1973): current focus is com.lenovo.nebula.settings.components.ChoiceModeListView@411a5828
D/keycode ( 1973): current keycode is 20
D/SettingsMainActivity( 1973): listview up or down, select id = 1
D/WindowManager( 1317): interceptKeyTq keycode=20 screenIsOn=true keyguardActive=false
I/WindowManager( 1317): Handle special keys: 20 
D/WindowManager( 1317): interceptKeyTi keyCode=20 down=false repeatCount=0 keyguardOn=false mHomePressed=false
D/focus   ( 1973): current focus is com.lenovo.nebula.settings.components.ChoiceModeListView@411a5828
D/keycode ( 1973): current keycode is 20
D/SettingsMainActivity( 1973): listview up or down, select id = 2
D/WindowManager( 1317): interceptKeyTq keycode=20 screenIsOn=true keyguardActive=false
I/WindowManager( 1317): Handle special keys: 20 
D/WindowManager( 1317): interceptKeyTi keyCode=20 down=true repeatCount=0 keyguardOn=false mHomePressed=false
D/focus   ( 1973): current focus is com.lenovo.nebula.settings.components.ChoiceModeListView@411a5828
D/keycode ( 1973): current keycode is 20
D/SettingsMainActivity( 1973): listview up or down, select id = 2
D/WindowManager( 1317): interceptKeyTq keycode=20 screenIsOn=true keyguardActive=false
I/WindowManager( 1317): Handle special keys: 20 
D/WindowManager( 1317): interceptKeyTi keyCode=20 down=false repeatCount=0 keyguardOn=false mHomePressed=false
D/focus   ( 1973): current focus is com.lenovo.nebula.settings.components.ChoiceModeListView@411a5828
D/keycode ( 1973): current keycode is 20
D/SettingsMainActivity( 1973): listview up or down, select id = 3
D/WindowManager( 1317): interceptKeyTq keycode=20 screenIsOn=true keyguardActive=false
I/WindowManager( 1317): Handle special keys: 20 
D/WindowManager( 1317): interceptKeyTi keyCode=20 down=true repeatCount=0 keyguardOn=false mHomePressed=false
D/focus   ( 1973): current focus is com.lenovo.nebula.settings.components.ChoiceModeListView@411a5828
D/keycode ( 1973): current keycode is 20
D/SettingsMainActivity( 1973): listview up or down, select id = 3
D/WindowManager( 1317): interceptKeyTq keycode=20 screenIsOn=true keyguardActive=false
I/WindowManager( 1317): Handle special keys: 20 
D/WindowManager( 1317): interceptKeyTi keyCode=20 down=false repeatCount=0 keyguardOn=false mHomePressed=false
D/focus   ( 1973): current focus is com.lenovo.nebula.settings.components.ChoiceModeListView@411a5828
D/keycode ( 1973): current keycode is 20
D/SettingsMainActivity( 1973): listview up or down, select id = 5
W/FPS     ( 2486): FPS:34
D/WindowManager( 1317): interceptKeyTq keycode=66 screenIsOn=true keyguardActive=false
I/WindowManager( 1317): Handle special keys: 66 
D/WindowManager( 1317): interceptKeyTi keyCode=66 down=true repeatCount=0 keyguardOn=false mHomePressed=false
D/WindowManager( 1317): interceptKeyTq keycode=66 screenIsOn=true keyguardActive=false
I/WindowManager( 1317): Handle special keys: 66 
D/WindowManager( 1317): interceptKeyTi keyCode=66 down=false repeatCount=0 keyguardOn=false mHomePressed=false
D/focus   ( 1973): current focus is com.lenovo.nebula.settings.components.ChoiceModeListView@411a5828
D/keycode ( 1973): current keycode is 66
D/focus   ( 1973): current focus is com.lenovo.nebula.settings.components.ChoiceModeListView@411a5828
D/keycode ( 1973): current keycode is 66
I/FragSwitcher( 1973): pop
I/scenic  ( 1973): FragSwitcher.switchTo:47--> (main)  new Frag name iscom.lenovo.nebula.settings.network.NetworkFragment  args null
I/FragSwitcher( 1973): before add, count = 1
I/FragSwitcher( 1973): add
I/Common_Debug( 1973): CommonFragment.onPause:140--> (main)  onPause
D/CityNameUtil( 1973): onPause input valid
I/Common_Debug( 1973): CommonFragment.onStop:88--> (main)  onStop
I/Common_Debug( 1973): CommonFragment.onDestroy:82--> (main)  onDestroy
D/NetworkFragment( 1973): -onCreateView
D/NetworkFragment( 1973): -getTextView !!!
D/UpdateNetworkInfoAdapter( 1973): ++++++ handler remove msg +++++++++
D/UpdateNetworkInfoAdapter( 1973): ++++++ handler send msg +++++++++
I/scenic  ( 1973): HeadersFragment.setHeadMoveSelectorGone:584--> (main)  headMoveSelector is GONE
D/NetworkFragment( 1973): -onActivityCreated
D/NetworkFragment( 1973): -onResume
I/scenic  ( 1973): MainActivity.updateMenuDisappearTime:719--> (main)   will send message to finish activity  senconde is 0
D/NetworkFragment( 1973): -refreshViews
D/UpdateNetworkInfoAdapter( 1973): return IsEthernet null!
D/UpdateNetworkInfoAdapter( 1973): ++++++ handler remove msg +++++++++
D/UpdateNetworkInfoAdapter( 1973): ++++++ handler send msg +++++++++
D/UpdateNetworkInfoAdapter( 1973): return name null!
D/UpdateNetworkInfoAdapter( 1973): ++++++ handler remove msg +++++++++
D/UpdateNetworkInfoAdapter( 1973): ++++++ handler send msg +++++++++
D/UpdateNetworkInfoAdapter( 1973): return ipaddr null!
D/UpdateNetworkInfoAdapter( 1973): ++++++ handler remove msg +++++++++
D/UpdateNetworkInfoAdapter( 1973): ++++++ handler send msg +++++++++
D/NetworkFragment( 1973): -   getIpAddr() = 
D/UpdateNetworkInfoAdapter( 1973): return ipaddr null!
D/UpdateNetworkInfoAdapter( 1973): ++++++ handler remove msg +++++++++
D/UpdateNetworkInfoAdapter( 1973): ++++++ handler send msg +++++++++
D/UpdateNetworkInfoAdapter( 1973): return speed null!
D/UpdateNetworkInfoAdapter( 1973): ++++++ handler remove msg +++++++++
D/UpdateNetworkInfoAdapter( 1973): ++++++ handler send msg +++++++++
D/NetworkFragment( 1973): -   getSpeed() = 
D/UpdateNetworkInfoAdapter( 1973): return speed null!
D/UpdateNetworkInfoAdapter( 1973): ++++++ handler remove msg +++++++++
D/UpdateNetworkInfoAdapter( 1973): ++++++ handler send msg +++++++++
D/UpdateNetworkInfoAdapter( 1973): return WifiLevel null!
D/UpdateNetworkInfoAdapter( 1973): ++++++ handler remove msg +++++++++
D/UpdateNetworkInfoAdapter( 1973): ++++++ handler send msg +++++++++
D/UpdateNetworkInfoAdapter( 1973): return subnetmask null!
D/UpdateNetworkInfoAdapter( 1973): ++++++ handler remove msg +++++++++
D/UpdateNetworkInfoAdapter( 1973): ++++++ handler send msg +++++++++
D/NetworkFragment( 1973): -   getSubnetMask() = 
D/UpdateNetworkInfoAdapter( 1973): return subnetmask null!
D/UpdateNetworkInfoAdapter( 1973): ++++++ handler remove msg +++++++++
D/UpdateNetworkInfoAdapter( 1973): ++++++ handler send msg +++++++++
D/UpdateNetworkInfoAdapter( 1973): return gateway null!
D/UpdateNetworkInfoAdapter( 1973): ++++++ handler remove msg +++++++++
D/UpdateNetworkInfoAdapter( 1973): ++++++ handler send msg +++++++++
D/NetworkFragment( 1973): -   getGateway() = 
D/UpdateNetworkInfoAdapter( 1973): return gateway null!
D/UpdateNetworkInfoAdapter( 1973): ++++++ handler remove msg +++++++++
D/UpdateNetworkInfoAdapter( 1973): ++++++ handler send msg +++++++++
D/UpdateNetworkInfoAdapter( 1973): return DNS null!
D/UpdateNetworkInfoAdapter( 1973): ++++++ handler remove msg +++++++++
D/UpdateNetworkInfoAdapter( 1973): ++++++ handler send msg +++++++++
D/NetworkFragment( 1973): -   getDNS() = 
D/UpdateNetworkInfoAdapter( 1973): return DNS null!
D/UpdateNetworkInfoAdapter( 1973): ++++++ handler remove msg +++++++++
D/UpdateNetworkInfoAdapter( 1973): ++++++ handler send msg +++++++++
D/UpdateNetworkInfoAdapter( 1973): return IsDHCP null!
D/UpdateNetworkInfoAdapter( 1973): ++++++ handler remove msg +++++++++
D/UpdateNetworkInfoAdapter( 1973): ++++++ handler send msg +++++++++
I/scenic  ( 1973): MainActivity.darkHeader:577--> (main)  darkHeader
D/SettingsMainActivity( 1973): dark header
D/SettingsMainActivity( 1973): first = false
D/SettingsMainActivity( 1973): action = lenovo.intent.action.SETTINGS
D/SettingsMainActivity( 1973): focus = false
D/SettingsMainActivity( 1973): .......................setResume
D/UpdateNetworkInfoService( 2321): onCreate!!!
I/ethernet( 1317): User ask for device name on 0, list:20B2D80, total:1
V/EthernetService( 1317): device 0 name eth0
D/UpdateNetworkInfoAdapter( 1973): bind service ret = true
D/UpdateNetworkInfoAdapter( 1973): ++++++ handle bind msg +++++++++
D/UpdateNetworkInfoService( 2321): initDeviceName ss != null!!!
D/UpdateNetworkInfoService( 2321):    get device name : eth0
D/UpdateNetworkInfoService( 2321): initNetworkInfo!
D/UpdateNetworkInfoService( 2321): activeNetInfo type is TYPE_ETHERNET!
D/UpdateNetworkInfoService( 2321): getEthernetInfoFromConn!
D/UpdateNetworkInfoService( 2321):    getTextInfo mSpeed = 100Mbps
D/UpdateNetworkInfoService( 2321):    get EthernetInfo!!!
D/UpdateNetworkInfoService( 2321):    getTextInfo mName = 
D/UpdateNetworkInfoService( 2321):    getTextInfo mIpAddr = 192.168.1.100
D/UpdateNetworkInfoService( 2321):    getTextInfo mSubnetMask = 255.255.255.0
D/UpdateNetworkInfoService( 2321):    getTextInfo mGateway = 192.168.1.1
D/UpdateNetworkInfoService( 2321):    getTextInfo mDNS = 192.168.1.1
D/UpdateNetworkInfoService( 2321):    getTextInfo mIsDHCP = true
D/UpdateNetworkInfoService( 2321): --registerReceiver
D/UpdateNetworkInfoService( 2321): onBind!!!
D/UpdateNetworkInfoService( 2321): ConnectivityManager.CONNECTIVITY_ACTION_IMMEDIATE
D/UpdateNetworkInfoService( 2321):      synchronized begin
D/UpdateNetworkInfoService( 2321):   getActiveNetworkType
D/UpdateNetworkInfoAdapter( 1973): ++++++ handler remove msg +++++++++
D/UpdateNetworkInfoAdapter( 1973): ++++++ handler send msg +++++++++
D/UpdateNetworkInfoAdapter( 1973): bind tv service successfully, send do message
D/UpdateNetworkInfoService( 2321): -updateConnectivity networkType = 9
D/UpdateNetworkInfoService( 2321): -updateConnectivity TYPE_ETHERNET!!!
D/UpdateNetworkInfoService( 2321): -------------------------------------refreshViews
D/UpdateNetworkInfoAdapter( 1973): ++++++ handle do msg +++++++++
D/NetworkFragment( 1973): RefreshBroadcastReceiver onReceive!!!
D/NetworkFragment( 1973): -refreshViews
D/UpdateNetworkInfoService( 2321): getEthernetInfoFromConn!
D/UpdateNetworkInfoService( 2321):    getTextInfo mSpeed = 100Mbps
D/UpdateNetworkInfoService( 2321):    get EthernetInfo!!!
D/NetworkFragment( 1973): -   getIpAddr() = 192.168.1.100
D/UpdateNetworkInfoService( 2321):    getTextInfo mName = 
D/UpdateNetworkInfoService( 2321):    getTextInfo mIpAddr = 192.168.1.100
D/UpdateNetworkInfoService( 2321):    getTextInfo mSubnetMask = 255.255.255.0
D/UpdateNetworkInfoService( 2321):    getTextInfo mGateway = 192.168.1.1
D/UpdateNetworkInfoService( 2321):    getTextInfo mDNS = 192.168.1.1
D/UpdateNetworkInfoService( 2321):    getTextInfo mIsDHCP = true
D/UpdateNetworkInfoService( 2321): -------------------------------------refreshViews
D/UpdateNetworkInfoService( 2321):      synchronized end
D/NetworkFragment( 1973): -   getSpeed() = 100Mbps
D/NetworkFragment( 1973): -   getSubnetMask() = 255.255.255.0
D/NetworkFragment( 1973): -   getGateway() = 192.168.1.1
D/NetworkFragment( 1973): -   getDNS() = 192.168.1.1
D/NetworkFragment( 1973): RefreshBroadcastReceiver onReceive!!!
D/NetworkFragment( 1973): -refreshViews
D/NetworkFragment( 1973): -   getIpAddr() = 192.168.1.100
D/NetworkFragment( 1973): -   getSpeed() = 100Mbps
D/NetworkFragment( 1973): -   getSubnetMask() = 255.255.255.0
D/NetworkFragment( 1973): -   getGateway() = 192.168.1.1
D/NetworkFragment( 1973): -   getDNS() = 192.168.1.1
I/Launcher( 1991): |INFO|,2013/03/11,2:11,,,|com.lenovo.dll.nebula.launcher.DateManager|
W/FPS     ( 2486): FPS:31
W/FPS     ( 2486): FPS:33
W/FPS     ( 2486): FPS:33
D/AndroidRuntime( 4861): 
D/AndroidRuntime( 4861): >>>>>> AndroidRuntime START com.android.internal.os.RuntimeInit <<<<<<
D/AndroidRuntime( 4861): CheckJNI is ON
I/AndroidRuntime( 4861): JNI options: '-Xjniopts:warnonly'
W/dalvikvm( 4861): JNI WARNING: input is not valid Modified UTF-8: illegal start byte 0xff
W/dalvikvm( 4861):              string: ''
W/dalvikvm( 4861):              in Landroid/os/SystemProperties;.native_get:(Ljava/lang/String;Ljava/lang/String;)Ljava/lang/String; (NewStringUTF)
I/ethernet( 4861): Loading ethernet jni class
D/AndroidRuntime( 4861): Calling main entry com.android.commands.pm.Pm
I/PackageManager( 1317): Removing non-system package:com.lenovo.videotalk
I/ActivityManager( 1317): Force stopping package com.lenovo.videotalk uid=10045
I/ActivityManager( 1317): Killing proc 2507:com.lenovo.vctl.weaver.alert/10045: force stop
I/ActivityManager( 1317): Killing proc 2486:com.lenovo.videotalk/10045: force stop
W/FPS     ( 2486): FPS:32
I/ActivityManager( 1317):   Force finishing activity ActivityRecord{41a43430 com.lenovo.videotalk/com.lenovo.vctl.weaver.ui.WeaverHome}
W/AudioService( 1317):   AudioFocus   audio focus client died
I/AudioService( 1317):  AudioFocus  abandonAudioFocus(): removing entry for AudioFocus_For_Phone_Ring_And_Calls
W/AudioService( 1317): setMode() client died
I/AudioService( 1317):  AudioFocus  abandonAudioFocus() from AudioFocus_For_Phone_Ring_And_Calls
I/WindowManager( 1317): WIN DEATH: Window{416a7498 SurfaceView paused=false}
I/WindowManager( 1317): WIN DEATH: Window{415af0f8 com.lenovo.videotalk/com.lenovo.vctl.weaver.ui.WeaverHome paused=true}
I/ActivityManager( 1317): Force stopping package com.lenovo.videotalk uid=10045
D/dalvikvm( 2288): GC_EXPLICIT freed 559K, 4% free 18421K/19079K, paused 1ms+5ms
I/Launcher( 1991): |INFO|onReceive :android.intent.action.PACKAGE_REMOVED|com.lenovo.dll.nebula.launcher.app.PackageChangedReceiver|
I/Launcher( 1991): |INFO|uninstall package:com.lenovo.videotalk|com.lenovo.dll.nebula.launcher.app.PackageChangedReceiver|
I/Launcher( 1991): |INFO|delete data from database|com.lenovo.dll.nebula.launcher.app.provider.AppContentProvider|
D/dalvikvm( 2448): GC_EXPLICIT freed 142K, 7% free 4734K/5063K, paused 1ms+1ms
I/ActivityManager( 1317): Start proc tv.ismar.daiup for broadcast tv.ismar.daiup/.proxy.BootReceiver: pid=4871 uid=10001 gids={3003, 1015}
D/PackageManager( 1317): generateServicesMap(android.accounts.AccountAuthenticator): 0 services unchanged
D/PackageManager( 1317): generateServicesMap(android.content.SyncAdapter): 3 services unchanged
I/Launcher( 1991): |INFO|sendBroadcast : ACTION_DELETE_SUCCESS|com.lenovo.dll.nebula.launcher.app.PackageChangedReceiver|
D/BackupManagerService( 1317): Received broadcast Intent { act=android.intent.action.PACKAGE_REMOVED dat=package:com.lenovo.videotalk flg=0x10000010 (has extras) }
V/BackupManagerService( 1317): removePackageParticipantsLocked: #1
I/Launcher( 1991): |INFO|FavoriteApp Count : 2|com.lenovo.dll.nebula.launcher.app.AppFragmentHandler|
I/AudioService( 1317):  AudioFocus  abandonAudioFocus() from android.media.AudioManager@41380bc8
I/Launcher( 1991): |INFO|synchronized lock|com.lenovo.dll.nebula.launcher.app.AppFragmentHandler|
I/NebulaApp( 2288): com.lenovo.nebula.app.NebulaAppActivity$UnInstallReceiver|INFO|Receive : lenovo.action.DELETE_SUCCESS
I/NebulaApp( 2288): com.lenovo.nebula.app.NebulaAppHandler|INFO|Query Apps
I/Launcher( 1991): |INFO| mFavoriteApps.size()3|com.lenovo.dll.nebula.launcher.app.AppScreen|
I/NebulaApp( 2288): com.lenovo.nebula.app.NebulaAppHandler|INFO|Cursor count :2
D/AppLockUtil( 2288): ===== app lock sql = packagename='com.ddmap.lenovotv' and activityname='com.ddmap.lenovotv.activity.LogoActivity'
I/CommandQueue( 3111): MSG_remove_notification
D/StatusBar( 3111): in removeNotification IBinder:android.os.BinderProxy@411d40b0
D/StatusBar( 3111): deleteOneData is 0
D/AppLockUtil( 1991): ===== app lock sql = packagename='com.lenovo.tv.appstore' and activityname='com.lenovo.tv.appstore.TvMain'
D/NtpTrustedTime( 1317): currentTimeMillis() cache hit
D/Proxy   ( 4871): setHttpProxySystemProperty :null:null - null
I/CommandQueue( 3111): MSG_remove_notification
D/StatusBar( 3111): in removeNotification IBinder:android.os.BinderProxy@411d13c8
D/StatusBar( 3111): deleteOneData is 0
I/System.out( 2178): query...
I/CommandQueue( 3111): MSG_remove_notification
D/StatusBar( 3111): in removeNotification IBinder:android.os.BinderProxy@411ce6e0
D/StatusBar( 3111): deleteOneData is 0
D/NtpTrustedTime( 1317): currentTimeMillis() cache hit
D/AppLockUtil( 1991): ===== app lock sql = packagename='com.ddmap.lenovotv' and activityname='com.ddmap.lenovotv.activity.LogoActivity'
I/System.out( 2178): query...
I/System.out( 2178): query...
D/NtpTrustedTime( 1317): currentTimeMillis() cache hit
I/ActivityManager( 1317): Start proc com.android.keychain for broadcast com.android.keychain/.KeyChainBroadcastReceiver: pid=4887 uid=1000 gids={3003, 1015, 2001}
D/NtpTrustedTime( 1317): currentTimeMillis() cache hit
I/CommandQueue( 3111): MSG_remove_notification
D/StatusBar( 3111): in removeNotification IBinder:android.os.BinderProxy@411cba00
D/StatusBar( 3111): deleteOneData is 0
D/Proxy   ( 4887): setHttpProxySystemProperty :null:null - null
I/CommandQueue( 3111): MSG_remove_notification
D/StatusBar( 3111): in removeNotification IBinder:android.os.BinderProxy@411c8d20
D/StatusBar( 3111): deleteOneData is 0
D/NtpTrustedTime( 1317): currentTimeMillis() cache hit
D/NtpTrustedTime( 1317): currentTimeMillis() cache hit
I/CommandQueue( 3111): MSG_remove_notification
D/StatusBar( 3111): in removeNotification IBinder:android.os.BinderProxy@411c6060
D/StatusBar( 3111): deleteOneData is 0
D/AppLockUtil( 2288): ===== app lock sql = packagename='com.lenovo.tv.appstore' and activityname='com.lenovo.tv.appstore.TvMain'
I/CommandQueue( 3111): MSG_remove_notification
D/StatusBar( 3111): in removeNotification IBinder:android.os.BinderProxy@411c3258
D/StatusBar( 3111): deleteOneData is 0
I/PushApiReceiver.onReceive()( 1628): received:android.intent.action.PACKAGE_REMOVED
D/NtpTrustedTime( 1317): currentTimeMillis() cache hit
I/CommandQueue( 3111): MSG_remove_notification
D/StatusBar( 3111): in removeNotification IBinder:android.os.BinderProxy@411c0430
D/StatusBar( 3111): deleteOneData is 0
I/CommandQueue( 3111): MSG_remove_notification
D/StatusBar( 3111): in removeNotification IBinder:android.os.BinderProxy@411bd608
D/StatusBar( 3111): deleteOneData is 0
I/CommandQueue( 3111): MSG_remove_notification
D/StatusBar( 3111): in removeNotification IBinder:android.os.BinderProxy@411b8550
D/StatusBar( 3111): deleteOneData is 0
I/CommandQueue( 3111): MSG_remove_notification
D/StatusBar( 3111): in removeNotification IBinder:android.os.BinderProxy@411a8588
I/CommandQueue( 3111): MSG_remove_notification
D/StatusBar( 3111): in removeNotification IBinder:android.os.BinderProxy@411a8630
I/CommandQueue( 3111): MSG_remove_notification
D/StatusBar( 3111): in removeNotification IBinder:android.os.BinderProxy@411a8690
D/MessagerCenterServices( 3111): in services BroadcastReceiver action: com.lenovo.msg.center.getData
D/MessagerCenterServices( 3111): in services BroadcastReceiver action: com.lenovo.msg.center.getData
D/MessagerCenterServices( 3111): in services BroadcastReceiver action: com.lenovo.msg.center.getData
D/MessagerCenterServices( 3111): in services BroadcastReceiver action: com.lenovo.msg.center.getData
D/MessagerCenterServices( 3111): in services BroadcastReceiver action: com.lenovo.msg.center.getData
D/MessagerCenterServices( 3111): in services BroadcastReceiver action: com.lenovo.msg.center.getData
D/MessagerCenterServices( 3111): in services BroadcastReceiver action: com.lenovo.msg.center.getData
D/MessagerCenterServices( 3111): in services BroadcastReceiver action: com.lenovo.msg.center.getData
D/MessagerCenterServices( 3111): in services BroadcastReceiver action: com.lenovo.msg.center.getData
D/MessagerCenterServices( 3111): in services BroadcastReceiver action: com.lenovo.msg.center.getData
D/MessagerCenterServices( 3111): isInActivity=false  msg.what=0
D/MessagerCenterServices( 3111): isInActivity=false  msg.what=0
D/MessagerCenterServices( 3111): isInActivity=false  msg.what=0
D/MessagerCenterServices( 3111): isInActivity=false  msg.what=0
D/MessagerCenterServices( 3111): isInActivity=false  msg.what=0
D/MessagerCenterServices( 3111): isInActivity=false  msg.what=0
D/MessagerCenterServices( 3111): isInActivity=false  msg.what=0
D/MessagerCenterServices( 3111): isInActivity=false  msg.what=0
D/MessagerCenterServices( 3111): isInActivity=false  msg.what=0
D/MessagerCenterServices( 3111): isInActivity=false  msg.what=0
I/System.out( 2178): query...
D/dalvikvm( 4887): GC_CONCURRENT freed 207K, 7% free 4235K/4551K, paused 1ms+1ms
D/RK_PushApiService( 1628): com.lenovo.leos.push.intent.ACTION_PUSH_APP_REMOVED
I/System.out( 1628): args :  package_name
I/System.out( 1628): value :  com.lenovo.videotalk
D/VoicemailCleanupService( 2448): Cleaning up data for package: com.lenovo.videotalk
D/NtpTrustedTime( 1317): currentTimeMillis() cache hit
D/NtpTrustedTime( 1317): currentTimeMillis() cache hit
W/dalvikvm( 2448): threadid=13: thread exiting with uncaught exception (group=0x40da91f8)
E/AndroidRuntime( 2448): FATAL EXCEPTION: IntentService[VoicemailCleanupService]
E/AndroidRuntime( 2448): java.lang.SecurityException: The caller must have permission: com.android.voicemail.permission.ADD_VOICEMAIL
E/AndroidRuntime( 2448): 	at com.android.providers.contacts.VoicemailPermissions.checkCallerHasOwnVoicemailAccess(VoicemailPermissions.java:52)
E/AndroidRuntime( 2448): 	at com.android.providers.contacts.VoicemailContentProvider.checkPermissionsAndCreateUriData(VoicemailContentProvider.java:301)
E/AndroidRuntime( 2448): 	at com.android.providers.contacts.VoicemailContentProvider.delete(VoicemailContentProvider.java:129)
E/AndroidRuntime( 2448): 	at android.content.ContentProvider$Transport.delete(ContentProvider.java:213)
E/AndroidRuntime( 2448): 	at android.content.ContentResolver.delete(ContentResolver.java:822)
E/AndroidRuntime( 2448): 	at com.android.providers.contacts.VoicemailCleanupService.handleIntentInternal(VoicemailCleanupService.java:51)
E/AndroidRuntime( 2448): 	at com.android.providers.contacts.VoicemailCleanupService.onHandleIntent(VoicemailCleanupService.java:40)
E/AndroidRuntime( 2448): 	at android.app.IntentService$ServiceHandler.handleMessage(IntentService.java:65)
E/AndroidRuntime( 2448): 	at android.os.Handler.dispatchMessage(Handler.java:99)
E/AndroidRuntime( 2448): 	at android.os.Looper.loop(Looper.java:137)
E/AndroidRuntime( 2448): 	at android.os.HandlerThread.run(HandlerThread.java:60)
