D/dalvikvm( 1317): GC_EXPLICIT freed 1384K, 69% free 9230K/29575K, paused 2ms+10ms
W/JavaBinder( 1317): Binder has been finalized when calling linkToDeath() with recip=0x1d400005)
D/AndroidRuntime( 4861): Shutting down VM
D/dalvikvm( 4861): GC_CONCURRENT freed 100K, 78% free 462K/2048K, paused 0ms+0ms
D/dalvikvm( 1317): GC_EXPLICIT freed 101K, 70% free 9130K/29575K, paused 3ms+6ms
I/ActivityManager( 1317): Start proc com.android.musicfx for broadcast com.android.musicfx/.Compatibility$Receiver: pid=4901 uid=10056 gids={3003}
E/StatisticService( 1317): ** Activity appCrashed android.process.acore
D/dalvikvm( 1628): GC_CONCURRENT freed 430K, 11% free 4838K/5383K, paused 1ms+2ms
D/dalvikvm( 1317): GC_FOR_ALLOC freed 30K, 70% free 9144K/29575K, paused 45ms
I/dalvikvm-heap( 1317): Grow heap (frag case) to 10.356MB for 1431472-byte allocation
D/dalvikvm( 1317): GC_FOR_ALLOC freed 1K, 65% free 10540K/29575K, paused 36ms
D/Proxy   ( 4901): setHttpProxySystemProperty :null:null - null
D/WindowManager( 1317): layout3D  = 1
D/WindowManager( 1317): layout3D sidebyside  = 32
I/ActivityManager( 1317): Start proc com.android.quicksearchbox for broadcast com.android.quicksearchbox/.CorporaUpdateReceiver: pid=4917 uid=10030 gids={3003, 1015}
D/dalvikvm( 1317): GC_CONCURRENT freed 37K, 63% free 11178K/29575K, paused 2ms+9ms
D/Proxy   ( 4917): setHttpProxySystemProperty :null:null - null
I/ActivityThread( 4917): Pub com.android.quicksearchbox.google: com.android.quicksearchbox.google.GoogleSuggestionProvider
D/AppLockUtil( 2288): ===== app lock sql = packagename='com.lenovo.widgetscontainer' and activityname='com.lenovo.widgetscontainer.WidgetsContainer'
I/System.out( 2178): query...
D/AppLockUtil( 2288): ===== app lock sql = packagename='com.lenovo.nebula2.epg.client' and activityname='com.lenovo.nebula2.epg.client.test.CallEpgPopup'
I/System.out( 2178): query...
D/dalvikvm( 4917): GC_CONCURRENT freed 208K, 6% free 4285K/4551K, paused 2ms+12ms
D/AppLockUtil( 2288): ===== app lock sql = packagename='com.adobe.flashplayer' and activityname='com.adobe.flashplayer.SettingsManager'
I/ActivityThread( 4917): Pub com.android.quicksearchbox.shortcuts: com.android.quicksearchbox.ShortcutsProvider
D/QSB.CorporaUpdateReceiver( 4917): onReceive(Intent { act=android.search.action.SEARCHABLES_CHANGED flg=0x20000010 cmp=com.android.quicksearchbox/.CorporaUpdateReceiver })
I/System.out( 2178): query...
D/dalvikvm( 4917): GC_CONCURRENT freed 201K, 7% free 4517K/4807K, paused 2ms+1ms
D/AppLockUtil( 2288): ===== app lock sql = packagename='com.meilishuo.tv' and activityname='com.meilishuo.tv.WelcomeActivity'
I/System.out( 2178): query...
D/AppLockUtil( 2288): ===== app lock sql = packagename='com.lenovo.tv.factory.rwsn' and activityname='com.lenovo.tv.factory.rwsn.RWSNActivity'
I/System.out( 2178): query...
D/AppLockUtil( 2288): ===== app lock sql = packagename='com.ex' and activityname='com.ex.Main'
I/System.out( 2178): query...
D/AppLockUtil( 2288): ===== app lock sql = packagename='com.lenovo.nebula.app' and activityname='com.lenovo.nebula.app.NebulaAppActivity'
I/System.out( 2178): query...
D/AppLockUtil( 2288): ===== app lock sql = packagename='com.android.browser' and activityname='com.android.browser.BrowserActivity'
I/System.out( 2178): query...
D/AppLockUtil( 2288): ===== app lock sql = packagename='com.ddmap.lenovotv' and activityname='com.ddmap.lenovotv.activity.LogoActivity'
I/System.out( 2178): query...
D/AppLockUtil( 2288): ===== app lock sql = packagename='com.lenovo.dc' and activityname='com.lenovo.dc.ui.discoverDevice.DCDiscoverDevice'
I/System.out( 2178): query...
D/AppLockUtil( 2288): ===== app lock sql = packagename='com.lenovo.ideaControlGuide.httpserver' and activityname='com.lenovo.ideaControlGuide.httpserver.IdeaControlGuideActivity'
I/System.out( 2178): query...
D/AppLockUtil( 2288): ===== app lock sql = packagename='com.lenovo.nebula2.epg.client' and activityname='com.lenovo.nebula2.epg.client.MainActivity'
I/System.out( 2178): query...
D/AppLockUtil( 2288): ===== app lock sql = packagename='com.lenovo.tv.appstore' and activityname='com.lenovo.tv.appstore.TvMain'
I/System.out( 2178): query...
D/AppLockUtil( 2288): ===== app lock sql = packagename='com.lenovo.stv' and activityname='idea.org.MainActivity'
I/System.out( 2178): query...
D/AppLockUtil( 2288): ===== app lock sql = packagename='com.lenovo.nebula.local.player.video' and activityname='com.lenovo.nebula.local.player.video.activity.VideoVolumeSelectorActivity'
I/System.out( 2178): query...
D/AppLockUtil( 2288): ===== app lock sql = packagename='cn.ismartv.speedtester' and activityname='cn.ismartv.speedtester.MainActivity'
I/System.out( 2178): query...
D/dalvikvm( 2178): GC_EXPLICIT freed 180K, 7% free 4188K/4487K, paused 1ms+2ms
D/AppLockUtil( 2288): ===== app lock sql = packagename='com.android.quicksearchbox' and activityname='com.android.quicksearchbox.SearchActivity'
I/System.out( 2178): query...
D/AppLockUtil( 2288): ===== app lock sql = packagename='com.lenovo.nebula.local.player.image' and activityname='com.lenovo.nebula.local.player.image.activity.ImageVolumeSelectorActivity'
I/System.out( 2178): query...
D/AppLockUtil( 2288): ===== app lock sql = packagename='com.tuan800.tuan800_letv' and activityname='com.tuan800.tuan800_letv.activities.SplashActivity'
I/System.out( 2178): query...
D/AppLockUtil( 2288): ===== app lock sql = packagename='com.android.camera' and activityname='com.android.camera.Camera'
I/System.out( 2178): query...
D/AppLockUtil( 2288): ===== app lock sql = packagename='com.lenovo.nebula.local.player.music' and activityname='com.lenovo.nebula.local.player.music.activity.MusicVolumeSelectorActivity'
I/System.out( 2178): query...
D/AppLockUtil( 2288): ===== app lock sql = packagename='com.lenovo.oobe' and activityname='com.lenovo.oobe.activity.LogTweenActivity'
I/System.out( 2178): query...
I/MyAppScroll( 2288): currentView:page0
I/TESTGridView( 2288): onFocusChange:mFocusPosition ==-1
I/System.out( 2288): count=2
D/MessagerCenterServices( 3111): isInActivity=false  msg.what=1
D/WindowManager( 1317): interceptKeyTq keycode=66 screenIsOn=true keyguardActive=false
I/WindowManager( 1317): Handle special keys: 66 
D/WindowManager( 1317): interceptKeyTi keyCode=66 down=true repeatCount=0 keyguardOn=false mHomePressed=false
D/WindowManager( 1317): interceptKeyTq keycode=66 screenIsOn=true keyguardActive=false
I/WindowManager( 1317): Handle special keys: 66 
D/WindowManager( 1317): interceptKeyTi keyCode=66 down=false repeatCount=0 keyguardOn=false mHomePressed=false
I/Process ( 2448): Sending signal. PID: 2448 SIG: 9
W/InputManagerService( 1317): Window already focused, ignoring focus gain of: com.android.internal.view.IInputMethodClient$Stub$Proxy@41663900
D/audio_hw_primary(  792): Check PLAYBACK for /dev/snd/pcmC0D0p OK.
D/audio_hw_primary(  792): Get a card with (mtk - mtk, NULL, 1) =  0 [mtk            ]: mtk - mtk
D/audio_hw_primary(  792):  .
I/ActivityManager( 1317): Process android.process.acore (pid 2448) has died.
W/ActivityManager( 1317): Scheduling restart of crashed service com.android.providers.contacts/.VoicemailCleanupService in 5000ms
D/WindowManager( 1317): interceptKeyTq keycode=111 screenIsOn=true keyguardActive=false
I/WindowManager( 1317): Handle special keys: 111 
D/WindowManager( 1317): interceptKeyTi keyCode=111 down=true repeatCount=0 keyguardOn=false mHomePressed=false
D/focus   ( 1973): current focus is android.widget.Button@419e8cb0
D/keycode ( 1973): current keycode is 111
I/PhoneWindow( 1973): keycode:111Key down: repeat=0 flags=0x8
D/WindowManager( 1317): interceptKeyTq keycode=4 screenIsOn=true keyguardActive=false
I/WindowManager( 1317): Handle special keys: 4 
D/WindowManager( 1317): interceptKeyTi keyCode=4 down=true repeatCount=0 keyguardOn=false mHomePressed=false
D/focus   ( 1973): current focus is android.widget.Button@419e8cb0
D/keycode ( 1973): current keycode is 4
D/WindowManager( 1317): interceptKeyTq keycode=111 screenIsOn=true keyguardActive=false
I/WindowManager( 1317): Handle special keys: 111 
D/WindowManager( 1317): interceptKeyTi keyCode=111 down=false repeatCount=0 keyguardOn=false mHomePressed=false
D/focus   ( 1973): current focus is android.widget.Button@419e8cb0
D/keycode ( 1973): current keycode is 111
D/WindowManager( 1317): interceptKeyTq keycode=4 screenIsOn=true keyguardActive=false
I/WindowManager( 1317): Handle special keys: 4 
D/WindowManager( 1317): interceptKeyTi keyCode=4 down=false repeatCount=0 keyguardOn=false mHomePressed=false
D/focus   ( 1973): current focus is android.widget.Button@419e8cb0
D/keycode ( 1973): current keycode is 4
I/debug_tag( 1973): MainActivity.onBackPressed:400--> (main)  onBackPressed
I/scenic  ( 1973): MainActivity.onBackPressed:410--> (main)  onBackPressed be called
I/scenic  ( 1973): MainActivity.onBackPressed:412--> (main)  current focus is android.widget.Button@419e8cb0  back stack entry count is 1
I/scenic  ( 1973): HeadersFragment.setHeadMoveSelectorVisible:580--> (main)  headMoveSelector is Visible
D/SettingsMainActivity( 1973): light header
D/WindowManager( 1317): interceptKeyTq keycode=111 screenIsOn=true keyguardActive=false
I/WindowManager( 1317): Handle special keys: 111 
D/WindowManager( 1317): interceptKeyTi keyCode=111 down=true repeatCount=0 keyguardOn=false mHomePressed=false
D/focus   ( 1973): current focus is com.lenovo.nebula.settings.components.ChoiceModeListView@411a5828
D/keycode ( 1973): current keycode is 111
I/PhoneWindow( 1973): keycode:111Key down: repeat=0 flags=0x8
D/WindowManager( 1317): interceptKeyTq keycode=4 screenIsOn=true keyguardActive=false
I/WindowManager( 1317): Handle special keys: 4 
D/WindowManager( 1317): interceptKeyTi keyCode=4 down=true repeatCount=0 keyguardOn=false mHomePressed=false
D/focus   ( 1973): current focus is com.lenovo.nebula.settings.components.ChoiceModeListView@411a5828
D/keycode ( 1973): current keycode is 4
D/WindowManager( 1317): interceptKeyTq keycode=111 screenIsOn=true keyguardActive=false
I/WindowManager( 1317): Handle special keys: 111 
D/WindowManager( 1317): interceptKeyTi keyCode=111 down=false repeatCount=0 keyguardOn=false mHomePressed=false
D/focus   ( 1973): current focus is com.lenovo.nebula.settings.components.ChoiceModeListView@411a5828
D/keycode ( 1973): current keycode is 111
D/WindowManager( 1317): interceptKeyTq keycode=4 screenIsOn=true keyguardActive=false
I/WindowManager( 1317): Handle special keys: 4 
D/WindowManager( 1317): interceptKeyTi keyCode=4 down=false repeatCount=0 keyguardOn=false mHomePressed=false
D/focus   ( 1973): current focus is com.lenovo.nebula.settings.components.ChoiceModeListView@411a5828
D/keycode ( 1973): current keycode is 4
I/debug_tag( 1973): MainActivity.onBackPressed:400--> (main)  onBackPressed
I/scenic  ( 1973): MainActivity.onBackPressed:410--> (main)  onBackPressed be called
I/SettingsMainActivity( 1973): curView == listView
I/scenic  ( 1973):  ======start===============================start==============================start====================
I/scenic  ( 1973): android.app.Activity.onKeyUp(Activity.java:2115)
I/scenic  ( 1973): com.lenovo.nebula.settings.MainActivity.onBackPressed(MainActivity.java:417)--> (main)  finish activity 
I/scenic  ( 1973):  ======start===============================start==============================start====================
I/scenic  ( 1973):  ======start===============================start==============================start====================
I/scenic  ( 1973): com.lenovo.nebula.settings.MainActivity.onBackPressed(MainActivity.java:418)
I/scenic  ( 1973): com.lenovo.nebula.settings.MainActivity.doFinishMainActivity(MainActivity.java:176)--> (main)  doFinishMainActivity 
I/scenic  ( 1973):  ======start===============================start==============================start====================
E/StatisticService( 1317): ** Activity resuming: com.lenovo.nebula.app
D/StatisticService( 1317): addMessage messages:{"event":"app_exit","properties":{"title":"","duration":"
D/StatisticService( 1317): addMessage messages:27","time":1362982282,"code":"com.lenovo.nebula.settings"}
D/StatisticService( 1317): addMessage messages:{"event":"app_start","properties":{"title":"",
D/StatisticService( 1317): addMessage messages:"time":1362982282,"code":"com.lenovo.nebula.app"}
I/SettingsMainActivity( 1973): ========= Header fragment on pause ===========
D/SettingsMainActivity( 1973): header fragment on pause time = 0
D/NetworkFragment( 1973): -onPause
I/debug_tag( 1973): MainActivity.onPause:462--> (main)  onPause	com.lenovo.nebula.settings.MainActivity@411c1b48
D/TVSettingsAccessor( 1973): TV_Show++++++ putInt: -1
D/TVSettingsAccessor( 1973): TV_Show++++++ getInt: -1
I/NebulaApp( 2288): com.lenovo.nebula.app.NebulaAppActivity|INFO|onStart.... 
I/NebulaApp( 2288): com.lenovo.nebula.app.NebulaAppActivity|INFO|onResume.... 
D/Activity( 2288): Activity Remote Controller rcMode =  2 
D/RemoteController( 2288): setRemoteControllerMode
D/RemoteController( 2288): displayCursor( mode = false)
D/RemoteController( 2288): ---> isDisplayCursor()
D/TAG     ( 2288): --->getCurrentCursorIcon()
D/RemoteController( 2288): doSetRcMode mode = 2
D/RemoteControllerService( 1317): send command Mode =2, mModeChange = 32
D/RemoteControllerService( 1317): Send To Handler Remote Controller Mode = 2, Old Mode= -1, time = 1362982282336
D/IConnService( 1317): [Demo-0.01.18.0][ConnTechService]:[2013-03-11 14:11:22.338+0800][#*#setCustomState(packageName=com.lenovo.nebula.app, customState=100, customPackageName=null)#*#]
D/IConnService( 1317): [Demo-0.01.18.0][ConnTechService]:[2013-03-11 14:11:22.339+0800][#*#--ztc--9-- APP_CHANGE_STATE---> incrementId = 31#*#]
D/IConnService( 1317): [Demo-0.01.18.0][ConnTechService]:[2013-03-11 14:11:22.341+0800][#*#-- APP_CHANGE_STATE :seqId 50331679, moduleId = 8, actionId=5, mTvPackageName=com.lenovo.nebula.app, mPadState=100, mPadPackageName=com.lenovo.nebula.app, length=29#*#]
I/AppGridAdapterEx( 2288): page = 0>>and position==0
D/AppGridAdapterEx( 2288): aConvertView == null
D/IConnService( 1317): [Demo-0.01.18.0][ConnTechService]:[2013-03-11 14:11:22.343+0800][#*#sendData() :seqId 50331679, moduleId=8, actionId=5, length=29#*#]
D/IConnService( 1317): [Demo-0.01.18.0][DataPackageSender]:[2013-03-11 14:11:22.345+0800][#*#sendDataPackage priority===>3#*#]
D/IConnService( 1317): [Demo-0.01.18.0][DataPackageSender]:[2013-03-11 14:11:22.346+0800][#*#sendDataPackage originalData.length===>57#*#]
D/IConnService( 1317): [Demo-0.01.18.0][DataPackageSender]:[2013-03-11 14:11:22.348+0800][#*#discardPackage priority===>3#*#]
I/AppGridAdapterEx( 2288): page = 0>>and position==0
I/AppGridAdapterEx( 2288): page = 1>>and position==0
D/AppGridAdapterEx( 2288): aConvertView == null
D/IConnService( 1317): [Demo-0.01.18.0][DataPackageSender]:[2013-03-11 14:11:22.350+0800][#*#discardPackage mSubDataList.size()+count===>1#*#]
D/IConnService( 1317): [Demo-0.01.18.0][ConnTechService]:[2013-03-11 14:11:22.352+0800][#*#--End Handler-- idsMap.remove(), seqId=50331679, HashMap.size=0#*#]
I/AppGridAdapterEx( 2288): page = 1>>and position==0
I/AppGridAdapterEx( 2288): page = 0>>and position==0
I/AppGridAdapterEx( 2288): page = 0>>and position==0
I/AppGridAdapterEx( 2288): page = 1>>and position==0
I/AppGridAdapterEx( 2288): page = 1>>and position==0
I/AppGridAdapterEx( 2288): page = 0>>and position==0
I/AppGridAdapterEx( 2288): page = 0>>and position==1
D/AppGridAdapterEx( 2288): aConvertView == null
I/AppGridAdapterEx( 2288): page = 0>>and position==2
D/AppGridAdapterEx( 2288): aConvertView == null
I/AppGridAdapterEx( 2288): page = 0>>and position==3
D/AppGridAdapterEx( 2288): aConvertView == null
I/AppGridAdapterEx( 2288): page = 0>>and position==4
D/AppGridAdapterEx( 2288): aConvertView == null
I/AppGridAdapterEx( 2288): page = 0>>and position==5
D/AppGridAdapterEx( 2288): aConvertView == null
I/AppGridAdapterEx( 2288): page = 0>>and position==6
D/AppGridAdapterEx( 2288): aConvertView == null
I/AppGridAdapterEx( 2288): page = 0>>and position==7
D/AppGridAdapterEx( 2288): aConvertView == null
I/AppGridAdapterEx( 2288): page = 0>>and position==8
D/AppGridAdapterEx( 2288): aConvertView == null
I/AppGridAdapterEx( 2288): page = 0>>and position==9
D/AppGridAdapterEx( 2288): aConvertView == null
I/AppGridAdapterEx( 2288): page = 0>>and position==10
D/AppGridAdapterEx( 2288): aConvertView == null
I/AppGridAdapterEx( 2288): page = 0>>and position==11
D/AppGridAdapterEx( 2288): aConvertView == null
I/AppGridAdapterEx( 2288): page = 0>>and position==12
D/AppGridAdapterEx( 2288): aConvertView == null
I/AppGridAdapterEx( 2288): page = 0>>and position==13
D/AppGridAdapterEx( 2288): aConvertView == null
I/AppGridAdapterEx( 2288): page = 0>>and position==14
D/AppGridAdapterEx( 2288): aConvertView == null
I/AppGridAdapterEx( 2288): page = 0>>and position==15
D/AppGridAdapterEx( 2288): aConvertView == null
I/AppGridAdapterEx( 2288): page = 0>>and position==16
D/AppGridAdapterEx( 2288): aConvertView == null
I/AppGridAdapterEx( 2288): page = 0>>and position==17
D/AppGridAdapterEx( 2288): aConvertView == null
I/AppGridAdapterEx( 2288): page = 1>>and position==0
I/AppGridAdapterEx( 2288): page = 1>>and position==1
D/AppGridAdapterEx( 2288): aConvertView == null
I/AppGridAdapterEx( 2288): page = 1>>and position==2
D/AppGridAdapterEx( 2288): aConvertView == null
I/AppGridAdapterEx( 2288): page = 0>>and position==0
D/AppGridAdapterEx( 2288): aConvertView == null
I/AppGridAdapterEx( 2288): page = 0>>and position==0
I/AppGridAdapterEx( 2288): page = 1>>and position==0
D/AppGridAdapterEx( 2288): aConvertView == null
I/AppGridAdapterEx( 2288): page = 1>>and position==0
I/AppGridAdapterEx( 2288): page = 0>>and position==0
I/AppGridAdapterEx( 2288): page = 0>>and position==0
I/AppGridAdapterEx( 2288): page = 1>>and position==0
I/AppGridAdapterEx( 2288): page = 1>>and position==0
I/ActivityManager( 1317): No longer want com.lenovo.nebula.tvuserdb (pid 2553): hidden #16
I/ActivityManager( 1317): No longer want com.android.defcontainer (pid 2415): hidden #17
D/SettingsMainActivity( 1973): ========= Header fragment on stop ==========
D/NetworkFragment( 1973): -onStop
I/debug_tag( 1973): MainActivity.onStop:479--> (main)  onStop	com.lenovo.nebula.settings.MainActivity@411c1b48
I/debug_tag( 1973): MainActivity.onDestroy:487--> (main)  onDestory	com.lenovo.nebula.settings.MainActivity@411c1b48
D/TvServiceAdapter( 1973): unbind services
D/SettingsMainActivity( 1973): release tv service
I/TVSettingsService( 2025): on unbind
I/TVSettingsService( 2025): on destroy
I/CmdQueue( 2025): InterruptedException: null
D/UpdateNetworkInfoService( 2321): onUnbind!!!
D/UpdateNetworkInfoService( 2321): onDestroy!!!
D/UpdateNetworkInfoAdapter( 1973): unbind services
I/Launcher( 1991): |INFO|,2013/03/11,2:12,,,|com.lenovo.dll.nebula.launcher.DateManager|
D/AndroidRuntime( 4950): 
D/AndroidRuntime( 4950): >>>>>> AndroidRuntime START com.android.internal.os.RuntimeInit <<<<<<
D/AndroidRuntime( 4950): CheckJNI is ON
I/AndroidRuntime( 4950): JNI options: '-Xjniopts:warnonly'
W/dalvikvm( 4950): JNI WARNING: input is not valid Modified UTF-8: illegal start byte 0xff
W/dalvikvm( 4950):              string: ''
W/dalvikvm( 4950):              in Landroid/os/SystemProperties;.native_get:(Ljava/lang/String;Ljava/lang/String;)Ljava/lang/String; (NewStringUTF)
I/ethernet( 4950): Loading ethernet jni class
D/AndroidRuntime( 4950): Calling main entry com.android.commands.pm.Pm
I/ActivityManager( 1317): Start proc com.android.defcontainer for service com.android.defcontainer/.DefaultContainerService: pid=4960 uid=10007 gids={1015, 2001}
D/dalvikvm(  790): GC_EXPLICIT freed 37K, 8% free 3989K/4291K, paused 1ms+1ms
D/dalvikvm(  790): GC_EXPLICIT freed <1K, 8% free 3989K/4291K, paused 1ms+0ms
D/dalvikvm(  790): GC_EXPLICIT freed <1K, 8% free 3989K/4291K, paused 1ms+1ms
D/Proxy   ( 4960): setHttpProxySystemProperty :null:null - null
W/MountService( 1317): getVolumeState(/mnt/sdcard): Unknown volume
W/ActivityManager( 1317): No content provider found for permission revoke: file:///data/local/tmp/com.lenovo.vctl.weaver.ui.WeaverHome.apk
W/ActivityManager( 1317): No content provider found for permission revoke: file:///data/local/tmp/com.lenovo.vctl.weaver.ui.WeaverHome.apk
D/dalvikvm( 1317): GC_CONCURRENT freed 1590K, 62% free 11369K/29575K, paused 3ms+6ms
D/dalvikvm( 1317): GC_CONCURRENT freed 1475K, 61% free 11737K/29575K, paused 2ms+6ms
D/dalvikvm( 1317): GC_CONCURRENT freed 1907K, 61% free 11771K/29575K, paused 3ms+6ms
I/NativeLibraryHelper( 1317): start check MTK APK signed path:/data/app/com.lenovo.videotalk-1.apk
I/MTK_APK_SECURITY( 1317): checkMtkSignedAPK!!
I/MTK_APK_SECURITY( 1317): !!! Not match magic string
I/NativeLibraryHelper( 1317): [MTK]apk verify result APK path:/data/app/com.lenovo.videotalk-1.apk signed=0 tampered=0 offset=0 ui4_size=0
I/PackageManager( 1317): Running dexopt on: com.lenovo.videotalk
D/dalvikvm( 4975): DexOpt: load 157ms, verify+opt 1413ms
I/ActivityManager( 1317): Force stopping package com.lenovo.videotalk uid=10045
W/PackageManager( 1317): Package com.lenovo.videotalk has activity com.lenovo.vctl.weaver.ui.WeaverHome with priority > 0, forcing to 0
W/PackageManager( 1317): Package com.lenovo.videotalk has activity com.lenovo.vctl.weaver.ui.WeaverHome with priority > 0, forcing to 0
W/PackageManager( 1317): Package com.lenovo.videotalk has activity com.lenovo.vctl.weaver.ui.WeaverHome with priority > 0, forcing to 0
W/PackageManager( 1317): Package com.lenovo.videotalk has activity com.lenovo.vctl.weaver.ui.call.ogl.InCallActivity2 with priority > 0, forcing to 0
D/PackageManager( 1317): New package installed in /data/app/com.lenovo.videotalk-1.apk
W/PackageManager( 1317): Not granting permission android.permission.CALL_PRIVILEGED to package com.lenovo.videotalk (protectionLevel=3 flags=0x8be46)
W/PackageManager( 1317): Unknown permission android.permission.CONFIGURE_SIP in package com.lenovo.videotalk
D/PackageManager( 1317): generateServicesMap(android.accounts.AccountAuthenticator): 0 services unchanged
D/PackageManager( 1317): generateServicesMap(android.content.SyncAdapter): 3 services unchanged
I/Launcher( 1991): |INFO|onReceive :android.intent.action.PACKAGE_ADDED|com.lenovo.dll.nebula.launcher.app.PackageChangedReceiver|
I/Launcher( 1991): |INFO|install package:com.lenovo.videotalk|com.lenovo.dll.nebula.launcher.app.PackageChangedReceiver|
D/BackupManagerService( 1317): Received broadcast Intent { act=android.intent.action.PACKAGE_ADDED dat=package:com.lenovo.videotalk flg=0x10000010 (has extras) }
I/Launcher( 1991): |INFO|sendBroadcast : ACTION_ADD_SUCCESS|com.lenovo.dll.nebula.launcher.app.PackageChangedReceiver|
I/NebulaApp( 2288): com.lenovo.nebula.app.NebulaAppActivity$UnInstallReceiver|INFO|Receive : lenovo.action.ADD_SUCCESS
I/DealDownloadAndInstallService( 1577): action is android.intent.action.PACKAGE_ADDED
I/ActivityManager( 1317): Start proc com.svox.pico for broadcast com.svox.pico/.VoiceDataInstallerReceiver: pid=4978 uid=10035 gids={1015}
I/DealDownloadAndInstallService( 1577): download and install task deal over
I/NebulaApp( 2288): com.lenovo.nebula.app.NebulaAppHandler|INFO|Query Apps
D/dalvikvm( 1317): GC_EXPLICIT freed 1821K, 60% free 11901K/29575K, paused 3ms+14ms
I/NebulaApp( 2288): com.lenovo.nebula.app.NebulaAppHandler|INFO|Cursor count :2
V/BackupManagerService( 1317): addPackageParticipantsLocked: #1
D/AndroidRuntime( 4950): Shutting down VM
I/AndroidRuntime( 4950): NOTE: attach of thread 'Binder Thread #3' failed
D/dalvikvm( 4950): GC_CONCURRENT freed 104K, 78% free 470K/2048K, paused 1ms+0ms
D/jdwp    ( 4950): Got wake-up signal, bailing out of select
D/Proxy   ( 4978): setHttpProxySystemProperty :null:null - null
D/dalvikvm( 4950): Debugger has detached; object registry had 1 entries
I/ActivityThread( 4978): Pub com.svox.pico.providers.SettingsProvider: com.svox.pico.providers.SettingsProvider
D/AppLockUtil( 2288): ===== app lock sql = packagename='com.ddmap.lenovotv' and activityname='com.ddmap.lenovotv.activity.LogoActivity'
I/System.out( 2178): query...
I/ActivityManager( 1317): Start proc android.process.acore for broadcast com.android.providers.contacts/.PackageIntentReceiver: pid=4992 uid=10003 gids={1015, 3003}
D/AppLockUtil( 2288): ===== app lock sql = packagename='com.lenovo.tv.appstore' and activityname='com.lenovo.tv.appstore.TvMain'
I/ActivityManager( 1317): No longer want com.lenovo.dll.nebula.vod (pid 2944): hidden #16
W/ActivityManager( 1317): Scheduling restart of crashed service com.lenovo.dll.nebula.vod/.cache.service.CacheClearService in 5000ms
I/System.out( 2178): query...
D/Proxy   ( 4992): setHttpProxySystemProperty :null:null - null
I/ActivityThread( 4992): Pub com.android.voicemail: com.android.providers.contacts.VoicemailContentProvider
I/ActivityThread( 4992): Pub com.android.social: com.android.providers.contacts.SocialProvider
D/AppLockUtil( 2288): ===== app lock sql = packagename='com.lenovo.widgetscontainer' and activityname='com.lenovo.widgetscontainer.WidgetsContainer'
I/ActivityThread( 4992): Pub applications: com.android.providers.applications.ApplicationsProvider
I/System.out( 2178): query...
D/AppLockUtil( 2288): ===== app lock sql = packagename='com.lenovo.nebula2.epg.client' and activityname='com.lenovo.nebula2.epg.client.test.CallEpgPopup'
I/System.out( 2178): query...
D/AppLockUtil( 2288): ===== app lock sql = packagename='com.adobe.flashplayer' and activityname='com.adobe.flashplayer.SettingsManager'
I/ActivityThread( 4992): Pub SettingsWeatherCitysProvider: com.android.providers.SettingWeatherCity.WeatherCitysContentProvider
I/System.out( 2178): query...
I/ActivityThread( 4992): Pub contacts;com.android.contacts: com.android.providers.contacts.ContactsProvider2
D/AppLockUtil( 2288): ===== app lock sql = packagename='com.meilishuo.tv' and activityname='com.meilishuo.tv.WelcomeActivity'
I/System.out( 2178): query...
D/AppLockUtil( 2288): ===== app lock sql = packagename='com.lenovo.tv.factory.rwsn' and activityname='com.lenovo.tv.factory.rwsn.RWSNActivity'
I/System.out( 2178): query...
D/AppLockUtil( 2288): ===== app lock sql = packagename='com.ex' and activityname='com.ex.Main'
I/System.out( 2178): query...
D/AppLockUtil( 2288): ===== app lock sql = packagename='com.lenovo.nebula.app' and activityname='com.lenovo.nebula.app.NebulaAppActivity'
I/System.out( 2178): query...
D/AppLockUtil( 2288): ===== app lock sql = packagename='com.android.browser' and activityname='com.android.browser.BrowserActivity'
D/dalvikvm( 4992): GC_CONCURRENT freed 213K, 6% free 4280K/4551K, paused 1ms+2ms
I/System.out( 2178): query...
D/AppLockUtil( 2288): ===== app lock sql = packagename='com.ddmap.lenovotv' and activityname='com.ddmap.lenovotv.activity.LogoActivity'
I/System.out( 2178): query...
D/AppLockUtil( 2288): ===== app lock sql = packagename='com.lenovo.dc' and activityname='com.lenovo.dc.ui.discoverDevice.DCDiscoverDevice'
I/System.out( 2178): query...
D/AppLockUtil( 2288): ===== app lock sql = packagename='com.lenovo.ideaControlGuide.httpserver' and activityname='com.lenovo.ideaControlGuide.httpserver.IdeaControlGuideActivity'
I/System.out( 2178): query...
D/AppLockUtil( 2288): ===== app lock sql = packagename='com.lenovo.nebula2.epg.client' and activityname='com.lenovo.nebula2.epg.client.MainActivity'
I/System.out( 2178): query...
D/AppLockUtil( 2288): ===== app lock sql = packagename='com.lenovo.tv.appstore' and activityname='com.lenovo.tv.appstore.TvMain'
I/System.out( 2178): query...
D/AppLockUtil( 2288): ===== app lock sql = packagename='com.lenovo.stv' and activityname='idea.org.MainActivity'
I/System.out( 2178): query...
D/AppLockUtil( 2288): ===== app lock sql = packagename='com.lenovo.nebula.local.player.video' and activityname='com.lenovo.nebula.local.player.video.activity.VideoVolumeSelectorActivity'
I/System.out( 2178): query...
D/AppLockUtil( 2288): ===== app lock sql = packagename='cn.ismartv.speedtester' and activityname='cn.ismartv.speedtester.MainActivity'
I/System.out( 2178): query...
D/AppLockUtil( 2288): ===== app lock sql = packagename='com.lenovo.videotalk' and activityname='com.lenovo.vctl.weaver.ui.WeaverHome'
I/System.out( 2178): query...
D/dalvikvm( 4992): GC_CONCURRENT freed 190K, 6% free 4539K/4807K, paused 1ms+2ms
I/ActivityThread( 4992): Pub call_log: com.android.providers.contacts.CallLogProvider
I/ActivityThread( 4992): Pub user_dictionary: com.android.providers.userdictionary.UserDictionaryProvider
D/AppLockUtil( 2288): ===== app lock sql = packagename='com.android.quicksearchbox' and activityname='com.android.quicksearchbox.SearchActivity'
D/QSB.CorporaUpdateReceiver( 4917): onReceive(Intent { act=android.search.action.SEARCHABLES_CHANGED flg=0x20000010 cmp=com.android.quicksearchbox/.CorporaUpdateReceiver })
I/System.out( 2178): query...
I/ActivityManager( 1317): No longer want com.lenovo.leos.devicediscover (pid 2988): hidden #16
W/ActivityManager( 1317): Scheduling restart of crashed service com.lenovo.leos.devicediscover/.DeviceDiscoverService in 14520ms
E/WifiService( 1317): Multicaster binderDied
D/StateMachine( 1317): handleMessage: E msg.what=131156
D/StateMachine( 1317): processMsg: DriverUnloadedState
D/WifiStateMachine( 1317): DriverUnloadedState{ what=131156 when=-1ms }
D/StateMachine( 1317): processMsg: DefaultState
D/WifiStateMachine( 1317): DefaultState{ what=131156 when=-1ms }
E/WifiStateMachine( 1317): Error! unhandled message{ what=131156 when=-1ms }
D/StateMachine( 1317): handleMessage: X
D/AppLockUtil( 2288): ===== app lock sql = packagename='com.lenovo.nebula.local.player.image' and activityname='com.lenovo.nebula.local.player.image.activity.ImageVolumeSelectorActivity'
I/System.out( 2178): query...
D/AppLockUtil( 2288): ===== app lock sql = packagename='com.tuan800.tuan800_letv' and activityname='com.tuan800.tuan800_letv.activities.SplashActivity'
I/System.out( 2178): query...
D/dalvikvm( 2178): GREF has increased to 201
D/AppLockUtil( 2288): ===== app lock sql = packagename='com.android.camera' and activityname='com.android.camera.Camera'
I/System.out( 2178): query...
D/AppLockUtil( 2288): ===== app lock sql = packagename='com.lenovo.nebula.local.player.music' and activityname='com.lenovo.nebula.local.player.music.activity.MusicVolumeSelectorActivity'
I/System.out( 2178): query...
D/AppLockUtil( 2288): ===== app lock sql = packagename='com.lenovo.oobe' and activityname='com.lenovo.oobe.activity.LogTweenActivity'
D/dalvikvm( 2288): GREF has increased to 201
I/System.out( 2178): query...
I/AppGridAdapterEx( 2288): page = 0>>and position==0
I/AppGridAdapterEx( 2288): page = 0>>and position==0
I/AppGridAdapterEx( 2288): page = 1>>and position==0
I/AppGridAdapterEx( 2288): page = 1>>and position==0
I/AppGridAdapterEx( 2288): page = 0>>and position==0
I/AppGridAdapterEx( 2288): page = 0>>and position==0
I/AppGridAdapterEx( 2288): page = 1>>and position==0
I/AppGridAdapterEx( 2288): page = 1>>and position==0
I/AppGridAdapterEx( 2288): page = 0>>and position==0
D/AppGridAdapterEx( 2288): aConvertView == null
I/AppGridAdapterEx( 2288): page = 0>>and position==0
I/AppGridAdapterEx( 2288): page = 1>>and position==0
D/AppGridAdapterEx( 2288): aConvertView == null
I/AppGridAdapterEx( 2288): page = 1>>and position==0
I/AppGridAdapterEx( 2288): page = 0>>and position==0
I/AppGridAdapterEx( 2288): page = 0>>and position==0
I/AppGridAdapterEx( 2288): page = 1>>and position==0
I/AppGridAdapterEx( 2288): page = 1>>and position==0
I/AppGridAdapterEx( 2288): page = 0>>and position==0
I/AppGridAdapterEx( 2288): page = 0>>and position==1
D/AppGridAdapterEx( 2288): aConvertView == null
I/AppGridAdapterEx( 2288): page = 0>>and position==2
D/AppGridAdapterEx( 2288): aConvertView == null
I/AppGridAdapterEx( 2288): page = 0>>and position==3
D/AppGridAdapterEx( 2288): aConvertView == null
I/AppGridAdapterEx( 2288): page = 0>>and position==4
D/AppGridAdapterEx( 2288): aConvertView == null
I/AppGridAdapterEx( 2288): page = 0>>and position==5
D/AppGridAdapterEx( 2288): aConvertView == null
I/AppGridAdapterEx( 2288): page = 0>>and position==6
D/AppGridAdapterEx( 2288): aConvertView == null
I/AppGridAdapterEx( 2288): page = 0>>and position==7
D/AppGridAdapterEx( 2288): aConvertView == null
I/AppGridAdapterEx( 2288): page = 0>>and position==8
D/AppGridAdapterEx( 2288): aConvertView == null
I/AppGridAdapterEx( 2288): page = 0>>and position==9
D/AppGridAdapterEx( 2288): aConvertView == null
I/AppGridAdapterEx( 2288): page = 0>>and position==10
D/AppGridAdapterEx( 2288): aConvertView == null
I/AppGridAdapterEx( 2288): page = 0>>and position==11
D/AppGridAdapterEx( 2288): aConvertView == null
I/AppGridAdapterEx( 2288): page = 0>>and position==12
D/AppGridAdapterEx( 2288): aConvertView == null
I/AppGridAdapterEx( 2288): page = 0>>and position==13
D/AppGridAdapterEx( 2288): aConvertView == null
I/AppGridAdapterEx( 2288): page = 0>>and position==14
D/AppGridAdapterEx( 2288): aConvertView == null
I/AppGridAdapterEx( 2288): page = 0>>and position==15
D/AppGridAdapterEx( 2288): aConvertView == null
I/AppGridAdapterEx( 2288): page = 0>>and position==16
D/AppGridAdapterEx( 2288): aConvertView == null
I/AppGridAdapterEx( 2288): page = 0>>and position==17
D/AppGridAdapterEx( 2288): aConvertView == null
I/AppGridAdapterEx( 2288): page = 1>>and position==0
I/AppGridAdapterEx( 2288): page = 1>>and position==1
D/AppGridAdapterEx( 2288): aConvertView == null
I/AppGridAdapterEx( 2288): page = 1>>and position==2
D/AppGridAdapterEx( 2288): aConvertView == null
I/AppGridAdapterEx( 2288): page = 1>>and position==3
D/AppGridAdapterEx( 2288): aConvertView == null
I/AppGridAdapterEx( 2288): page = 0>>and position==0
D/AppGridAdapterEx( 2288): aConvertView == null
I/AppGridAdapterEx( 2288): page = 0>>and position==0
I/AppGridAdapterEx( 2288): page = 1>>and position==0
D/AppGridAdapterEx( 2288): aConvertView == null
I/AppGridAdapterEx( 2288): page = 1>>and position==0
I/AppGridAdapterEx( 2288): page = 0>>and position==0
I/AppGridAdapterEx( 2288): page = 0>>and position==0
I/AppGridAdapterEx( 2288): page = 1>>and position==0
I/AppGridAdapterEx( 2288): page = 1>>and position==0
I/MyAppScroll( 2288): currentView:page0
I/TESTGridView( 2288): onFocusChange:mFocusPosition ==-1
I/System.out( 2288): count=2
I/AppGridAdapterEx( 2288): page = 0>>and position==0
I/AppGridAdapterEx( 2288): page = 0>>and position==0
I/AppGridAdapterEx( 2288): page = 1>>and position==0
I/AppGridAdapterEx( 2288): page = 1>>and position==0
I/AppGridAdapterEx( 2288): page = 0>>and position==0
I/AppGridAdapterEx( 2288): page = 0>>and position==0
I/AppGridAdapterEx( 2288): page = 1>>and position==0
I/AppGridAdapterEx( 2288): page = 1>>and position==0
D/dalvikvm( 4992): GC_CONCURRENT freed 222K, 6% free 4769K/5063K, paused 2ms+2ms
D/WindowManager( 1317): interceptKeyTq keycode=20 screenIsOn=true keyguardActive=false
I/WindowManager( 1317): Handle special keys: 20 
D/WindowManager( 1317): interceptKeyTi keyCode=20 down=true repeatCount=0 keyguardOn=false mHomePressed=false
I/NebulaApp( 2288): keyCode == 20 keytype ==0
D/AppGridView( 2288): page ===0event.isLongPress() ==false>>isHandlerAnimationtrue>>mFocusPosition ==0>>>mCurrentRowOfScreen ==1>>>>mCurrentRow==:1
D/AppGridView( 2288): YY :before : x=0.0>>y = 0.0
D/WindowManager( 1317): interceptKeyTq keycode=20 screenIsOn=true keyguardActive=false
I/WindowManager( 1317): Handle special keys: 20 
D/WindowManager( 1317): interceptKeyTi keyCode=20 down=false repeatCount=0 keyguardOn=false mHomePressed=false
I/NebulaApp( 2288): keyCode == 20 keytype ==1
D/AppGridView( 2288): KeyEvent.ACTION_UP.....+keyCode == 20
D/WindowManager( 1317): interceptKeyTq keycode=20 screenIsOn=true keyguardActive=false
I/WindowManager( 1317): Handle special keys: 20 
D/WindowManager( 1317): interceptKeyTi keyCode=20 down=true repeatCount=0 keyguardOn=false mHomePressed=false
I/NebulaApp( 2288): keyCode == 20 keytype ==0
D/AppGridView( 2288): page ===0event.isLongPress() ==false>>isHandlerAnimationtrue>>mFocusPosition ==6>>>mCurrentRowOfScreen ==2>>>>mCurrentRow==:1
D/AppGridView( 2288): YY : end : x=0.0>>y = 243.0
I/AppGridAdapterEx( 2288): page = 0>>and position==0
I/AppGridAdapterEx( 2288): page = 0>>and position==0
D/WindowManager( 1317): interceptKeyTq keycode=20 screenIsOn=true keyguardActive=false
I/WindowManager( 1317): Handle special keys: 20 
D/WindowManager( 1317): interceptKeyTi keyCode=20 down=false repeatCount=0 keyguardOn=false mHomePressed=false
I/AppGridAdapterEx( 2288): page = 1>>and position==0
I/AppGridAdapterEx( 2288): page = 1>>and position==0
I/AppGridAdapterEx( 2288): page = 0>>and position==0
I/AppGridAdapterEx( 2288): page = 0>>and position==0
I/AppGridAdapterEx( 2288): page = 1>>and position==0
I/AppGridAdapterEx( 2288): page = 1>>and position==0
D/WindowManager( 1317): interceptKeyTq keycode=20 screenIsOn=true keyguardActive=false
I/WindowManager( 1317): Handle special keys: 20 
D/WindowManager( 1317): interceptKeyTi keyCode=20 down=true repeatCount=0 keyguardOn=false mHomePressed=false
I/NebulaApp( 2288): keyCode == 20 keytype ==1
D/AppGridView( 2288): KeyEvent.ACTION_UP.....+keyCode == 20
I/NebulaApp( 2288): keyCode == 20 keytype ==0
D/AppGridView( 2288): page ===0event.isLongPress() ==false>>isHandlerAnimationtrue>>mFocusPosition ==6>>>mCurrentRowOfScreen ==2>>>>mCurrentRow==:2
D/AppGridView( 2288): YY :before : x=0.0>>y = 243.0
D/WindowManager( 1317): interceptKeyTq keycode=20 screenIsOn=true keyguardActive=false
I/WindowManager( 1317): Handle special keys: 20 
D/WindowManager( 1317): interceptKeyTi keyCode=20 down=false repeatCount=0 keyguardOn=false mHomePressed=false
I/NebulaApp( 2288): keyCode == 20 keytype ==1
D/AppGridView( 2288): KeyEvent.ACTION_UP.....+keyCode == 20
D/AppGridView( 2288): YY : end : x=0.0>>y = 486.0
I/AppGridAdapterEx( 2288): page = 0>>and position==0
I/AppGridAdapterEx( 2288): page = 0>>and position==0
I/AppGridAdapterEx( 2288): page = 1>>and position==0
I/AppGridAdapterEx( 2288): page = 1>>and position==0
I/AppGridAdapterEx( 2288): page = 0>>and position==0
I/AppGridAdapterEx( 2288): page = 0>>and position==0
I/AppGridAdapterEx( 2288): page = 1>>and position==0
I/AppGridAdapterEx( 2288): page = 1>>and position==0
D/WindowManager( 1317): interceptKeyTq keycode=22 screenIsOn=true keyguardActive=false
I/WindowManager( 1317): Handle special keys: 22 
D/WindowManager( 1317): interceptKeyTi keyCode=22 down=true repeatCount=0 keyguardOn=false mHomePressed=false
I/NebulaApp( 2288): keyCode == 22 keytype ==0
D/AppGridView( 2288): page ===0event.isLongPress() ==false>>isHandlerAnimationtrue>>mFocusPosition ==12>>>mCurrentRowOfScreen ==3>>>>mCurrentRow==:2
D/AppGridView( 2288): XX :before : x=0.0>>y = 486.0
D/WindowManager( 1317): interceptKeyTq keycode=22 screenIsOn=true keyguardActive=false
I/WindowManager( 1317): Handle special keys: 22 
D/WindowManager( 1317): interceptKeyTi keyCode=22 down=false repeatCount=0 keyguardOn=false mHomePressed=false
D/WindowManager( 1317): interceptKeyTq keycode=22 screenIsOn=true keyguardActive=false
I/WindowManager( 1317): Handle special keys: 22 
D/WindowManager( 1317): interceptKeyTi keyCode=22 down=true repeatCount=0 keyguardOn=false mHomePressed=false
I/NebulaApp( 2288): keyCode == 22 keytype ==1
D/AppGridView( 2288): KeyEvent.ACTION_UP.....+keyCode == 22
I/NebulaApp( 2288): keyCode == 22 keytype ==0
D/AppGridView( 2288): page ===0event.isLongPress() ==false>>isHandlerAnimationtrue>>mFocusPosition ==13>>>mCurrentRowOfScreen ==3>>>>mCurrentRow==:2
D/WindowManager( 1317): interceptKeyTq keycode=22 screenIsOn=true keyguardActive=false
I/WindowManager( 1317): Handle special keys: 22 
D/WindowManager( 1317): interceptKeyTi keyCode=22 down=false repeatCount=0 keyguardOn=false mHomePressed=false
D/WindowManager( 1317): interceptKeyTq keycode=22 screenIsOn=true keyguardActive=false
I/WindowManager( 1317): Handle special keys: 22 
D/WindowManager( 1317): interceptKeyTi keyCode=22 down=true repeatCount=0 keyguardOn=false mHomePressed=false
I/NebulaApp( 2288): keyCode == 22 keytype ==1
D/AppGridView( 2288): KeyEvent.ACTION_UP.....+keyCode == 22
D/AppGridView( 2288): XX : end : x=253.0>>y = 486.0
I/AppGridAdapterEx( 2288): page = 0>>and position==0
I/AppGridAdapterEx( 2288): page = 0>>and position==0
I/AppGridAdapterEx( 2288): page = 1>>and position==0
I/AppGridAdapterEx( 2288): page = 1>>and position==0
I/AppGridAdapterEx( 2288): page = 0>>and position==0
I/AppGridAdapterEx( 2288): page = 0>>and position==0
I/AppGridAdapterEx( 2288): page = 1>>and position==0
D/WindowManager( 1317): interceptKeyTq keycode=22 screenIsOn=true keyguardActive=false
I/WindowManager( 1317): Handle special keys: 22 
D/WindowManager( 1317): interceptKeyTi keyCode=22 down=false repeatCount=0 keyguardOn=false mHomePressed=false
I/AppGridAdapterEx( 2288): page = 1>>and position==0
I/ActivityManager( 1317): No longer want com.lenovo.fota (pid 3032): hidden #16
D/WindowManager( 1317): interceptKeyTq keycode=22 screenIsOn=true keyguardActive=false
I/WindowManager( 1317): Handle special keys: 22 
I/NebulaApp( 2288): keyCode == 22 keytype ==0
D/AppGridView( 2288): page ===0event.isLongPress() ==false>>isHandlerAnimationtrue>>mFocusPosition ==13>>>mCurrentRowOfScreen ==3>>>>mCurrentRow==:2
D/AppGridView( 2288): XX :before : x=253.0>>y = 486.0
D/WindowManager( 1317): interceptKeyTi keyCode=22 down=true repeatCount=0 keyguardOn=false mHomePressed=false
D/WindowManager( 1317): interceptKeyTq keycode=22 screenIsOn=true keyguardActive=false
I/WindowManager( 1317): Handle special keys: 22 
I/NebulaApp( 2288): keyCode == 22 keytype ==1
D/AppGridView( 2288): KeyEvent.ACTION_UP.....+keyCode == 22
D/WindowManager( 1317): interceptKeyTi keyCode=22 down=false repeatCount=0 keyguardOn=false mHomePressed=false
I/NebulaApp( 2288): keyCode == 22 keytype ==0
D/AppGridView( 2288): page ===0event.isLongPress() ==false>>isHandlerAnimationtrue>>mFocusPosition ==14>>>mCurrentRowOfScreen ==3>>>>mCurrentRow==:2
I/NebulaApp( 2288): keyCode == 22 keytype ==1
D/AppGridView( 2288): KeyEvent.ACTION_UP.....+keyCode == 22
W/ActivityManager( 1317): Scheduling restart of crashed service com.lenovo.fota/.OTAService in 20472ms
D/WindowManager( 1317): interceptKeyTq keycode=22 screenIsOn=true keyguardActive=false
I/WindowManager( 1317): Handle special keys: 22 
D/WindowManager( 1317): interceptKeyTi keyCode=22 down=true repeatCount=0 keyguardOn=false mHomePressed=false
D/WindowManager( 1317): interceptKeyTq keycode=22 screenIsOn=true keyguardActive=false
I/WindowManager( 1317): Handle special keys: 22 
D/WindowManager( 1317): interceptKeyTi keyCode=22 down=false repeatCount=0 keyguardOn=false mHomePressed=false
I/NebulaApp( 2288): keyCode == 22 keytype ==0
D/AppGridView( 2288): page ===0event.isLongPress() ==false>>isHandlerAnimationtrue>>mFocusPosition ==14>>>mCurrentRowOfScreen ==3>>>>mCurrentRow==:2
D/AppGridView( 2288): XX : end : x=506.0>>y = 486.0
I/AppGridAdapterEx( 2288): page = 0>>and position==0
I/AppGridAdapterEx( 2288): page = 0>>and position==0
I/AppGridAdapterEx( 2288): page = 1>>and position==0
I/AppGridAdapterEx( 2288): page = 1>>and position==0
I/AppGridAdapterEx( 2288): page = 0>>and position==0
I/AppGridAdapterEx( 2288): page = 0>>and position==0
I/AppGridAdapterEx( 2288): page = 1>>and position==0
I/AppGridAdapterEx( 2288): page = 1>>and position==0
I/NebulaApp( 2288): keyCode == 22 keytype ==1
D/AppGridView( 2288): KeyEvent.ACTION_UP.....+keyCode == 22
I/ActivityManager( 1317): Start proc com.lenovo.dll.nebula.vod for service com.lenovo.dll.nebula.vod/.cache.service.CacheClearService: pid=5017 uid=10043 gids={1015, 3003}
D/dalvikvm( 1317): JIT code cache reset in 8 ms (1048568 bytes 1/0)
D/dalvikvm( 1317): GC_EXPLICIT freed 1089K, 63% free 11173K/29575K, paused 3ms+17ms
D/Proxy   ( 5017): setHttpProxySystemProperty :null:null - null
I/ActivityThread( 5017): Pub com.lenovo.dll.nebula.vod.searchProvider: com.lenovo.dll.nebula.vod.search.SearchProvider
I/ActivityThread( 5017): Pub com.lenovo.dll.nebula.vod.cacheProvider: com.lenovo.dll.nebula.vod.cache.sd.CacheProviderSD
I/VOD_CACHE( 5017): |INFO|Get vod DB helper|class com.lenovo.dll.nebula.vod.cache.sd.VodDBHelper|
I/VodApplication( 5017): onCreate
D/WindowManager( 1317): interceptKeyTq keycode=22 screenIsOn=true keyguardActive=false
I/WindowManager( 1317): Handle special keys: 22 
D/WindowManager( 1317): interceptKeyTi keyCode=22 down=true repeatCount=0 keyguardOn=false mHomePressed=false
I/NebulaApp( 2288): keyCode == 22 keytype ==0
D/AppGridView( 2288): page ===0event.isLongPress() ==false>>isHandlerAnimationtrue>>mFocusPosition ==14>>>mCurrentRowOfScreen ==3>>>>mCurrentRow==:2
D/AppGridView( 2288): XX :before : x=506.0>>y = 486.0
D/WindowManager( 1317): interceptKeyTq keycode=22 screenIsOn=true keyguardActive=false
I/WindowManager( 1317): Handle special keys: 22 
D/WindowManager( 1317): interceptKeyTi keyCode=22 down=false repeatCount=0 keyguardOn=false mHomePressed=false
I/NebulaApp( 2288): keyCode == 22 keytype ==1
D/AppGridView( 2288): KeyEvent.ACTION_UP.....+keyCode == 22
D/AppGridView( 2288): XX : end : x=759.0>>y = 486.0
I/AppGridAdapterEx( 2288): page = 0>>and position==0
I/AppGridAdapterEx( 2288): page = 0>>and position==0
I/AppGridAdapterEx( 2288): page = 1>>and position==0
I/AppGridAdapterEx( 2288): page = 1>>and position==0
I/AppGridAdapterEx( 2288): page = 0>>and position==0
I/AppGridAdapterEx( 2288): page = 0>>and position==0
I/AppGridAdapterEx( 2288): page = 1>>and position==0
I/AppGridAdapterEx( 2288): page = 1>>and position==0
D/WindowManager( 1317): interceptKeyTq keycode=66 screenIsOn=true keyguardActive=false
I/WindowManager( 1317): Handle special keys: 66 
D/WindowManager( 1317): interceptKeyTi keyCode=66 down=true repeatCount=0 keyguardOn=false mHomePressed=false
I/NebulaApp( 2288): keyCode == 66 keytype ==0
D/AppGridView( 2288): page ===0event.isLongPress() ==false>>isHandlerAnimationtrue>>mFocusPosition ==15>>>mCurrentRowOfScreen ==3>>>>mCurrentRow==:2
D/WindowManager( 1317): interceptKeyTq keycode=66 screenIsOn=true keyguardActive=false
I/WindowManager( 1317): Handle special keys: 66 
D/WindowManager( 1317): interceptKeyTi keyCode=66 down=false repeatCount=0 keyguardOn=false mHomePressed=false
I/NebulaApp( 2288): keyCode == 66 keytype ==1
D/AppGridView( 2288): KeyEvent.ACTION_UP.....+keyCode == 66
I/ActivityManager( 1317): START {flg=0x10000000 cmp=com.lenovo.videotalk/com.lenovo.vctl.weaver.ui.WeaverHome} from pid 2288
E/StatisticService( 1317): ** Activity strting com.lenovo.videotalk
D/StatisticService( 1317): addMessage messages:{"event":"app_exit","properties":{"title":"","duratio
D/StatisticService( 1317): addMessage messages:n":"60","time":1362982342,"code":"com.lenovo.nebula.app"}
D/StatisticService( 1317): addMessage messages:{"event":"app_start","properties":{"title":""
D/StatisticService( 1317): addMessage messages:,"time":1362982342,"code":"com.lenovo.videotalk"}
D/skia_jpeg( 1317): fgPngGetHwInstance get hw instance ret=0!
D/skia_jpeg( 1317): mtimage_png_dec_start MTIMAGE_DataFromBuffer
I/NebulaApp( 2288): com.lenovo.nebula.app.NebulaAppActivity|INFO|onPause.... 
D/skia_jpeg( 1317): ANDROID_LIBPNG_RZ_IOMMU Enable********DecAddr=0x6afe9020***
D/dalvikvm( 5030): Not late-enabling CheckJNI (already on)
I/ActivityManager( 1317): Start proc com.lenovo.videotalk for activity com.lenovo.videotalk/com.lenovo.vctl.weaver.ui.WeaverHome: pid=5030 uid=10045 gids={3003, 1007, 1015, 1006}
D/Proxy   ( 5030): setHttpProxySystemProperty :null:null - null
D/skia_jpeg( 1317): PNG EOF...
D/skia_jpeg( 1317): mtimage_png_getImg osdmode 0, doDither 0!
D/skia_jpeg( 5030): fgPngIsFree:first init
D/skia_jpeg( 5030): fgPngIsFree:hardware busy!!! 0x6
D/skia    ( 5030): *****Error*****Png HW decoder busy, try software!!!!
D/dalvikvm( 5030): GC_FOR_ALLOC freed 93K, 5% free 4166K/4359K, paused 7ms
I/dalvikvm-heap( 5030): Grow heap (frag case) to 12.034MB for 8294416-byte allocation
D/dalvikvm( 5030): GC_CONCURRENT freed <1K, 2% free 12265K/12487K, paused 1ms+1ms
D/dalvikvm( 1317): GC_FOR_ALLOC freed 180K, 63% free 11163K/29575K, paused 41ms
I/dalvikvm-heap( 1317): Grow heap (frag case) to 18.873MB for 8294416-byte allocation
D/skia_jpeg( 1317): mtimage_png_dec_close...fgStop 0
D/skia_jpeg( 1317): fgPngReleaseHwInstance release hw instance ret=0!
D/dalvikvm( 1317): GC_CONCURRENT freed <1K, 35% free 19262K/29575K, paused 3ms+8ms
D/WindowManager( 1317): layout3D  = 1
D/WindowManager( 1317): layout3D sidebyside  = 32
I/Process ( 1317): Sending signal. PID: 5030 SIG: 3
I/dalvikvm( 5030): threadid=3: reacting to signal 3
I/dalvikvm( 5030): Wrote stack traces to '/data/anr/traces.txt'
I/TMP     ( 5030): =====================isEN:false
I/Process ( 1317): Sending signal. PID: 5030 SIG: 3
I/dalvikvm( 5030): threadid=3: reacting to signal 3
I/dalvikvm( 5030): Wrote stack traces to '/data/anr/traces.txt'
D/dalvikvm( 5030): GC_CONCURRENT freed 683K, 6% free 13580K/14343K, paused 1ms+2ms
D/dalvikvm( 5050): Not late-enabling CheckJNI (already on)
I/ActivityManager( 1317): Start proc com.lenovo.vctl.weaver.alert for service com.lenovo.videotalk/com.lenovo.vctl.weaver.service.SipService: pid=5050 uid=10045 gids={3003, 1007, 1015, 1006}
I/Weaver  ( 5030): |FirstUseRunnable|check first use...
D/Activity( 5030): Activity Remote Controller rcMode =  2 
D/RemoteController( 5030): setRemoteControllerMode
I/Weaver  ( 5030): |UserSettingService|check whether it's the first time to use Weaver.
D/RemoteController( 5030): displayCursor( mode = false)
D/RemoteController( 5030): ---> isDisplayCursor()
D/TAG     ( 5030): --->getCurrentCursorIcon()
D/RemoteController( 5030): doSetRcMode mode = 2
D/RemoteControllerService( 1317): send command Mode =2, mModeChange = 33
D/RemoteControllerService( 1317): Send To Handler Remote Controller Mode = 2, Old Mode= -1, time = 1362982344247
I/ApplicationContext( 5030): registerService(CONNTECH_SERVICE,...) (ConnTech)
