D/IConnService( 1317): [Demo-0.01.18.0][ConnTechService]:[2013-03-11 14:12:24.250+0800][#*#setCustomState(packageName=com.lenovo.videotalk, customState=100, customPackageName=null)#*#]
W/____    ( 5030): onResume start
D/IConnService( 1317): [Demo-0.01.18.0][ConnTechService]:[2013-03-11 14:12:24.252+0800][#*#--ztc--9-- APP_CHANGE_STATE---> incrementId = 32#*#]
D/IConnService( 1317): [Demo-0.01.18.0][ConnTechService]:[2013-03-11 14:12:24.254+0800][#*#-- APP_CHANGE_STATE :seqId 50331680, moduleId = 8, actionId=5, mTvPackageName=com.lenovo.videotalk, mPadState=100, mPadPackageName=com.lenovo.videotalk, length=28#*#]
D/IConnService( 1317): [Demo-0.01.18.0][ConnTechService]:[2013-03-11 14:12:24.257+0800][#*#sendData() :seqId 50331680, moduleId=8, actionId=5, length=28#*#]
I/Weaver  ( 5030): |UserSettingService|isFirstUse:true
I/Weaver  ( 5030): |UserSettingService|first use Weaver.
I/Weaver  ( 5030): |SendNotification|sendToMsgCenter. phoneNum:null
I/Weaver  ( 5030): |UserSettingService|Start getting notification sound...
E/ReaperServerAddressQueryTask( 5030): processResponseResult fail. Invalid long: "
E/ReaperServerAddressQueryTask( 5030): 604800"
I/Weaver  ( 5030): |UserSettingService|Finish getting notification sound. It is:true
D/IConnService( 1317): [Demo-0.01.18.0][DataPackageSender]:[2013-03-11 14:12:24.261+0800][#*#sendDataPackage priority===>3#*#]
W/____    ( 5030): onResume end
I/CommandQueue( 3111): MSG_add_notification
D/IConnService( 1317): [Demo-0.01.18.0][DataPackageSender]:[2013-03-11 14:12:24.283+0800][#*#sendDataPackage originalData.length===>56#*#]
W/vctl    ( 5030): intent.getAction: android.net.conn.CONNECTIVITY_CHANGE
D/WindowManager( 1317): layout3D  = 1
D/WindowManager( 1317): layout3D sidebyside  = 32
D/StatusBar( 3111): in addNotification IBinder:android.os.BinderProxy@411de598    StatusBarNotification:StatusBarNotification(package=com.lenovo.videotalk id=11896 tag=null notification=Notification(contentView=com.lenovo.videotalk/0x109009b vibrate=null,sound=default,defaults=0x1,flags=0x0) priority=0)
D/IConnService( 1317): [Demo-0.01.18.0][DataPackageSender]:[2013-03-11 14:12:24.296+0800][#*#discardPackage priority===>3#*#]
I/SurfaceView( 5030): update window set3DLayout: 1
D/IConnService( 1317): [Demo-0.01.18.0][DataPackageSender]:[2013-03-11 14:12:24.311+0800][#*#discardPackage mSubDataList.size()+count===>1#*#]
D/WindowManager( 1317): layout3D  = 1
D/WindowManager( 1317): layout3D sidebyside  = 32
D/IConnService( 1317): [Demo-0.01.18.0][ConnTechService]:[2013-03-11 14:12:24.328+0800][#*#--End Handler-- idsMap.remove(), seqId=50331680, HashMap.size=0#*#]
D/libEGL  ( 5030): loaded /system/lib/egl/libGLES_android.so
D/WindowManager( 1317): layout3D  = 1
D/WindowManager( 1317): layout3D sidebyside  = 32
D/StatusBar( 3111): currentNotifiMsg=!
I/SurfaceView( 5030): update window set3DLayout: 1
D/WindowManager( 1317): layout3D  = 1
D/WindowManager( 1317): layout3D sidebyside  = 32
D/libEGL  ( 5030): loaded /system/lib/egl/libEGL_mali.so
D/libEGL  ( 5030): loaded /system/lib/egl/libGLESv1_CM_mali.so
I/StatusBar( 3111): notificationmap size is:1; notifications size is:1
I/MediaPlayerService(  792): In MediaPlayerService: call getPlayerType(1) ident = 2005367674f !
I/MediaPlayerService(  792): this file is ogg file, android default player !!
D/libEGL  ( 5030): loaded /system/lib/egl/libGLESv2_mali.so
D/MessagerCenterServices( 3111): in services BroadcastReceiver action: com.lenovo.msg.center.getData
D/Proxy   ( 5050): setHttpProxySystemProperty :null:null - null
D/MessagerCenterServices( 3111): isInActivity=false  msg.what=0
D/MessagerCenterServices( 3111): set back show view is visiable ,the is_msg is !   isInActivity=false
D/MessagerCenterServices( 3111): set back show view is visiable ,the is_msg is true
I/ActivityThread( 5050): Pub com.lenovo.vctl.weaver.content.flash.image: com.lenovo.vctl.weaver.db.ImageProvider
I/AudioService( 1317):  AudioFocus  requestAudioFocus() from android.media.AudioManager@41380bc8
I/Process ( 1317): Sending signal. PID: 5030 SIG: 3
I/dalvikvm( 5030): threadid=3: reacting to signal 3
I/dalvikvm( 5030): Wrote stack traces to '/data/anr/traces.txt'
I/ActivityThread( 5050): Pub com.lenovo.vctl.weaver.content.sd: com.lenovo.vctl.weaver.db.SdProvider
W/MountService( 1317): getVolumeState(/mnt/sdcard): Unknown volume
I/ActivityThread( 5050): Pub com.lenovo.vctl.weaver.content.flash: com.lenovo.vctl.weaver.db.FlashProvider
D/audio_hw_primary(  792): Check PLAYBACK for /dev/snd/pcmC0D0p OK.
D/audio_hw_primary(  792): Get a card with (mtk - mtk, NULL, 1) =  0 [mtk            ]: mtk - mtk
D/audio_hw_primary(  792):  .
D/WindowManager( 1317): layout3D  = 1
D/WindowManager( 1317): layout3D sidebyside  = 32
D/dalvikvm( 5030): GC_FOR_ALLOC freed 748K, 8% free 14585K/15687K, paused 19ms
I/dalvikvm-heap( 5030): Grow heap (frag case) to 17.485MB for 3340816-byte allocation
D/dalvikvm( 5030): GC_FOR_ALLOC freed 3K, 6% free 17844K/18951K, paused 19ms
I/ActivityManager( 1317): Displayed com.lenovo.videotalk/com.lenovo.vctl.weaver.ui.WeaverHome: +1s786ms
D/Weaver  ( 5050): |SipService|Service create......
I/NebulaApp( 2288): com.lenovo.nebula.app.NebulaAppActivity|INFO|onStop.... 
E/NotificationService( 1317): Ignoring notification with icon==0: Notification(contentView=null vibrate=null,sound=null,defaults=0x0,flags=0x62)
E/Weaver  ( 5050): |SipService|Is Create:true
D/Weaver  ( 5050): |SipService|Weaver alert service start......
I/Weaver  ( 5050): |SipService|Start service because of weaver app! WEAVER_START
I/Weaver  ( 5050): |TVLoginProcessManager|**********Send current account status to UI !**********
W/Weaver  ( 5050): |TVLoginProcessManager|Account login fail and send error code! 0
I/MyUpdateBroadCaseReceiver( 1991): ACTION_REGISTRATION_CHANGED 3  mUserDb   UserId:222657--Name:--Mobile:60000191759--Passport:35679449--Gender:0--IsBinded:0--IsShield:0--IsLenovo:0--PictrueUrl:--SipUrl:null--Status:0
I/MyUpdateBroadCaseReceiver( 1991): ACTION_REGISTRATION_CHANGED 3 receiveaif null
I/MyUpdateBroadCaseReceiver( 1991): setisnoUpdatReplaceUser 000000  reason  null mUserDb   UserId:222657--Name:--Mobile:60000191759--Passport:35679449--Gender:0--IsBinded:0--IsShield:0--IsLenovo:0--PictrueUrl:--SipUrl:null--Status:0
D/dalvikvm( 5030): GC_CONCURRENT freed 5K, 6% free 17952K/18951K, paused 2ms+3ms
W/vctl    ( 5030): rv.initRvTexture(): 292
W/vctl    ( 5030): intent.getAction: com.lenovo.vctl.weaver.service.registration
D/dalvikvm( 5030): GC_FOR_ALLOC freed 284K, 7% free 18763K/20103K, paused 16ms
D/dalvikvm( 5030): GC_FOR_ALLOC freed 282K, 7% free 19359K/20743K, paused 23ms
W/vctl    ( 5030): LeViewGL: sc.initTexture(): 9
D/dalvikvm( 5030): GC_FOR_ALLOC freed 604K, 8% free 19740K/21447K, paused 21ms
W/vctl    ( 5030): LeContactGL: gv.initTexture(): 266
W/vctl    ( 5030): LeContactGL: ch.initTexture(): 14
W/vctl    ( 5030): LeContactGL: 280
W/vctl    ( 5030): LeViewGL: sc.initTexture(): 0
D/dalvikvm( 5030): GC_FOR_ALLOC freed 476K, 6% free 20703K/21831K, paused 17ms
D/Weaver  ( 5030): |LoginMenuDialog|Register broadcast receiver!
D/dalvikvm( 5030): GC_FOR_ALLOC freed 369K, 6% free 21311K/22471K, paused 17ms
E/Weaver  ( 5030): |LoginMenuDialog|Start get info from DB:1362982345333
D/Weaver  ( 5030): |LoginMenuDialog|Login page get default account information from DB.
E/Weaver  ( 5030): |LoginMenuDialog|Start get default from DB:1362982345344
I/Weaver  ( 5030): |UserInfoCloudService|Get default account information from DB.
W/vctl    ( 5030): LeHistoryGL: 172
I/Weaver  ( 5050): |FlashProvider|Query data from flash DB. table:history_account
D/dalvikvm( 5030): GC_FOR_ALLOC freed 72K, 3% free 22799K/23431K, paused 20ms
D/dalvikvm( 5030): GC_FOR_ALLOC freed 250K, 4% free 24007K/24775K, paused 18ms
W/w       ( 5030): LeToolGL.buildTexture: bmp==null
W/vctl    ( 5030): LeViewGL: Error
W/vctl    ( 5030): LeDialGL: 298
D/WindowManager( 1317): layout3D  = 1
D/WindowManager( 1317): layout3D sidebyside  = 32
D/dalvikvm( 5030): GC_FOR_ALLOC freed 483K, 4% free 25002K/25991K, paused 19ms
D/dalvikvm( 5030): GC_FOR_ALLOC freed 24K, 5% free 25834K/26951K, paused 18ms
D/dalvikvm( 5030): GC_FOR_ALLOC freed 568K, 7% free 26175K/27911K, paused 18ms
D/dalvikvm( 5030): GC_FOR_ALLOC freed 564K, 7% free 26487K/28231K, paused 18ms
D/dalvikvm( 5030): GC_FOR_ALLOC freed 1356K, 7% free 26676K/28615K, paused 18ms
W/vctl    ( 5030): LeMeGL: 336
D/dalvikvm( 5030): GC_FOR_ALLOC freed 120K, 7% free 26895K/28615K, paused 19ms
I/dalvikvm-heap( 5030): Grow heap (frag case) to 27.372MB for 1102624-byte allocation
D/dalvikvm( 5030): GC_FOR_ALLOC freed 1K, 6% free 27970K/29703K, paused 21ms
D/Weaver  ( 5030): |LoginMenuDialog|Login page get last account information from DB.
E/Weaver  ( 5030): |LoginMenuDialog|Start get last from DB:1362982346064
I/Weaver  ( 5030): |UserInfoCloudService|Get last account information from DB.
I/Weaver  ( 5050): |FlashProvider|Query data from flash DB. table:history_account
E/Weaver  ( 5030): |LoginMenuDialog|Over get info from DB:1362982346100
W/vctl    ( 5030): LeToastGL: 112
W/vctl    ( 5030): LeLoadingGL: 0
D/Weaver  ( 5030): |LoginMenuDialog|Login page display account LOGO.
D/dalvikvm( 5030): GC_FOR_ALLOC freed 9K, 6% free 28170K/29703K, paused 18ms
I/dalvikvm-heap( 5030): Grow heap (frag case) to 33.168MB for 5875216-byte allocation
D/dalvikvm( 5030): GC_FOR_ALLOC freed 2K, 5% free 33905K/35463K, paused 23ms
D/dalvikvm( 5030): GC_CONCURRENT freed 308K, 3% free 34577K/35463K, paused 2ms+4ms
I/AudioService( 1317):  AudioFocus  abandonAudioFocus() from android.media.AudioManager@41380bc8
D/WindowManager( 1317): layout3D  = 1
D/WindowManager( 1317): layout3D sidebyside  = 32
D/dalvikvm( 5030): GC_FOR_ALLOC freed 323K, 3% free 35782K/36743K, paused 24ms
W/vctl    ( 5030): LeDetailGL: 1: 493
D/dalvikvm( 5030): GC_FOR_ALLOC freed 1213K, 5% free 36278K/37895K, paused 20ms
W/vctl    ( 5030): LeViewGL: sc.initTexture(): 0
W/vctl    ( 5030): LeDetailGL: 2: 109
W/vctl    ( 5030): LeDetailGL: 603
D/dalvikvm( 5030): GC_FOR_ALLOC freed 415K, 3% free 37418K/38279K, paused 20ms
D/dalvikvm( 5030): GC_FOR_ALLOC freed 877K, 5% free 37726K/39559K, paused 19ms
D/dalvikvm( 5030): GC_FOR_ALLOC freed 353K, 4% free 38295K/39751K, paused 20ms
W/vctl    ( 5030): LeViewGL: sc.initTexture(): 0
D/dalvikvm( 5030): GC_FOR_ALLOC freed 353K, 4% free 39013K/40327K, paused 24ms
W/vctl    ( 5030): LeViewGL: sc.initTexture(): 0
W/vctl    ( 5030): LeUserPhotoListGL: 214
W/vctl    ( 5030): rv.initTexture(): 2309
W/FPS     ( 5030): FPS:39
D/MessagerCenterServices( 3111): isInActivity=false  msg.what=1
D/WindowManager( 1317): interceptKeyTq keycode=22 screenIsOn=true keyguardActive=false
I/WindowManager( 1317): Handle special keys: 22 
D/WindowManager( 1317): interceptKeyTi keyCode=22 down=true repeatCount=0 keyguardOn=false mHomePressed=false
D/audio_hw_primary(  792): Check PLAYBACK for /dev/snd/pcmC0D0p OK.
D/audio_hw_primary(  792): Get a card with (mtk - mtk, NULL, 1) =  0 [mtk            ]: mtk - mtk
D/audio_hw_primary(  792):  .
E/Weaver  ( 5030): |LoginMenuDialog|ItemSelected:1
D/WindowManager( 1317): interceptKeyTq keycode=22 screenIsOn=true keyguardActive=false
I/WindowManager( 1317): Handle special keys: 22 
D/WindowManager( 1317): interceptKeyTi keyCode=22 down=false repeatCount=0 keyguardOn=false mHomePressed=false
I/ActivityManager( 1317): Start proc com.lenovo.leos.devicediscover for service com.lenovo.leos.devicediscover/.DeviceDiscoverService: pid=5081 uid=10009 gids={3003}
D/Proxy   ( 5081): setHttpProxySystemProperty :null:null - null
D/DeviceDiscoverService( 5081): ========SERVICE ON CREATE=========
D/StateMachine( 1317): handleMessage: E msg.what=131157
D/StateMachine( 1317): processMsg: DriverUnloadedState
D/WifiStateMachine( 1317): DriverUnloadedState{ what=131157 when=-2ms }
D/StateMachine( 1317): processMsg: DefaultState
D/WifiStateMachine( 1317): DefaultState{ what=131157 when=-3ms }
E/WifiStateMachine( 1317): Error! unhandled message{ what=131157 when=-3ms }
D/StateMachine( 1317): handleMessage: X
D/dalvikvm( 1628): GC_EXPLICIT freed 152K, 12% free 4754K/5383K, paused 1ms+2ms
D/WindowManager( 1317): interceptKeyTq keycode=20 screenIsOn=true keyguardActive=false
I/WindowManager( 1317): Handle special keys: 20 
D/WindowManager( 1317): interceptKeyTi keyCode=20 down=true repeatCount=0 keyguardOn=false mHomePressed=false
I/PhoneWindow( 5030): keycode:20Key down: repeat=0 flags=0x8
E/Weaver  ( 5030): |LoginMenuDialog|focus false:
D/WindowManager( 1317): interceptKeyTq keycode=20 screenIsOn=true keyguardActive=false
I/WindowManager( 1317): Handle special keys: 20 
D/WindowManager( 1317): interceptKeyTi keyCode=20 down=false repeatCount=0 keyguardOn=false mHomePressed=false
I/NetworkStateReceiver( 5081): ===false===true===
D/InputEventConsistencyVerifier( 5030): KeyEvent: ACTION_UP but key was not down.
D/InputEventConsistencyVerifier( 5030):   in android.widget.Button@419c9a40
D/InputEventConsistencyVerifier( 5030):   0: sent at 13404347000000, KeyEvent { action=ACTION_UP, keyCode=KEYCODE_DPAD_DOWN, scanCode=108, metaState=0, flags=0x8, repeatCount=0, eventTime=13404347, downTime=13404179, deviceId=22, source=0x101 }
W/MountService( 1317): getVolumeState(/mnt/sdcard): Unknown volume
I/Launcher( 1991): |INFO|exist file in databasehttp://jq.v.ismartv.com.cn/topvideo/no0241_20130310_00_18fps.mp4|com.lenovo.dll.nebula.launcher.vod.TrailerManager|
I/Launcher( 1991): |INFO|the downloaded video url is http://jq.v.ismartv.com.cn/topvideo/no0241_20130310_00_18fps.mp4-------the downloaded videoName is 1362982352417.stagefright|com.lenovo.dll.nebula.launcher.vod.TrailerManager|
D/dalvikvm( 5081): GC_CONCURRENT freed 382K, 11% free 4072K/4551K, paused 1ms+1ms
D/WindowManager( 1317): interceptKeyTq keycode=66 screenIsOn=true keyguardActive=false
I/WindowManager( 1317): Handle special keys: 66 
D/WindowManager( 1317): interceptKeyTi keyCode=66 down=true repeatCount=0 keyguardOn=false mHomePressed=false
D/MulticastPkgSender( 5081): =============={"version":"2.5","messagetype":"online","sessionid":"0","deviceinfo":{"deviceid":"-02-04-021354","alias":"ideatv--02-04-021354","nettype":"1","status":"Online","devicetype":"3","devicemodel":"ideatv","lenovoid":""},"services":[{"type":"device","url":"http://192.168.1.100:8888/v1/auth/"},{"type":"render","url":"http://192.168.1.100:8888/v1/player/"}]}=============
D/MulticastPkgSender( 5081): =============={"version":"2.5","messagetype":"request","sessionid":1,"deviceinfo":{"deviceid":"-02-04-021354","alias":"ideatv--02-04-021354","nettype":"1","status":"Online","devicetype":"3","devicemodel":"ideatv","lenovoid":""},"services":[{"type":"device","url":"http://192.168.1.100:8888/v1/auth/"},{"type":"render","url":"http://192.168.1.100:8888/v1/player/"}]}=============
D/MulticastServer( 5081): {"version":"2.5","messagetype":"online","sessionid":"0","deviceinfo":{"deviceid":"-02-04-021354","alias":"ideatv--02-04-021354","nettype":"1","status":"Online","devicetype":"3","devicemodel":"ideatv","lenovoid":""},"services":[{"type":"device","url":"http://192.168.1.100:8888/v1/auth/"},{"type":"render","url":"http://192.168.1
D/DeviceDiscoverService( 5081): *************NETWORKSTATERECEIVER_MSG*****************
D/WindowManager( 1317): interceptKeyTq keycode=66 screenIsOn=true keyguardActive=false
I/WindowManager( 1317): Handle special keys: 66 
D/WindowManager( 1317): interceptKeyTi keyCode=66 down=false repeatCount=0 keyguardOn=false mHomePressed=false
D/Weaver  ( 5030): |LoginMenuDialog|weaver account: , 
E/Weaver  ( 5050): |SipService|Is Create:false
D/Weaver  ( 5050): |SipService|Weaver alert service start......
I/Weaver  ( 5050): |SipService|Start service because of default account login! DEFAULT_LOGIN
I/Weaver  ( 5050): |SipService|Ready to login again, because of DEFAULT_LOGIN
D/Weaver  ( 5050): |LoginQueue|Execute login task, resson:DEFAULT_LOGIN
D/Weaver  ( 5050): |LoginRunnable|Execute login task ...... 
I/Weaver  ( 5050): |FlashProvider|Update data on flash DB. table:login
D/Weaver  ( 5050): |FlashProvider|Start to update data on flash DB. table:login
D/Weaver  ( 5050): |FlashProvider|Start to delete data on flash DB. table:login
D/WindowManager( 1317): layout3D  = 1
D/WindowManager( 1317): layout3D sidebyside  = 32
D/DeviceDiscoverService( 5081): **************PUSH_ENGINE_RETURN_ME****************
D/MulticastServer( 5081): {"version":"2.5","messagetype":"request","sessionid":1,"deviceinfo":{"deviceid":"-02-04-021354","alias":"ideatv--02-04-021354","nettype":"1","status":"Online","devicetype":"3","devicemodel":"ideatv","lenovoid":""},"services":[{"type":"device","url":"http://192.168.1.100:8888/v1/auth/"},{"type":"render","url":"http://192.168.1
D/LDI     ( 5081): ========192.168.1.100
D/MulticastServer( 5081): {"version":"2.5","messagetype":"response","sessionid":31,"deviceinfo":{"deviceid":"unknown","alias":"ideatv-unknown","nettype":"1","status":"Online","devicetype":"3","devicemodel":"ideatv","lenovoid":""},"services":[{"type":"device","url":"http://192.168.1.107:8888/v1/auth/"},{"type":"render","url":"http://192.168.1.107:8888/v1/player/"}]}
D/LDI     ( 5081): ========192.168.1.100
D/LDI     ( 5081): ========192.168.1.107
D/LDI     ( 5081): ========android.util.MalformedJsonException: Unterminated string at line 1 column 341
D/LDI     ( 5081): ========192.168.1.107
D/LDI     ( 5081): ========192.168.1.107
D/MulticastServer( 5081): {"version":"2.5","messagetype":"response","sessionid":13,"deviceinfo":{"deviceid":"unknown","alias":"ideatv-unknown","nettype":"1","status":"Online","devicetype":"3","devicemodel":"ideatv","lenovoid":""},"services":[{"type":"device","url":"http://192.168.1.106:8888/v1/auth/"},{"type":"render","url":"http://192.168.1.106:8888/v1/player/"}]}
I/DeviceInfoPushEngine( 5081): ================PUSH================
I/DeviceInfoPushEngine( 5081): unknown=unknown=DEVICE_TV=response======STATUS_ONLINE
D/LDI     ( 5081): ========192.168.1.100
D/MulticastServer( 5081): {"version":"2.5","messagetype":"response","sessionid":3,"deviceinfo":{"deviceid":"12345678","alias":"ideatv-12345678","nettype":"1","status":"Online","devicetype":"3","devicemodel":"ideatv","lenovoid":""},"services":[{"type":"device","url":"http://192.168.1.102:8888/v1/auth/"},{"type":"render","url":"http://192.168.1.102:8888/v1/player/"}]}
D/LDI     ( 5081): ========192.168.1.106
D/LDI     ( 5081): ========192.168.1.100
D/LDI     ( 5081): ========android.util.MalformedJsonException: Unterminated string at line 1 column 340
D/LDI     ( 5081): ========192.168.1.106
D/MulticastServer( 5081): {"version":"2.5","messagetype":"response","sessionid":12,"deviceinfo":{"deviceid":"unknown","alias":"ideatv-unknown","nettype":"1","status":"Online","devicetype":"3","devicemodel":"ideatv","lenovoid":""},"services":[{"type":"device","url":"http://192.168.1.103:8888/v1/auth/"},{"type":"render","url":"http://192.168.1.103:8888/v1/player/"}]}
D/LDI     ( 5081): ========192.168.1.106
I/DeviceInfoPushEngine( 5081): ================PUSH================
D/LDI     ( 5081): ========192.168.1.103
D/LDI     ( 5081): ========192.168.1.103
D/LDI     ( 5081): ========192.168.1.103
D/LDI     ( 5081): ========192.168.1.102
I/DeviceInfoPushEngine( 5081): ================PUSH================
D/DeviceDiscoverService( 5081): *************PUSH_ENGINE_PUSH_MSG*****************
I/DeviceInfoPushEngine( 5081): unknown=unknown=DEVICE_TV=response======STATUS_ONLINE
D/DeviceDiscoverService( 5081): *************PUSH_ENGINE_PUSH_MSG*****************
I/DeviceInfoPushEngine( 5081): unknown=unknown=DEVICE_TV=response======STATUS_ONLINE
D/DeviceDiscoverService( 5081): *************PUSH_ENGINE_PUSH_MSG*****************
D/LDI     ( 5081): ========192.168.1.102
D/LDI     ( 5081): ========192.168.1.102
I/DeviceInfoPushEngine( 5081): ================PUSH================
I/DeviceInfoPushEngine( 5081): 12345678=12345678=DEVICE_TV=response======STATUS_ONLINE
I/DeviceInfoPushEngine( 5081): unknown=unknown=DEVICE_TV=response======STATUS_ONLINE
D/DeviceDiscoverService( 5081): *************PUSH_ENGINE_PUSH_MSG*****************
W/MountService( 1317): getVolumeState(/mnt/sdcard): Unknown volume
W/MountService( 1317): getVolumeState(/mnt/sdcard): Unknown volume
W/MountService( 1317): getVolumeState(/mnt/sdcard): Unknown volume
W/MountService( 1317): getVolumeState(/mnt/sdcard): Unknown volume
W/MountService( 1317): getVolumeState(/mnt/sdcard): Unknown volume
W/MountService( 1317): getVolumeState(/mnt/sdcard): Unknown volume
W/MountService( 1317): getVolumeState(/mnt/sdcard): Unknown volume
W/MountService( 1317): getVolumeState(/mnt/sdcard): Unknown volume
W/MountService( 1317): getVolumeState(/mnt/sdcard): Unknown volume
W/MountService( 1317): getVolumeState(/mnt/sdcard): Unknown volume
W/MountService( 1317): getVolumeState(/mnt/sdcard): Unknown volume
D/Weaver  ( 5050): |FlashProvider|Start to insert data to flash DB. table:login
I/DownloadsChangeObserver( 1577): dispatchUpdate
I/Weaver  ( 5050): |TVLoginProcessManager|User start login ...... 303
I/Weaver  ( 5050): |FlashProvider|Delete data on flash DB. table:user
D/Weaver  ( 5050): |FlashProvider|Start to delete data on flash DB. table:user
I/Launcher( 1991): |INFO|download status changed |com.lenovo.dll.nebula.launcher.DownLoadStatusListener$DownloadManagerContentObserver|
I/Launcher( 1991): |INFO|download status changed |com.lenovo.dll.nebula.launcher.DownLoadStatusListener$DownloadManagerContentObserver|
I/MyUpdateBroadCaseReceiver( 1991): ACTION_START_LOGIN setmMissCallMsgCount 0
I/Launcher( 1991): |INFO|download status changed |com.lenovo.dll.nebula.launcher.DownLoadStatusListener$DownloadManagerContentObserver|
I/Weaver  ( 5050): |DataSyncManager|Clear all data before synchronizing data.
I/Weaver  ( 5050): |FriendCloudService|Clear all frequent contacts in flash db and memory cache.
I/Weaver  ( 5050): |FlashProvider|Delete data on flash DB. table:contact
D/Weaver  ( 5050): |FlashProvider|Start to delete data on flash DB. table:contact
I/Weaver  ( 5050): |FlashProvider|delete result number:0
I/Weaver  ( 5050): |FriendMemCacheManager|Start clear memory frequent contacts..
I/Weaver_Base( 5050): |ConfigManager|Start to synchronizing configuration data ...... 
I/Weaver_Base( 5050): |ConfigTask|Execute get configuration information task with server.
D/Weaver_Base( 5050): |NetConnect|HTTP GET URL:http://ifaceshow.com/1.0/config/getConfig.json---PARAM:null---AGENT:TV/ideatv_A21
I/Launcher( 1991): |INFO|download state changed: downing|com.lenovo.dll.nebula.launcher.GL.GLStatusBar|
I/Launcher( 1991): |INFO|download state changed: downing|com.lenovo.dll.nebula.launcher.GL.GLStatusBar|
I/TvDownloadManager( 1577): getAllProgress:IDownloadInfoDB.TYPE_ALL
I/TvDownloadManager( 1577): getAllProgress:db count=0	os count=12	 listener count=0
I/DownloadManager( 1645): Initiating request for download 10699
D/MulticastServer( 5081): {"version":"2.5","messagetype":"response","sessionid":13,"deviceinfo":{"deviceid":"unknown","alias":"ideatv-unknown","nettype":"1","status":"Online","devicetype":"3","devicemodel":"ideatv","lenovoid":""},"services":[{"type":"device","url":"http://192.168.1.106:8888/v1/auth/"},{"type":"render","url":"http://192.168.1.106:8888/v1/player/"}]}
D/MulticastServer( 5081): {"version":"2.5","messagetype":"response","sessionid":3,"deviceinfo":{"deviceid":"12345678","alias":"ideatv-12345678","nettype":"1","status":"Online","devicetype":"3","devicemodel":"ideatv","lenovoid":""},"services":[{"type":"device","url":"http://192.168.1.102:8888/v1/auth/"},{"type":"render","url":"http://192.168.1.102:8888/v1/player/"}]}
D/LDI     ( 5081): ========192.168.1.106
D/LDI     ( 5081): ========192.168.1.106
D/MulticastServer( 5081): {"version":"2.5","messagetype":"response","sessionid":31,"deviceinfo":{"deviceid":"unknown","alias":"ideatv-unknown","nettype":"1","status":"Online","devicetype":"3","devicemodel":"ideatv","lenovoid":""},"services":[{"type":"device","url":"http://192.168.1.107:8888/v1/auth/"},{"type":"render","url":"http://192.168.1.107:8888/v1/player/"}]}
D/LDI     ( 5081): ========192.168.1.106
I/DeviceInfoPushEngine( 5081): ================PUSH================
I/DeviceInfoPushEngine( 5081): 12345678=12345678=DEVICE_TV=response======STATUS_ONLINE
I/DeviceInfoPushEngine( 5081): unknown=unknown=DEVICE_TV=response======STATUS_ONLINE
D/DeviceDiscoverService( 5081): *************PUSH_ENGINE_PUSH_MSG*****************
D/MulticastServer( 5081): {"version":"2.5","messagetype":"response","sessionid":12,"deviceinfo":{"deviceid":"unknown","alias":"ideatv-unknown","nettype":"1","status":"Online","devicetype":"3","devicemodel":"ideatv","lenovoid":""},"services":[{"type":"device","url":"http://192.168.1.103:8888/v1/auth/"},{"type":"render","url":"http://192.168.1.103:8888/v1/player/"}]}
D/LDI     ( 5081): ========192.168.1.102
D/LDI     ( 5081): ========192.168.1.107
D/LDI     ( 5081): ========192.168.1.107
D/LDI     ( 5081): ========192.168.1.102
D/LDI     ( 5081): ========192.168.1.107
I/DeviceInfoPushEngine( 5081): ================PUSH================
D/LDI     ( 5081): ========192.168.1.102
I/DeviceInfoPushEngine( 5081): 12345678=12345678=DEVICE_TV=response======STATUS_ONLINE
I/DeviceInfoPushEngine( 5081): unknown=unknown=DEVICE_TV=response======STATUS_ONLINE
D/DeviceDiscoverService( 5081): *************PUSH_ENGINE_PUSH_MSG*****************
D/LDI     ( 5081): ========192.168.1.103
D/LDI     ( 5081): ========192.168.1.103
D/LDI     ( 5081): ========192.168.1.103
I/DeviceInfoPushEngine( 5081): ================PUSH================
I/DeviceInfoPushEngine( 5081): 12345678=12345678=DEVICE_TV=response======STATUS_ONLINE
I/DeviceInfoPushEngine( 5081): unknown=unknown=DEVICE_TV=response======STATUS_ONLINE
D/DeviceDiscoverService( 5081): *************PUSH_ENGINE_PUSH_MSG*****************
D/dalvikvm( 1820): GC_CONCURRENT freed 352K, 10% free 4338K/4807K, paused 1ms+5ms
D/dalvikvm( 5050): GC_CONCURRENT freed 160K, 6% free 4302K/4551K, paused 1ms+1ms
D/Weaver_Base( 5050): |ConfigJsonHandler|Get config info done!
W/Weaver_Base( 5050): |ConfigManager|Get configuration data from server. size:102
D/Weaver_Base( 5050): |ConfigManager|Clear all configuration data on the client!
D/Weaver_Base( 5050): |ConfigManager|********** Weaver domain:ifaceshow.com
D/Weaver_Base( 5050): |ConfigManager|Store one configuration to cache! key--UserLogin, value--/1.0/users/UserLogin.json
D/Weaver_Base( 5050): |ConfigManager|Store one configuration to cache! key--GSLBServer, value--211.151.79.220:443
D/Weaver_Base( 5050): |ConfigManager|Store one configuration to cache! key--TempUserInformation, value--/1.0/users/TempUserInformation.json
D/Weaver_Base( 5050): |ConfigManager|Store one configuration to cache! key--ShowUserInfomation, value--/1.0/users/ShowUserInfomation.json
D/Weaver_Base( 5050): |ConfigManager|Store one configuration to cache! key--sip-server, value--211.151.79.232:53
D/Weaver_Base( 5050): |ConfigManager|Store all configuration data result:true
D/Weaver  ( 5050): |TVLoginProcessManager|Synchronizing configuration data result:true
D/Weaver  ( 5050): |TVLoginProcessManager|Start sip stack!
D/dalvikvm( 5050): Trying to load lib /data/data/com.lenovo.videotalk/lib/libx264.so 0x4119beb0
D/dalvikvm( 5050): Added shared lib /data/data/com.lenovo.videotalk/lib/libx264.so 0x4119beb0
D/dalvikvm( 5050): No JNI_OnLoad found in /data/data/com.lenovo.videotalk/lib/libx264.so 0x4119beb0, skipping init
D/dalvikvm( 5050): Trying to load lib /data/data/com.lenovo.videotalk/lib/libavutil.so 0x4119beb0
D/dalvikvm( 5050): Added shared lib /data/data/com.lenovo.videotalk/lib/libavutil.so 0x4119beb0
D/dalvikvm( 5050): No JNI_OnLoad found in /data/data/com.lenovo.videotalk/lib/libavutil.so 0x4119beb0, skipping init
D/dalvikvm( 5050): Trying to load lib /data/data/com.lenovo.videotalk/lib/libavfilter.so 0x4119beb0
D/dalvikvm( 5050): Added shared lib /data/data/com.lenovo.videotalk/lib/libavfilter.so 0x4119beb0
D/dalvikvm( 5050): No JNI_OnLoad found in /data/data/com.lenovo.videotalk/lib/libavfilter.so 0x4119beb0, skipping init
D/dalvikvm( 5050): Trying to load lib /data/data/com.lenovo.videotalk/lib/libpostproc.so 0x4119beb0
D/dalvikvm( 5050): Added shared lib /data/data/com.lenovo.videotalk/lib/libpostproc.so 0x4119beb0
D/dalvikvm( 5050): No JNI_OnLoad found in /data/data/com.lenovo.videotalk/lib/libpostproc.so 0x4119beb0, skipping init
D/dalvikvm( 5050): Trying to load lib /data/data/com.lenovo.videotalk/lib/libavcodec.so 0x4119beb0
D/dalvikvm( 5050): Added shared lib /data/data/com.lenovo.videotalk/lib/libavcodec.so 0x4119beb0
D/dalvikvm( 5050): No JNI_OnLoad found in /data/data/com.lenovo.videotalk/lib/libavcodec.so 0x4119beb0, skipping init
D/dalvikvm( 5050): Trying to load lib /data/data/com.lenovo.videotalk/lib/libavformat.so 0x4119beb0
D/dalvikvm( 5050): Added shared lib /data/data/com.lenovo.videotalk/lib/libavformat.so 0x4119beb0
D/dalvikvm( 5050): No JNI_OnLoad found in /data/data/com.lenovo.videotalk/lib/libavformat.so 0x4119beb0, skipping init
D/dalvikvm( 5050): Trying to load lib /data/data/com.lenovo.videotalk/lib/libavdevice.so 0x4119beb0
D/dalvikvm( 5050): Added shared lib /data/data/com.lenovo.videotalk/lib/libavdevice.so 0x4119beb0
D/dalvikvm( 5050): No JNI_OnLoad found in /data/data/com.lenovo.videotalk/lib/libavdevice.so 0x4119beb0, skipping init
W/FPS     ( 5030): FPS:32
D/dalvikvm( 5050): Trying to load lib /data/data/com.lenovo.videotalk/lib/libswscale.so 0x4119beb0
D/dalvikvm( 5050): Added shared lib /data/data/com.lenovo.videotalk/lib/libswscale.so 0x4119beb0
D/dalvikvm( 5050): No JNI_OnLoad found in /data/data/com.lenovo.videotalk/lib/libswscale.so 0x4119beb0, skipping init
D/dalvikvm( 5050): Trying to load lib /data/data/com.lenovo.videotalk/lib/libAitCameraControl.so 0x4119beb0
D/dalvikvm( 5050): Added shared lib /data/data/com.lenovo.videotalk/lib/libAitCameraControl.so 0x4119beb0
D/dalvikvm( 5050): No JNI_OnLoad found in /data/data/com.lenovo.videotalk/lib/libAitCameraControl.so 0x4119beb0, skipping init
D/dalvikvm( 5050): Trying to load lib /data/data/com.lenovo.videotalk/lib/libMediaEngine.so 0x4119beb0
I/Launcher( 1991): |INFO|download status changed |com.lenovo.dll.nebula.launcher.DownLoadStatusListener$DownloadManagerContentObserver|
D/dalvikvm( 5050): Added shared lib /data/data/com.lenovo.videotalk/lib/libMediaEngine.so 0x4119beb0
D/dalvikvm( 5050): No JNI_OnLoad found in /data/data/com.lenovo.videotalk/lib/libMediaEngine.so 0x4119beb0, skipping init
D/dalvikvm( 5050): Trying to load lib /data/data/com.lenovo.videotalk/lib/libpjsipjni.so 0x4119beb0
D/dalvikvm( 5050): Added shared lib /data/data/com.lenovo.videotalk/lib/libpjsipjni.so 0x4119beb0
I/DownloadsChangeObserver( 1577): dispatchUpdate
D/MulticastServer( 5081): {"version":"2.5","messagetype":"response","sessionid":13,"deviceinfo":{"deviceid":"unknown","alias":"ideatv-unknown","nettype":"1","status":"Online","devicetype":"3","devicemodel":"ideatv","lenovoid":""},"services":[{"type":"device","url":"http://192.168.1.106:8888/v1/auth/"},{"type":"render","url":"http://192.168.1.106:8888/v1/player/"}]}
E/dalvikvm( 5050): ERROR: couldn't find native method
E/dalvikvm( 5050): Requested: Lorg/pjsip/pjsua/pjsuaJNI;.lenovoVT_init:(JLorg/pjsip/pjsua/pjsua_config;JLorg/pjsip/pjsua/pjsua_logging_config;JLorg/pjsip/pjsua/pjsua_media_config;Lorg/pjsip/pjsua/Object;)I
E/dalvikvm( 5050): Candidate: Lorg/pjsip/pjsua/pjsuaJNI;.lenovoVT_init:(JLorg/pjsip/pjsua/pjsua_config;JLorg/pjsip/pjsua/pjsua_logging_config;JLorg/pjsip/pjsua/pjsua_media_config;Ljava/lang/Object;)I
I/Weaver  ( 5050): |PjsipService|stack loaded successfully.
I/Weaver  ( 5050): |PjsipService|begin to create pjsip stack...
I/Launcher( 1991): |INFO|download state changed: downing|com.lenovo.dll.nebula.launcher.GL.GLStatusBar|
D/MulticastServer( 5081): {"version":"2.5","messagetype":"response","sessionid":12,"deviceinfo":{"deviceid":"unknown","alias":"ideatv-unknown","nettype":"1","status":"Online","devicetype":"3","devicemodel":"ideatv","lenovoid":""},"services":[{"type":"device","url":"http://192.168.1.103:8888/v1/auth/"},{"type":"render","url":"http://192.168.1.103:8888/v1/player/"}]}
D/LDI     ( 5081): ========192.168.1.106
D/dalvikvm( 5050): GC_CONCURRENT freed 254K, 8% free 4506K/4871K, paused 2ms+1ms
D/LDI     ( 5081): ========192.168.1.106
D/LDI     ( 5081): ========192.168.1.106
I/DeviceInfoPushEngine( 5081): ================PUSH================
I/DeviceInfoPushEngine( 5081): 12345678=12345678=DEVICE_TV=response======STATUS_ONLINE
I/DeviceInfoPushEngine( 5081): unknown=unknown=DEVICE_TV=response======STATUS_ONLINE
I/ConfigTest( 5050): after ,file alread exists
D/DeviceDiscoverService( 5081): *************PUSH_ENGINE_PUSH_MSG*****************
I/ConfigTest( 5050): rootName = config
I/ConfigTest( 5050): childNodes.getLength() = 5
I/ConfigTest( 5050): node name = #text
I/ConfigTest( 5050): node name = pjmedia_vid_codec_config
I/ConfigTest( 5050): nodeDetail.getLength() = 5
I/ConfigTest( 5050): config, nodeName() = #text
I/ConfigTest( 5050): config, nodeName() = codec_id
I/ConfigTest( 5050): codec_id = H264/97
I/ConfigTest( 5050): config, nodeName() = #text
I/ConfigTest( 5050): config, nodeName() = pjmedia_vid_codec_param
I/ConfigTest( 5050): parse pjmedia_vid_codec_param
I/ConfigTest( 5050): nodeDetail.getLength()..... = 17
I/ConfigTest( 5050): pjmedia_vid_codec_param.getNodeName() = #text
I/ConfigTest( 5050): pjmedia_vid_codec_param.getNodeName() = pjmedia_dir
I/ConfigTest( 5050): pjmedia_dir = 3
I/ConfigTest( 5050): pjmedia_vid_codec_param.getNodeName() = #text
I/ConfigTest( 5050): pjmedia_vid_codec_param.getNodeName() = pjmedia_vid_packing
I/ConfigTest( 5050): pjmedia_vid_packing = 1
I/ConfigTest( 5050): pjmedia_vid_codec_param.getNodeName() = #text
I/ConfigTest( 5050): pjmedia_vid_codec_param.getNodeName() = pjmedia_format
I/ConfigTest( 5050): pjmedia_format attrute enc_fmt
I/ConfigTest( 5050): parseFormat, node2.getNodeName() = #text
I/ConfigTest( 5050): parseFormat, node2.getNodeName() = id
I/ConfigTest( 5050): id = H264
I/ConfigTest( 5050): parseFormat, node2.getNodeName() = #text
I/ConfigTest( 5050): parseFormat, node2.getNodeName() = type
I/ConfigTest( 5050): type = 2
I/ConfigTest( 5050): parseFormat, node2.getNodeName() = #text
I/ConfigTest( 5050): parseFormat, node2.getNodeName() = pjmedia_format_detail_type
I/ConfigTest( 5050): pjmedia_format_detail_type = 2
I/ConfigTest( 5050): parseFormat, node2.getNodeName() = #text
D/MulticastServer( 5081): {"version":"2.5","messagetype":"response","sessionid":3,"deviceinfo":{"deviceid":"12345678","alias":"ideatv-12345678","nettype":"1","status":"Online","devicetype":"3","devicemodel":"ideatv","lenovoid":""},"services":[{"type":"device","url":"http://192.168.1.102:8888/v1/auth/"},{"type":"render","url":"http://192.168.1.102:8888/v1/player/"}]}
I/ConfigTest( 5050): parseFormat, node2.getNodeName() = det
I/ConfigTest( 5050): parseDet, node2.getNodeName() = #text
I/ConfigTest( 5050): parseDet, node2.getNodeName() = pjmedia_video_format_detail
I/ConfigTest( 5050): parseFormatDetail, node2.getNodeName() = #text
I/ConfigTest( 5050): parseFormatDetail, node2.getNodeName() = pjmedia_rect_size
I/ConfigTest( 5050): parseRectSize, node2.getNodeName() = #text
I/ConfigTest( 5050): parseRectSize, node2.getNodeName() = width
I/ConfigTest( 5050): width............. = 640
I/ConfigTest( 5050): rectSize.getW() = 640
I/ConfigTest( 5050): parseRectSize, node2.getNodeName() = #text
I/ConfigTest( 5050): parseRectSize, node2.getNodeName() = height
I/ConfigTest( 5050): height........... = 480
I/ConfigTest( 5050): parseRectSize, node2.getNodeName() = #text
I/ConfigTest( 5050): rectSize.getW() = 640
I/ConfigTest( 5050): parseFormatDetail, node2.getNodeName() = #text
I/ConfigTest( 5050): parseFormatDetail, node2.getNodeName() = pjmedia_ratio
I/ConfigTest( 5050): parseRatio, node2.getNodeName() = #text
I/ConfigTest( 5050): parseRatio, node2.getNodeName() = num
I/ConfigTest( 5050): num = 10
I/ConfigTest( 5050): parseRatio, node2.getNodeName() = #text
I/ConfigTest( 5050): parseRatio, node2.getNodeName() = denum
I/ConfigTest( 5050): denum = 1
I/ConfigTest( 5050): parseRatio, node2.getNodeName() = #text
I/ConfigTest( 5050): parseFormatDetail, node2.getNodeName() = #text
I/ConfigTest( 5050): parseFormatDetail, node2.getNodeName() = avg_bps
I/ConfigTest( 5050): avg_bps = 256000
I/ConfigTest( 5050): parseFormatDetail, node2.getNodeName() = #text
I/ConfigTest( 5050): parseFormatDetail, node2.getNodeName() = max_bps
I/ConfigTest( 5050): max_bps = 512000
I/ConfigTest( 5050): parseFormatDetail, node2.getNodeName() = #text
I/ConfigTest( 5050): rectSize.getW()>>>>>>>>>>>>>>>>>> = 640
I/ConfigTest( 5050): parseDet, node2.getNodeName() = #text
I/ConfigTest( 5050): parseFormat, node2.getNodeName() = #text
I/ConfigTest( 5050): pjmedia_vid_codec_param.getNodeName() = #text
I/ConfigTest( 5050): pjmedia_vid_codec_param.getNodeName() = pjmedia_codec_fmtp
I/ConfigTest( 5050): pjmedia_format attrute enc_fmtp
I/ConfigTest( 5050): parseCodecFmtp, node2.getNodeName() = #text
I/ConfigTest( 5050): parseCodecFmtp, node2.getNodeName() = cnt
I/ConfigTest( 5050): cnt = 0
I/ConfigTest( 5050): parseCodecFmtp, node2.getNodeName() = #text
I/ConfigTest( 5050): pjmedia_vid_codec_param.getNodeName() = #text
I/ConfigTest( 5050): pjmedia_vid_codec_param.getNodeName() = pjmedia_format
I/ConfigTest( 5050): pjmedia_format attrute dec_fmt
I/ConfigTest( 5050): parseFormat, node2.getNodeName() = #text
I/ConfigTest( 5050): parseFormat, node2.getNodeName() = id
I/ConfigTest( 5050): id = I420
I/ConfigTest( 5050): parseFormat, node2.getNodeName() = #text
I/ConfigTest( 5050): parseFormat, node2.getNodeName() = type
I/ConfigTest( 5050): type = 2
I/ConfigTest( 5050): parseFormat, node2.getNodeName() = #text
I/ConfigTest( 5050): parseFormat, node2.getNodeName() = pjmedia_format_detail_type
I/ConfigTest( 5050): pjmedia_format_detail_type = 2
I/ConfigTest( 5050): parseFormat, node2.getNodeName() = #text
I/ConfigTest( 5050): parseFormat, node2.getNodeName() = det
I/ConfigTest( 5050): parseDet, node2.getNodeName() = #text
I/ConfigTest( 5050): parseDet, node2.getNodeName() = pjmedia_video_format_detail
I/ConfigTest( 5050): parseFormatDetail, node2.getNodeName() = #text
I/ConfigTest( 5050): parseFormatDetail, node2.getNodeName() = pjmedia_rect_size
I/ConfigTest( 5050): parseRectSize, node2.getNodeName() = #text
I/ConfigTest( 5050): parseRectSize, node2.getNodeName() = width
I/ConfigTest( 5050): width............. = 640
I/ConfigTest( 5050): rectSize.getW() = 640
I/ConfigTest( 5050): parseRectSize, node2.getNodeName() = #text
I/ConfigTest( 5050): parseRectSize, node2.getNodeName() = height
I/ConfigTest( 5050): height........... = 480
I/ConfigTest( 5050): parseRectSize, node2.getNodeName() = #text
I/ConfigTest( 5050): rectSize.getW() = 640
I/ConfigTest( 5050): parseFormatDetail, node2.getNodeName() = #text
I/ConfigTest( 5050): parseFormatDetail, node2.getNodeName() = pjmedia_ratio
I/ConfigTest( 5050): parseRatio, node2.getNodeName() = #text
I/ConfigTest( 5050): parseRatio, node2.getNodeName() = num
I/ConfigTest( 5050): num = 10
I/ConfigTest( 5050): parseRatio, node2.getNodeName() = #text
I/ConfigTest( 5050): parseRatio, node2.getNodeName() = denum
I/ConfigTest( 5050): denum = 1
I/ConfigTest( 5050): parseRatio, node2.getNodeName() = #text
I/ConfigTest( 5050): parseFormatDetail, node2.getNodeName() = #text
I/ConfigTest( 5050): parseFormatDetail, node2.getNodeName() = avg_bps
I/ConfigTest( 5050): avg_bps = 256000
I/ConfigTest( 5050): parseFormatDetail, node2.getNodeName() = #text
I/ConfigTest( 5050): parseFormatDetail, node2.getNodeName() = max_bps
I/ConfigTest( 5050): max_bps = 512000
I/ConfigTest( 5050): parseFormatDetail, node2.getNodeName() = #text
I/ConfigTest( 5050): rectSize.getW()>>>>>>>>>>>>>>>>>> = 640
I/ConfigTest( 5050): parseDet, node2.getNodeName() = #text
I/ConfigTest( 5050): parseFormat, node2.getNodeName() = #text
I/ConfigTest( 5050): pjmedia_vid_codec_param.getNodeName() = #text
I/ConfigTest( 5050): pjmedia_vid_codec_param.getNodeName() = pjmedia_codec_fmtp
I/ConfigTest( 5050): pjmedia_format attrute dec_fmtp
I/ConfigTest( 5050): parseCodecFmtp, node2.getNodeName() = #text
I/ConfigTest( 5050): parseCodecFmtp, node2.getNodeName() = cnt
I/ConfigTest( 5050): cnt = 2
I/ConfigTest( 5050): parseCodecFmtp, node2.getNodeName() = #text
I/ConfigTest( 5050): parseCodecFmtp, node2.getNodeName() = param
I/ConfigTest( 5050): parseCodecFmtp, node2.getNodeName() = #text
I/ConfigTest( 5050): parseCodecFmtp, node2.getNodeName() = name
I/ConfigTest( 5050): name = profile-level-id
I/ConfigTest( 5050): parseCodecFmtp, node2.getNodeName() = #text
I/ConfigTest( 5050): parseCodecFmtp, node2.getNodeName() = value
I/ConfigTest( 5050): value = 42e01e
I/ConfigTest( 5050): parseCodecFmtp, node2.getNodeName() = #text
I/ConfigTest( 5050): parseCodecFmtp, node2.getNodeName() = #text
I/ConfigTest( 5050): parseCodecFmtp, node2.getNodeName() = param
I/ConfigTest( 5050): parseCodecFmtp, node2.getNodeName() = #text
I/ConfigTest( 5050): parseCodecFmtp, node2.getNodeName() = name
I/ConfigTest( 5050): name = packetization-mode
I/ConfigTest( 5050): parseCodecFmtp, node2.getNodeName() = #text
I/ConfigTest( 5050): parseCodecFmtp, node2.getNodeName() = value
I/ConfigTest( 5050): value = 1
I/ConfigTest( 5050): parseCodecFmtp, node2.getNodeName() = #text
I/ConfigTest( 5050): parseCodecFmtp, node2.getNodeName() = #text
I/ConfigTest( 5050): pjmedia_vid_codec_param.getNodeName() = #text
I/ConfigTest( 5050): pjmedia_vid_codec_param.getNodeName() = enc_mtu
I/ConfigTest( 5050): enc_mtu = 1400
I/ConfigTest( 5050): pjmedia_vid_codec_param.getNodeName() = #text
I/ConfigTest( 5050): pjmedia_vid_codec_param.getNodeName() = ignore_fmtp
I/ConfigTest( 5050): ignore_fmtp = 0
I/ConfigTest( 5050): pjmedia_vid_codec_param.getNodeName() = #text
I/ConfigTest( 5050): config, nodeName() = #text
I/ConfigTest( 5050): node name = #text
I/ConfigTest( 5050): node name = pj_log_sender_filters
I/ConfigTest( 5050): node name = pj_log_sender_filters text:
I/ConfigTest( 5050): node name = #text
I/ConfigTest( 5050): parseConfigFile end
I/ConfigTest( 5050): codecId = H264/97
I/ConfigTest( 5050): getDir = PJMEDIA_DIR_ENCODING_DECODING
I/ConfigTest( 5050): getPacking = PJMEDIA_VID_PACKING_PACKETS
I/ConfigTest( 5050): getEnc_mtu = 1400
I/ConfigTest( 5050): getIgnore_fmtp = 0
I/ConfigTest( 5050): getEnc_fmt
I/ConfigTest( 5050): getId = 875967048
I/ConfigTest( 5050): getType = PJMEDIA_TYPE_VIDEO
I/ConfigTest( 5050): getDetail_type = PJMEDIA_FORMAT_DETAIL_VIDEO
I/ConfigTest( 5050): getAvg_bps = 256000
I/ConfigTest( 5050): getMax_bps = 512000
I/ConfigTest( 5050): getNum = 10
I/ConfigTest( 5050): getDenum = 1
I/ConfigTest( 5050): getW = 640
I/ConfigTest( 5050): getH = 480
I/ConfigTest( 5050): getDec_fmt
I/ConfigTest( 5050): getId = 808596553
I/ConfigTest( 5050): getType = PJMEDIA_TYPE_VIDEO
I/ConfigTest( 5050): getDetail_type = PJMEDIA_FORMAT_DETAIL_VIDEO
I/ConfigTest( 5050): getAvg_bps = 256000
I/ConfigTest( 5050): getMax_bps = 512000
I/ConfigTest( 5050): getNum = 10
I/ConfigTest( 5050): getDenum = 1
I/ConfigTest( 5050): getW = 640
I/ConfigTest( 5050): getH = 480
I/ConfigTest( 5050): getEnc_fmtp
I/ConfigTest( 5050): getCnt = 0
I/ConfigTest( 5050): getName = null
I/ConfigTest( 5050): getVal = null
I/ConfigTest( 5050): getName = null
I/ConfigTest( 5050): getVal = null
I/ConfigTest( 5050): getDec_fmtp
I/ConfigTest( 5050): getCnt = 2
I/ConfigTest( 5050): getName = profile-level-id
I/ConfigTest( 5050): getVal = 42e01e
I/ConfigTest( 5050): getName = packetization-mode
I/ConfigTest( 5050): getVal = 1
I/ConfigTest( 5050): width = 640, height = 480, fps = 10
D/PJSIP   ( 5050): 14:12:35.842 os_core_androi !pjlib 2.0.1 for POSIX initialized
V/PJSIP   ( 5050): 14:12:35.845 sip_endpoint.c  .Creating endpoint instance...
D/PJSIP   ( 5050): 14:12:35.846          