W/MountService( 1317): getVolumeState(/mnt/sdcard): Unknown volume
W/MountService( 1317): getVolumeState(/mnt/sdcard): Unknown volume
W/MountService( 1317): getVolumeState(/mnt/sdcard): Unknown volume
W/MountService( 1317): getVolumeState(/mnt/sdcard): Unknown volume
W/DownloadManager( 1645): Aborting request for download 10715: external media not mounted
I/Launcher( 1991): |INFO|download status changed |com.lenovo.dll.nebula.launcher.DownLoadStatusListener$DownloadManagerContentObserver|
W/MountService( 1317): getVolumeState(/mnt/sdcard): Unknown volume
W/MountService( 1317): getVolumeState(/mnt/sdcard): Unknown volume
W/MountService( 1317): getVolumeState(/mnt/sdcard): Unknown volume
I/Launcher( 1991): |INFO|download state changed: failed|com.lenovo.dll.nebula.launcher.GL.GLStatusBar|
W/MountService( 1317): getVolumeState(/mnt/sdcard): Unknown volume
W/MountService( 1317): getVolumeState(/mnt/sdcard): Unknown volume
W/MountService( 1317): getVolumeState(/mnt/sdcard): Unknown volume
W/MountService( 1317): getVolumeState(/mnt/sdcard): Unknown volume
W/MountService( 1317): getVolumeState(/mnt/sdcard): Unknown volume
W/MountService( 1317): getVolumeState(/mnt/sdcard): Unknown volume
W/MountService( 1317): getVolumeState(/mnt/sdcard): Unknown volume
W/MountService( 1317): getVolumeState(/mnt/sdcard): Unknown volume
I/DownloadsChangeObserver( 1577): dispatchUpdate
W/Video   ( 6186): FPS:30
I/TvDownloadManager( 1577): getAllProgress:IDownloadInfoDB.TYPE_ALL
I/TvDownloadManager( 1577): getAllProgress:db count=0	os count=11	 listener count=0
D/PJSIP   ( 6186): 14:45:01.534          jbi.c  failed to get next timestamp
D/PJSIP   ( 6186): 14:45:01.535   vid_stream.c  not found a frame
D/PJSIP   ( 6186): 14:45:02.538          jbi.c  failed to get next timestamp
D/PJSIP   ( 6186): 14:45:02.538   vid_stream.c  not found a frame
D/PJSIP   ( 6186): 14:45:03.542          jbi.c  failed to get next timestamp
D/PJSIP   ( 6186): 14:45:03.542   vid_stream.c  not found a frame
W/Video   ( 6186): FPS:30
D/PJSIP   ( 6186): 14:45:04.546          jbi.c  failed to get next timestamp
D/PJSIP   ( 6186): 14:45:04.546   vid_stream.c  not found a frame
D/PJSIP   ( 6186): 14:45:05.549          jbi.c  failed to get next timestamp
D/PJSIP   ( 6186): 14:45:05.549   vid_stream.c  not found a frame
D/PJSIP   ( 6186): 14:45:06.553          jbi.c  failed to get next timestamp
D/PJSIP   ( 6186): 14:45:06.553   vid_stream.c  not found a frame
D/PJSIP   ( 6186): 14:45:07.557          jbi.c  failed to get next timestamp
D/PJSIP   ( 6186): 14:45:07.557   vid_stream.c  not found a frame
W/Video   ( 6186): FPS:31
D/PJSIP   ( 6186): 14:45:08.560          jbi.c  failed to get next timestamp
D/PJSIP   ( 6186): 14:45:08.561   vid_stream.c  not found a frame
D/PJSIP   ( 6186): 14:45:09.564          jbi.c  failed to get next timestamp
D/PJSIP   ( 6186): 14:45:09.564   vid_stream.c  not found a frame
D/PJSIP   ( 6186): 14:45:10.568          jbi.c  failed to get next timestamp
D/PJSIP   ( 6186): 14:45:10.568   vid_stream.c  not found a frame
W/Video   ( 6186): FPS:31
D/PJSIP   ( 6186): 14:45:11.572          jbi.c  failed to get next timestamp
D/PJSIP   ( 6186): 14:45:11.572   vid_stream.c  not found a frame
V/PJSIP   ( 6186): 14:45:12.520 stuse0x24daeb0 !..RX 28 bytes STUN message from 211.151.79.218:30519:
V/PJSIP   ( 6186): --- begin STUN message ---
V/PJSIP   ( 6186): STUN Binding indication
V/PJSIP   ( 6186):  Hdr: length=8, magic=2112a442, tsx_id=00000b93000be03704b87ee7
V/PJSIP   ( 6186):  Attributes:
V/PJSIP   ( 6186):   FINGERPRINT: length=4, value=1095878038 (0x4151c596)
V/PJSIP   ( 6186): --- end of STUN message ---
V/PJSIP   ( 6186): 
D/PJSIP   ( 6186): 14:45:12.520        icetp00  ...Received Binding Indication keep-alive for component 1
D/PJSIP   ( 6186): 14:45:12.575          jbi.c !failed to get next timestamp
D/PJSIP   ( 6186): 14:45:12.575   vid_stream.c  not found a frame
D/PJSIP   ( 6186): 14:45:13.579          jbi.c  failed to get next timestamp
D/PJSIP   ( 6186): 14:45:13.579   vid_stream.c  not found a frame
V/PJSIP   ( 6186): 14:45:14.368  tcpc0x1fb4d04 !Sending 4 byte(s) keep-alive to 211.151.79.232:53
W/Video   ( 6186): FPS:30
D/PJSIP   ( 6186): 14:45:14.583          jbi.c !failed to get next timestamp
D/PJSIP   ( 6186): 14:45:14.583   vid_stream.c  not found a frame
D/PJSIP   ( 6186): 14:45:15.591          jbi.c  failed to get next timestamp
D/PJSIP   ( 6186): 14:45:15.591   vid_stream.c  not found a frame
D/PJSIP   ( 6186): 14:45:16.595          jbi.c  failed to get next timestamp
D/PJSIP   ( 6186): 14:45:16.595   vid_stream.c  not found a frame
D/PJSIP   ( 6186): 14:45:17.599          jbi.c  failed to get next timestamp
D/PJSIP   ( 6186): 14:45:17.599   vid_stream.c  not found a frame
W/Video   ( 6186): FPS:31
D/PJSIP   ( 6186): 14:45:18.603          jbi.c  failed to get next timestamp
D/PJSIP   ( 6186): 14:45:18.603   vid_stream.c  not found a frame
D/PJSIP   ( 6186): 14:45:19.612          jbi.c  failed to get next timestamp
D/PJSIP   ( 6186): 14:45:19.612   vid_stream.c  not found a frame
V/PJSIP   ( 6186): 14:45:19.906 stuntp0x202896 !.TX 56 bytes STUN message to 211.151.79.218:53:
V/PJSIP   ( 6186): --- begin STUN message ---
V/PJSIP   ( 6186): STUN Binding request
V/PJSIP   ( 6186):  Hdr: length=36, magic=2112a442, tsx_id=1ef3354287ea049e00033c97
V/PJSIP   ( 6186):  Attributes:
V/PJSIP   ( 6186):   TRANSPORT-TIMESTAMP: length=8
V/PJSIP   ( 6186):   TRANSPORT-SENT-COUNT: length=4
V/PJSIP   ( 6186):   SOFTWARE: length=12, value="pjnath-2.0.1"
V/PJSIP   ( 6186): --- end of STUN message ---
V/PJSIP   ( 6186): 
V/PJSIP   ( 6186): 14:45:19.906 stuntsx0x2562c  .STUN client transaction created
V/PJSIP   ( 6186): 14:45:19.906 stuntsx0x2562c  .STUN sending message (transmit count=1)
V/PJSIP   ( 6186): 14:45:19.922 stuntp0x202267  .TX 56 bytes STUN message to 211.151.79.218:53:
V/PJSIP   ( 6186): --- begin STUN message ---
V/PJSIP   ( 6186): STUN Binding request
V/PJSIP   ( 6186):  Hdr: length=36, magic=2112a442, tsx_id=68722dfd776e863300036ae0
V/PJSIP   ( 6186):  Attributes:
V/PJSIP   ( 6186):   TRANSPORT-TIMESTAMP: length=8
V/PJSIP   ( 6186):   TRANSPORT-SENT-COUNT: length=4
V/PJSIP   ( 6186):   SOFTWARE: length=12, value="pjnath-2.0.1"
V/PJSIP   ( 6186): --- end of STUN message ---
V/PJSIP   ( 6186): 
V/PJSIP   ( 6186): 14:45:19.922 stuntsx0x265d1  .STUN client transaction created
V/PJSIP   ( 6186): 14:45:19.922 stuntsx0x265d1  .STUN sending message (transmit count=1)
V/PJSIP   ( 6186): 14:45:19.928 stuntp0x202896 !.RX 60 bytes STUN message from 211.151.79.218:53:
V/PJSIP   ( 6186): --- begin STUN message ---
V/PJSIP   ( 6186): STUN Binding success response
V/PJSIP   ( 6186):  Hdr: length=40, magic=2112a442, tsx_id=1ef3354287ea049e00033c97
V/PJSIP   ( 6186):  Attributes:
V/PJSIP   ( 6186):   XOR-MAPPED-ADDRESS: length=8, IPv4 addr=219.142.229.166:59955
V/PJSIP   ( 6186):   SOFTWARE: length=14, value="TurnServer 0.7"
V/PJSIP   ( 6186):   FINGERPRINT: length=4, value=3437161224 (0xccdeeb08)
V/PJSIP   ( 6186): --- end of STUN message ---
V/PJSIP   ( 6186): 
I/PJSIP   ( 6186): 14:45:19.928        timer.c  .PJCANCEL:cancel,_timer_id:-1,max_size:126
I/PJSIP   ( 6186): 
V/PJSIP   ( 6186): 14:45:19.936 stuntp0x24fe68 !.TX 56 bytes STUN message to 211.151.79.218:53:
V/PJSIP   ( 6186): --- begin STUN message ---
V/PJSIP   ( 6186): STUN Binding request
V/PJSIP   ( 6186):  Hdr: length=36, magic=2112a442, tsx_id=fe5ba1b53943d42900034a92
V/PJSIP   ( 6186):  Attributes:
V/PJSIP   ( 6186):   TRANSPORT-TIMESTAMP: length=8
V/PJSIP   ( 6186):   TRANSPORT-SENT-COUNT: length=4
V/PJSIP   ( 6186):   SOFTWARE: length=12, value="pjnath-2.0.1"
V/PJSIP   ( 6186): --- end of STUN message ---
V/PJSIP   ( 6186): 
V/PJSIP   ( 6186): 14:45:19.936 stuntsx0x25654  .STUN client transaction created
V/PJSIP   ( 6186): 14:45:19.936 stuntsx0x25654  .STUN sending message (transmit count=1)
V/PJSIP   ( 6186): 14:45:19.937 stuntp0x24c123  .TX 56 bytes STUN message to 211.151.79.218:53:
V/PJSIP   ( 6186): --- begin STUN message ---
V/PJSIP   ( 6186): STUN Binding request
V/PJSIP   ( 6186):  Hdr: length=36, magic=2112a442, tsx_id=647f0650903c9dda000322f6
V/PJSIP   ( 6186):  Attributes:
V/PJSIP   ( 6186):   TRANSPORT-TIMESTAMP: length=8
V/PJSIP   ( 6186):   TRANSPORT-SENT-COUNT: length=4
V/PJSIP   ( 6186):   SOFTWARE: length=12, value="pjnath-2.0.1"
V/PJSIP   ( 6186): --- end of STUN message ---
V/PJSIP   ( 6186): 
V/PJSIP   ( 6186): 14:45:19.937 stuntsx0x2545d  .STUN client transaction created
V/PJSIP   ( 6186): 14:45:19.937 stuntsx0x2545d  .STUN sending message (transmit count=1)
V/PJSIP   ( 6186): 14:45:19.942 stuntp0x202267 !.RX 60 bytes STUN message from 211.151.79.218:53:
V/PJSIP   ( 6186): --- begin STUN message ---
V/PJSIP   ( 6186): STUN Binding success response
V/PJSIP   ( 6186):  Hdr: length=40, magic=2112a442, tsx_id=68722dfd776e863300036ae0
V/PJSIP   ( 6186):  Attributes:
V/PJSIP   ( 6186):   XOR-MAPPED-ADDRESS: length=8, IPv4 addr=219.142.229.166:46597
V/PJSIP   ( 6186):   SOFTWARE: length=14, value="TurnServer 0.7"
V/PJSIP   ( 6186):   FINGERPRINT: length=4, value=2978758086 (0xb18c3dc6)
V/PJSIP   ( 6186): --- end of STUN message ---
V/PJSIP   ( 6186): 
I/PJSIP   ( 6186): 14:45:19.942        timer.c  .PJCANCEL:cancel,_timer_id:-1,max_size:126
I/PJSIP   ( 6186): 
V/PJSIP   ( 6186): 14:45:19.958 stuntp0x24fe68 !.RX 60 bytes STUN message from 211.151.79.218:53:
V/PJSIP   ( 6186): --- begin STUN message ---
V/PJSIP   ( 6186): STUN Binding success response
V/PJSIP   ( 6186):  Hdr: length=40, magic=2112a442, tsx_id=fe5ba1b53943d42900034a92
V/PJSIP   ( 6186):  Attributes:
V/PJSIP   ( 6186):   XOR-MAPPED-ADDRESS: length=8, IPv4 addr=219.142.229.166:45124
V/PJSIP   ( 6186):   SOFTWARE: length=14, value="TurnServer 0.7"
V/PJSIP   ( 6186):   FINGERPRINT: length=4, value=92754258 (0x5875152)
V/PJSIP   ( 6186): --- end of STUN message ---
V/PJSIP   ( 6186): 
V/PJSIP   ( 6186): 14:45:19.958 stuntp0x24c123 !.RX 60 bytes STUN message from 211.151.79.218:53:
V/PJSIP   ( 6186): --- begin STUN message ---
V/PJSIP   ( 6186): STUN Binding success response
V/PJSIP   ( 6186):  Hdr: length=40, magic=2112a442, tsx_id=647f0650903c9dda000322f6
V/PJSIP   ( 6186):  Attributes:
V/PJSIP   ( 6186):   XOR-MAPPED-ADDRESS: length=8, IPv4 addr=219.142.229.166:47053
V/PJSIP   ( 6186):   SOFTWARE: length=14, value="TurnServer 0.7"
V/PJSIP   ( 6186):   FINGERPRINT: length=4, value=4224492062 (0xfbcca21e)
V/PJSIP   ( 6186): --- end of STUN message ---
V/PJSIP   ( 6186): 
I/PJSIP   ( 6186): 14:45:19.958        timer.c  .PJCANCEL:cancel,_timer_id:-1,max_size:126
I/PJSIP   ( 6186): 
I/PJSIP   ( 6186): 14:45:19.958        timer.c !.PJCANCEL:cancel,_timer_id:-1,max_size:126
I/PJSIP   ( 6186): 
D/PJSIP   ( 6186): 14:45:20.615          jbi.c !failed to get next timestamp
D/PJSIP   ( 6186): 14:45:20.615   vid_stream.c  not found a frame
W/Video   ( 6186): FPS:30
D/PJSIP   ( 6186): 14:45:21.619          jbi.c  failed to get next timestamp
D/PJSIP   ( 6186): 14:45:21.619   vid_stream.c  not found a frame
V/PJSIP   ( 6186): 14:45:21.934 stuntsx0x2562c !STUN client transaction destroyed
V/PJSIP   ( 6186): 14:45:21.935       pool_i.h  PJMEM:start to release pool:0x265eb38
V/PJSIP   ( 6186): 14:45:21.950 stuntsx0x265d1  STUN client transaction destroyed
V/PJSIP   ( 6186): 14:45:21.950       pool_i.h  PJMEM:start to release pool:0x265e390
V/PJSIP   ( 6186): 14:45:21.964 stuntsx0x25654  STUN client transaction destroyed
V/PJSIP   ( 6186): 14:45:21.964       pool_i.h  PJMEM:start to release pool:0x25ecd08
V/PJSIP   ( 6186): 14:45:21.964 stuntsx0x2545d  STUN client transaction destroyed
V/PJSIP   ( 6186): 14:45:21.964       pool_i.h  PJMEM:start to release pool:0x2635be0
D/PJSIP   ( 6186): 14:45:22.622          jbi.c !failed to get next timestamp
D/PJSIP   ( 6186): 14:45:22.622   vid_stream.c  not found a frame
D/PJSIP   ( 6186): 14:45:23.631          jbi.c  failed to get next timestamp
D/PJSIP   ( 6186): 14:45:23.631   vid_stream.c  not found a frame
W/Video   ( 6186): FPS:31
D/PJSIP   ( 6186): 14:45:24.635          jbi.c  failed to get next timestamp
D/PJSIP   ( 6186): 14:45:24.635   vid_stream.c  not found a frame
D/PJSIP   ( 6186): 14:45:25.639          jbi.c  failed to get next timestamp
D/PJSIP   ( 6186): 14:45:25.639   vid_stream.c  not found a frame
D/PJSIP   ( 6186): 14:45:26.642          jbi.c  failed to get next timestamp
D/PJSIP   ( 6186): 14:45:26.642   vid_stream.c  not found a frame
D/PJSIP   ( 6186): 14:45:27.651          jbi.c  failed to get next timestamp
D/PJSIP   ( 6186): 14:45:27.651   vid_stream.c  not found a frame
W/Video   ( 6186): FPS:31
D/PJSIP   ( 6186): 14:45:28.655          jbi.c  failed to get next timestamp
D/PJSIP   ( 6186): 14:45:28.655   vid_stream.c  not found a frame
D/PJSIP   ( 6186): 14:45:29.659          jbi.c  failed to get next timestamp
D/PJSIP   ( 6186): 14:45:29.659   vid_stream.c  not found a frame
D/dalvikvm( 1527): GC_CONCURRENT freed 416K, 82% free 5573K/29767K, paused 1ms+5ms
V/PJSIP   ( 6186): 14:45:30.378  tcpc0x1fb4d04 !Sending 4 byte(s) keep-alive to 211.151.79.232:53
D/PJSIP   ( 6186): 14:45:30.662          jbi.c !failed to get next timestamp
D/PJSIP   ( 6186): 14:45:30.662   vid_stream.c  not found a frame
W/Video   ( 6186): FPS:29
D/PJSIP   ( 6186): 14:45:31.666          jbi.c  failed to get next timestamp
D/PJSIP   ( 6186): 14:45:31.666   vid_stream.c  not found a frame
D/PJSIP   ( 6186): 14:45:32.670          jbi.c  failed to get next timestamp
D/PJSIP   ( 6186): 14:45:32.670   vid_stream.c  not found a frame
D/PJSIP   ( 6186): 14:45:33.673          jbi.c  failed to get next timestamp
D/PJSIP   ( 6186): 14:45:33.673   vid_stream.c  not found a frame
W/Video   ( 6186): FPS:31
D/PJSIP   ( 6186): 14:45:34.677          jbi.c  failed to get next timestamp
D/PJSIP   ( 6186): 14:45:34.677   vid_stream.c  not found a frame
D/PJSIP   ( 6186): 14:45:35.681          jbi.c  failed to get next timestamp
D/PJSIP   ( 6186): 14:45:35.681   vid_stream.c  not found a frame
D/PJSIP   ( 6186): 14:45:36.684          jbi.c  failed to get next timestamp
D/PJSIP   ( 6186): 14:45:36.685   vid_stream.c  not found a frame
D/PJSIP   ( 6186): 14:45:37.688          jbi.c  failed to get next timestamp
D/PJSIP   ( 6186): 14:45:37.688   vid_stream.c  not found a frame
W/Video   ( 6186): FPS:31
D/PJSIP   ( 6186): 14:45:38.692          jbi.c  failed to get next timestamp
D/PJSIP   ( 6186): 14:45:38.692   vid_stream.c  not found a frame
D/PJSIP   ( 6186): 14:45:39.696          jbi.c  failed to get next timestamp
D/PJSIP   ( 6186): 14:45:39.696   vid_stream.c  not found a frame
D/PJSIP   ( 6186): 14:45:40.699          jbi.c  failed to get next timestamp
D/PJSIP   ( 6186): 14:45:40.699   vid_stream.c  not found a frame
W/Video   ( 6186): FPS:31
D/PJSIP   ( 6186): 14:45:41.703          jbi.c  failed to get next timestamp
D/PJSIP   ( 6186): 14:45:41.703   vid_stream.c  not found a frame
D/PJSIP   ( 6186): 14:45:42.712          jbi.c  failed to get next timestamp
D/PJSIP   ( 6186): 14:45:42.712   vid_stream.c  not found a frame
V/PJSIP   ( 6186): 14:45:43.637 sip_endpoint.c !Processing incoming message: Request msg UPDATE/cseq=10952 (rdata0x1fb4eb4)
D/PJSIP   ( 6186): 14:45:43.637   pjsua_core.c  .RX 712 bytes Request msg UPDATE/cseq=10952 (rdata0x1fb4eb4) from TCP 211.151.79.232:53:
D/PJSIP   ( 6186): UPDATE sip:60000192464@219.142.229.166:42922;transport=TCP;ob SIP/2.0
D/PJSIP   ( 6186): Record-Route: <sip:211.151.79.232:53;transport=tcp;lr=on>
D/PJSIP   ( 6186): Via: SIP/2.0/TCP 211.151.79.232:53;branch=z9hG4bKae11.e2f2e194.0;i=7205
D/PJSIP   ( 6186): Via: SIP/2.0/TCP 219.142.122.249:57769;rport=57769;branch=z9hG4bKPj2MzujVExS4y9euiXBFl4dnKOo9n6tsJ1
D/PJSIP   ( 6186): Max-Forwards: 69
D/PJSIP   ( 6186): From: <sip:60000191751@211.151.79.232>;tag=e-X-kERFb7PuaQeQjyvkwbAnYuRUvKhr
D/PJSIP   ( 6186): To: <sip:60000192464@211.151.79.232>;tag=LJJejsZGyiYH0p0Y4bLyQkXfe1GbsgAh
D/PJSIP   ( 6186): Contact: <sip:60000191751@219.142.122.249:57769;transport=TCP;ob>
D/PJSIP   ( 6186): Call-ID: lSpNRNhrGvF8iSJhOwyeXfryNvDbmqfq
D/PJSIP   ( 6186): CSeq: 10952 UPDATE
D/PJSIP   ( 6186): Session-Expires: 90;refresher=uac
D/PJSIP   ( 6186): Min-SE: 90
D/PJSIP   ( 6186): token: 20745934
D/PJSIP   ( 6186): instanceId: 20745934
D/PJSIP   ( 6186): Content-Length:  0
D/PJSIP   ( 6186): 
D/PJSIP   ( 6186): 
D/PJSIP   ( 6186): --end msg--
V/PJSIP   ( 6186): 14:45:43.637   dlg0x1f5b8dc  .Received Request msg UPDATE/cseq=10952 (rdata0x1fb4eb4)
V/PJSIP   ( 6186): 14:45:43.637   tsx0x2674ba4  ...Transaction created for Request msg UPDATE/cseq=10952 (rdata0x1fb4eb4)
V/PJSIP   ( 6186): 14:45:43.637   tsx0x2674ba4  ..Incoming Request msg UPDATE/cseq=10952 (rdata0x1fb4eb4) in state Null
V/PJSIP   ( 6186): 14:45:43.637   tsx0x2674ba4  ...State changed from Null to Trying, event=RX_MSG
V/PJSIP   ( 6186): 14:45:43.637   dlg0x1f5b8dc  ....Transaction tsx0x2674ba4 state changed to Trying
V/PJSIP   ( 6186): 14:45:43.637       endpoint  .....Response msg 200/UPDATE/cseq=10952 (tdta0x28c1ba0) created
V/PJSIP   ( 6186): 14:45:43.637   dlg0x1f5b8dc  ......Sending Response msg 200/UPDATE/cseq=10952 (tdta0x28c1ba0)
V/PJSIP   ( 6186): 14:45:43.637   tsx0x2674ba4  ......Sending Response msg 200/UPDATE/cseq=10952 (tdta0x28c1ba0) in state Trying
D/PJSIP   ( 6186): 14:45:43.637 sip_endpoint.c  ....... in pjsua_var.ua_cfg.cb.on_pj_handler_tx_request
D/PJSIP   ( 6186): 14:45:43.637 pjsua_wrap.cpp  .......on_pj_handler_tx_request_wrapper tangzm3
E/Weaver  ( 6186): |SipCallbackListener|on_pj_handler_tx_request callback.
W/Weaver  ( 6186): |SipCallbackListener|getToken:85421012
I/PJSIP   ( 6186): 14:45:43.638 pjsua_jni_addo  .......set_msg_header called.
W/Weaver  ( 6186): |UserInfoCloudService|Start to get token ...... 
W/Weaver  ( 6186): |UserInfoCloudService|Get static token
I/PJSIP   ( 6186): 14:45:43.638 pjsua_jni_addo  .......set_msg_header called.
D/PJSIP   ( 6186): 14:45:43.639   pjsua_core.c  .......TX 804 bytes Response msg 200/UPDATE/cseq=10952 (tdta0x28c1ba0) to TCP 211.151.79.232:53:
D/PJSIP   ( 6186): SIP/2.0 200 OK
D/PJSIP   ( 6186): Via: SIP/2.0/TCP 211.151.79.232:53;received=211.151.79.232;branch=z9hG4bKae11.e2f2e194.0;i=7205
D/PJSIP   ( 6186): Via: SIP/2.0/TCP 219.142.122.249:57769;rport=57769;branch=z9hG4bKPj2MzujVExS4y9euiXBFl4dnKOo9n6tsJ1
D/PJSIP   ( 6186): Record-Route: <sip:211.151.79.232:53;transport=tcp;lr>
D/PJSIP   ( 6186): Call-ID: lSpNRNhrGvF8iSJhOwyeXfryNvDbmqfq
D/PJSIP   ( 6186): From: <sip:60000191751@211.151.79.232>;tag=e-X-kERFb7PuaQeQjyvkwbAnYuRUvKhr
D/PJSIP   ( 6186): To: <sip:60000192464@211.151.79.232>;tag=LJJejsZGyiYH0p0Y4bLyQkXfe1GbsgAh
D/PJSIP   ( 6186): CSeq: 10952 UPDATE
D/PJSIP   ( 6186): Session-Expires: 90;refresher=uac
D/PJSIP   ( 6186): Require: timer
D/PJSIP   ( 6186): Contact: <sip:60000192464@219.142.229.166:42922;transport=TCP;ob>
D/PJSIP   ( 6186): Allow: PRACK, INVITE, ACK, BYE, CANCEL, UPDATE, SUBSCRIBE, NOTIFY, REFER, MESSAGE, OPTIONS
D/PJSIP   ( 6186): Supported: replaces, 100rel, timer, norefersub
D/PJSIP   ( 6186): token: 85421012
D/PJSIP   ( 6186): instanceId: 85421012
D/PJSIP   ( 6186): Content-Length:  0
D/PJSIP   ( 6186): 
D/PJSIP   ( 6186): 
D/PJSIP   ( 6186): --end msg--
V/PJSIP   ( 6186): 14:45:43.639   tsx0x2674ba4  .......State changed from Trying to Completed, event=TX_MSG
V/PJSIP   ( 6186): 14:45:43.640   dlg0x1f5b8dc  ........Transaction tsx0x2674ba4 state changed to Completed
V/PJSIP   ( 6186): 14:45:43.645   tsx0x2674ba4 !Timeout timer event
V/PJSIP   ( 6186): 14:45:43.646   tsx0x2674ba4  .State changed from Completed to Terminated, event=TIMER
V/PJSIP   ( 6186): 14:45:43.646   dlg0x1f5b8dc  ..Transaction tsx0x2674ba4 state changed to Terminated
V/PJSIP   ( 6186): 14:45:43.656   tsx0x2674ba4  Timeout timer event
V/PJSIP   ( 6186): 14:45:43.656   tsx0x2674ba4  .State changed from Terminated to Destroyed, event=TIMER
V/PJSIP   ( 6186): 14:45:43.656  tdta0x28c1ba0  ..Destroying txdata Response msg 200/UPDATE/cseq=10952 (tdta0x28c1ba0)
V/PJSIP   ( 6186): 14:45:43.656       pool_i.h  ..PJMEM:start to release pool:0x28c1ba0
V/PJSIP   ( 6186): 14:45:43.656   tsx0x2674ba4  ..Transaction destroyed!
V/PJSIP   ( 6186): 14:45:43.656       pool_i.h  ..PJMEM:start to release pool:0x2674b40
D/PJSIP   ( 6186): 14:45:43.715          jbi.c !failed to get next timestamp
D/PJSIP   ( 6186): 14:45:43.715   vid_stream.c  not found a frame
W/Video   ( 6186): FPS:30
D/PJSIP   ( 6186): 14:45:44.719          jbi.c  failed to get next timestamp
D/PJSIP   ( 6186): 14:45:44.719   vid_stream.c  not found a frame
D/PJSIP   ( 6186): 14:45:45.723          jbi.c  failed to get next timestamp
D/PJSIP   ( 6186): 14:45:45.723   vid_stream.c  not found a frame
D/PJSIP   ( 6186): 14:45:46.731          jbi.c  failed to get next timestamp
D/PJSIP   ( 6186): 14:45:46.732   vid_stream.c  not found a frame
D/PJSIP   ( 6186): 14:45:47.735          jbi.c  failed to get next timestamp
D/PJSIP   ( 6186): 14:45:47.735   vid_stream.c  not found a frame
W/Video   ( 6186): FPS:31
D/PJSIP   ( 6186): 14:45:48.739          jbi.c  failed to get next timestamp
D/PJSIP   ( 6186): 14:45:48.739   vid_stream.c  not found a frame
D/PJSIP   ( 6186): 14:45:49.743          jbi.c  failed to get next timestamp
D/PJSIP   ( 6186): 14:45:49.743   vid_stream.c  not found a frame
D/PJSIP   ( 6186): 14:45:50.751          jbi.c  failed to get next timestamp
D/PJSIP   ( 6186): 14:45:50.751   vid_stream.c  not found a frame
W/Video   ( 6186): FPS:31
D/PJSIP   ( 6186): 14:45:51.755          jbi.c  failed to get next timestamp
D/PJSIP   ( 6186): 14:45:51.755   vid_stream.c  not found a frame
D/PJSIP   ( 6186): 14:45:52.759          jbi.c  failed to get next timestamp
D/PJSIP   ( 6186): 14:45:52.759   vid_stream.c  not found a frame
D/PJSIP   ( 6186): 14:45:53.763          jbi.c  failed to get next timestamp
D/PJSIP   ( 6186): 14:45:53.763   vid_stream.c  not found a frame
W/Video   ( 6186): FPS:30
D/PJSIP   ( 6186): 14:45:54.771          jbi.c  failed to get next timestamp
D/PJSIP   ( 6186): 14:45:54.771   vid_stream.c  not found a frame
D/PJSIP   ( 6186): 14:45:55.775          jbi.c  failed to get next timestamp
D/PJSIP   ( 6186): 14:45:55.775   vid_stream.c  not found a frame
D/PJSIP   ( 6186): 14:45:56.779          jbi.c  failed to get next timestamp
D/PJSIP   ( 6186): 14:45:56.779   vid_stream.c  not found a frame
V/PJSIP   ( 6186): 14:45:57.527 stuse0x24dbe98 !..RX 28 bytes STUN message from 211.151.79.218:62029:
V/PJSIP   ( 6186): --- begin STUN message ---
V/PJSIP   ( 6186): STUN Binding indication
V/PJSIP   ( 6186):  Hdr: length=8, magic=2112a442, tsx_id=00000b930242467304b87ee9
V/PJSIP   ( 6186):  Attributes:
V/PJSIP   ( 6186):   FINGERPRINT: length=4, value=2058719266 (0x7ab59022)
V/PJSIP   ( 6186): --- end of STUN message ---
V/PJSIP   ( 6186): 
D/PJSIP   ( 6186): 14:45:57.527        icetp00  ...Received Binding Indication keep-alive for component 2
D/PJSIP   ( 6186): 14:45:57.782          jbi.c !failed to get next timestamp
D/PJSIP   ( 6186): 14:45:57.783   vid_stream.c  not found a frame
W/Video   ( 6186): FPS:31
D/PJSIP   ( 6186): 14:45:58.791          jbi.c  failed to get next timestamp
D/PJSIP   ( 6186): 14:45:58.791   vid_stream.c  not found a frame
V/PJSIP   ( 6186): 14:45:59.381  tcpc0x1fb4d04 !Sending 4 byte(s) keep-alive to 211.151.79.232:53
D/PJSIP   ( 6186): 14:45:59.795          jbi.c !failed to get next timestamp
D/PJSIP   ( 6186): 14:45:59.795   vid_stream.c  not found a frame
I/ActivityManager( 1317): No longer want com.lenovo.dll.nebula.vod (pid 5017): hidden #16
W/ActivityManager( 1317): Scheduling restart of crashed service com.lenovo.dll.nebula.vod/.cache.service.CacheClearService in 5000ms
I/Launcher( 1991): |INFO|,2013/03/11,2:46,,,|com.lenovo.dll.nebula.launcher.DateManager|
D/PJSIP   ( 6186): 14:46:00.799          jbi.c  failed to get next timestamp
D/PJSIP   ( 6186): 14:46:00.799   vid_stream.c  not found a frame
W/Video   ( 6186): FPS:31
D/PJSIP   ( 6186): 14:46:01.802          jbi.c  failed to get next timestamp
D/PJSIP   ( 6186): 14:46:01.802   vid_stream.c  not found a frame
D/PJSIP   ( 6186): 14:46:02.811          jbi.c  failed to get next timestamp
D/PJSIP   ( 6186): 14:46:02.811   vid_stream.c  not found a frame
D/PJSIP   ( 6186): 14:46:03.815          jbi.c  failed to get next timestamp
D/PJSIP   ( 6186): 14:46:03.815   vid_stream.c  not found a frame
W/Video   ( 6186): FPS:30
D/PJSIP   ( 6186): 14:46:04.818          jbi.c  failed to get next timestamp
D/PJSIP   ( 6186): 14:46:04.819   vid_stream.c  not found a frame
I/ActivityManager( 1317): Start proc com.lenovo.dll.nebula.vod for service com.lenovo.dll.nebula.vod/.cache.service.CacheClearService: pid=6315 uid=10043 gids={1015, 3003}
D/dalvikvm( 1317): GC_EXPLICIT freed 19133K, 76% free 9251K/37703K, paused 4ms+18ms
D/Proxy   ( 6315): setHttpProxySystemProperty :null:null - null
I/ActivityThread( 6315): Pub com.lenovo.dll.nebula.vod.searchProvider: com.lenovo.dll.nebula.vod.search.SearchProvider
I/ActivityThread( 6315): Pub com.lenovo.dll.nebula.vod.cacheProvider: com.lenovo.dll.nebula.vod.cache.sd.CacheProviderSD
I/VOD_CACHE( 6315): |INFO|Get vod DB helper|class com.lenovo.dll.nebula.vod.cache.sd.VodDBHelper|
I/VodApplication( 6315): onCreate
D/PJSIP   ( 6186): 14:46:05.822          jbi.c  failed to get next timestamp
D/PJSIP   ( 6186): 14:46:05.822   vid_stream.c  not found a frame
D/PJSIP   ( 6186): 14:46:06.826          jbi.c  failed to get next timestamp
D/PJSIP   ( 6186): 14:46:06.826   vid_stream.c  not found a frame
D/PJSIP   ( 6186): 14:46:07.829          jbi.c  failed to get next timestamp
D/PJSIP   ( 6186): 14:46:07.830   vid_stream.c  not found a frame
W/Video   ( 6186): FPS:30
D/PJSIP   ( 6186): 14:46:08.833          jbi.c  failed to get next timestamp
D/PJSIP   ( 6186): 14:46:08.833   vid_stream.c  not found a frame
D/PJSIP   ( 6186): 14:46:09.837          jbi.c  failed to get next timestamp
D/PJSIP   ( 6186): 14:46:09.837   vid_stream.c  not found a frame
D/PJSIP   ( 6186): 14:46:10.841          jbi.c  failed to get next timestamp
D/PJSIP   ( 6186): 14:46:10.841   vid_stream.c  not found a frame
W/Video   ( 6186): FPS:31
D/PJSIP   ( 6186): 14:46:11.844          jbi.c  failed to get next timestamp
D/PJSIP   ( 6186): 14:46:11.844   vid_stream.c  not found a frame
D/PJSIP   ( 6186): 14:46:12.848          jbi.c  failed to get next timestamp
D/PJSIP   ( 6186): 14:46:12.848   vid_stream.c  not found a frame
D/PJSIP   ( 6186): 14:46:13.857          jbi.c  failed to get next timestamp
D/PJSIP   ( 6186): 14:46:13.857   vid_stream.c  not found a frame
W/Video   ( 6186): FPS:32
D/PJSIP   ( 6186): 14:46:14.860          jbi.c  failed to get next timestamp
D/PJSIP   ( 6186): 14:46:14.860   vid_stream.c  not found a frame
V/PJSIP   ( 6186): 14:46:15.395  tcpc0x1fb4d04 !Sending 4 byte(s) keep-alive to 211.151.79.232:53
D/PJSIP   ( 6186): 14:46:15.864          jbi.c !failed to get next timestamp
D/PJSIP   ( 6186): 14:46:15.864   vid_stream.c  not found a frame
D/PJSIP   ( 6186): 14:46:16.868          jbi.c  failed to get next timestamp
D/PJSIP   ( 6186): 14:46:16.868   vid_stream.c  not found a frame
D/PJSIP   ( 6186): 14:46:17.877          jbi.c  failed to get next timestamp
D/PJSIP   ( 6186): 14:46:17.877   vid_stream.c  not found a frame
W/Video   ( 6186): FPS:31
D/PJSIP   ( 6186): 14:46:18.880          jbi.c  failed to get next timestamp
D/PJSIP   ( 6186): 14:46:18.880   vid_stream.c  not found a frame
D/PJSIP   ( 6186): 14:46:19.884          jbi.c  failed to get next timestamp
D/PJSIP   ( 6186): 14:46:19.884   vid_stream.c  not found a frame
D/PJSIP   ( 6186): 14:46:20.888          jbi.c  failed to get next timestamp
D/PJSIP   ( 6186): 14:46:20.888   vid_stream.c  not found a frame
W/Video   ( 6186): FPS:31
D/PJSIP   ( 6186): 14:46:21.896          jbi.c  failed to get next timestamp
D/PJSIP   ( 6186): 14:46:21.896   vid_stream.c  not found a frame
D/PJSIP   ( 6186): 14:46:22.900          jbi.c  failed to get next timestamp
D/PJSIP   ( 6186): 14:46:22.900   vid_stream.c  not found a frame
D/PJSIP   ( 6186): 14:46:23.904          jbi.c  failed to get next timestamp
D/PJSIP   ( 6186): 14:46:23.904   vid_stream.c  not found a frame
W/Video   ( 6186): FPS:31
D/PJSIP   ( 6186): 14:46:24.908          jbi.c  failed to get next timestamp
D/PJSIP   ( 6186): 14:46:24.908   vid_stream.c  not found a frame
D/PJSIP   ( 6186): 14:46:25.916          jbi.c  failed to get next timestamp
D/PJSIP   ( 6186): 14:46:25.916   vid_stream.c  not found a frame
D/PJSIP   ( 6186): 14:46:26.920          jbi.c  failed to get next timestamp
D/PJSIP   ( 6186): 14:46:26.920   vid_stream.c  not found a frame
W/Video   ( 6186): FPS:31
D/PJSIP   ( 6186): 14:46:27.924          jbi.c  failed to get next timestamp
D/PJSIP   ( 6186): 14:46:27.924   vid_stream.c  not found a frame
D/PJSIP   ( 6186): 14:46:28.927          jbi.c  failed to get next timestamp
D/PJSIP   ( 6186): 14:46:28.927   vid_stream.c  not found a frame
V/PJSIP   ( 6186): 14:46:29.281 sip_endpoint.c !Processing incoming message: Request msg UPDATE/cseq=10953 (rdata0x1fb4eb4)
D/PJSIP   ( 6186): 14:46:29.281   pjsua_core.c  .RX 712 bytes Request msg UPDATE/cseq=10953 (rdata0x1fb4eb4) from TCP 211.151.79.232:53:
D/PJSIP   ( 6186): UPDATE sip:60000192464@219.142.229.166:42922;transport=TCP;ob SIP/2.0
D/PJSIP   ( 6186): Record-Route: <sip:211.151.79.232:53;transport=tcp;lr=on>
D/PJSIP   ( 6186): Via: SIP/2.0/TCP 211.151.79.232:53;branch=z9hG4bKbe11.23545047.0;i=7205
D/PJSIP   ( 6186): Via: SIP/2.0/TCP 219.142.122.249:57769;rport=57769;branch=z9hG4bKPjee5l-50wnFZeZ1-XGLJBufgVkb3BhPxO
D/PJSIP   ( 6186): Max-Forwards: 69
D/PJSIP   ( 6186): From: <sip:60000191751@211.151.79.232>;tag=e-X-kERFb7PuaQeQjyvkwbAnYuRUvKhr
D/PJSIP   ( 6186): To: <sip:60000192464@211.151.79.232>;tag=LJJejsZGyiYH0p0Y4bLyQkXfe1GbsgAh
D/PJSIP   ( 6186): Contact: <sip:60000191751@219.142.122.249:57769;transport=TCP;ob>
D/PJSIP   ( 6186): Call-ID: lSpNRNhrGvF8iSJhOwyeXfryNvDbmqfq
D/PJSIP   ( 6186): CSeq: 10953 UPDATE
D/PJSIP   ( 6186): Session-Expires: 90;refresher=uac
D/PJSIP   ( 6186): Min-SE: 90
D/PJSIP   ( 6186): token: 20745934
D/PJSIP   ( 6186): instanceId: 20745934
D/PJSIP   ( 6186): Content-Length:  0
D/PJSIP   ( 6186): 
D/PJSIP   ( 6186): 
D/PJSIP   ( 6186): --end msg--
V/PJSIP   ( 6186): 14:46:29.281   dlg0x1f5b8dc  .Received Request msg UPDATE/cseq=10953 (rdata0x1fb4eb4)
V/PJSIP   ( 6186): 14:46:29.281   tsx0x2674ba4  ...Transaction created for Request msg UPDATE/cseq=10953 (rdata0x1fb4eb4)
V/PJSIP   ( 6186): 14:46:29.285   tsx0x2674ba4  ..Incoming Request msg UPDATE/cseq=10953 (rdata0x1fb4eb4) in state Null
V/PJSIP   ( 6186): 14:46:29.286   tsx0x2674ba4  ...State changed from Null to Trying, event=RX_MSG
V/PJSIP   ( 6186): 14:46:29.286   dlg0x1f5b8dc  ....Transaction tsx0x2674ba4 state changed to Trying
V/PJSIP   ( 6186): 14:46:29.286       endpoint  .....Response msg 200/UPDATE/cseq=10953 (tdta0x28c1ba0) created
V/PJSIP   ( 6186): 14:46:29.286   dlg0x1f5b8dc  ......Sending Response msg 200/UPDATE/cseq=10953 (tdta0x28c1ba0)
V/PJSIP   ( 6186): 14:46:29.286   tsx0x2674ba4  ......Sending Response msg 200/UPDATE/cseq=10953 (tdta0x28c1ba0) in state Trying
D/PJSIP   ( 6186): 14:46:29.286 sip_endpoint.c  ....... in pjsua_var.ua_cfg.cb.on_pj_handler_tx_request
D/PJSIP   ( 6186): 14:46:29.286 pjsua_wrap.cpp  .......on_pj_handler_tx_request_wrapper tangzm3
E/Weaver  ( 6186): |SipCallbackListener|on_pj_handler_tx_request callback.
W/Weaver  ( 6186): |SipCallbackListener|getToken:85421012
I/PJSIP   ( 6186): 14:46:29.288 pjsua_jni_addo  .......set_msg_header called.
W/Weaver  ( 6186): |UserInfoCloudService|Start to get token ...... 
W/Weaver  ( 6186): |UserInfoCloudService|Get static token
I/PJSIP   ( 6186): 14:46:29.288 pjsua_jni_addo  .......set_msg_header called.
D/PJSIP   ( 6186): 14:46:29.289   pjsua_core.c  .......TX 804 bytes Response msg 200/UPDATE/cseq=10953 (tdta0x28c1ba0) to TCP 211.151.79.232:53:
D/PJSIP   ( 6186): SIP/2.0 200 OK
D/PJSIP   ( 6186): Via: SIP/2.0/TCP 211.151.79.232:53;received=211.151.79.232;branch=z9hG4bKbe11.23545047.0;i=7205
D/PJSIP   ( 6186): Via: SIP/2.0/TCP 219.142.122.249:57769;rport=57769;branch=z9hG4bKPjee5l-50wnFZeZ1-XGLJBufgVkb3BhPxO
D/PJSIP   ( 6186): Record-Route: <sip:211.151.79.232:53;transport=tcp;lr>
D/PJSIP   ( 6186): Call-ID: lSpNRNhrGvF8iSJhOwyeXfryNvDbmqfq
D/PJSIP   ( 6186): From: <sip:60000191751@211.151.79.232>;tag=e-X-kERFb7PuaQeQjyvkwbAnYuRUvKhr
D/PJSIP   ( 6186): To: <sip:60000192464@211.151.79.232>;tag=LJJejsZGyiYH0p0Y4bLyQkXfe1GbsgAh
D/PJSIP   ( 6186): CSeq: 10953 UPDATE
D/PJSIP   ( 6186): Session-Expires: 90;refresher=uac
D/PJSIP   ( 6186): Require: timer
D/PJSIP   ( 6186): Contact: <sip:60000192464@219.142.229.166:42922;transport=TCP;ob>
D/PJSIP   ( 6186): Allow: PRACK, INVITE, ACK, BYE, CANCEL, UPDATE, SUBSCRIBE, NOTIFY, REFER, MESSAGE, OPTIONS
D/PJSIP   ( 6186): Supported: replaces, 100rel, timer, norefersub
D/PJSIP   ( 6186): token: 85421012
D/PJSIP   ( 6186): instanceId: 85421012
D/PJSIP   ( 6186): Content-Length:  0
D/PJSIP   ( 6186): 
D/PJSIP   ( 6186): 
D/PJSIP   ( 6186): --end msg--
V/PJSIP   ( 6186): 14:46:29.289   tsx0x2674ba4  .......State changed from Trying to Completed, event=TX_MSG
V/PJSIP   ( 6186): 14:46:29.289   dlg0x1f5b8dc  ........Transaction tsx0x2674ba4 state changed to Completed
V/PJSIP   ( 6186): 14:46:29.290   tsx0x2674ba4  Timeout timer event
V/PJSIP   ( 6186): 14:46:29.290   tsx0x2674ba4  .State changed from Completed to Terminated, event=TIMER
V/PJSIP   ( 6186): 14:46:29.291   dlg0x1f5b8dc  ..Transaction tsx0x2674ba4 state changed to Terminated
V/PJSIP   ( 6186): 14:46:29.299   tsx0x2674ba4  Timeout timer event
V/PJSIP   ( 6186): 14:46:29.301   tsx0x2674ba4  .State changed from Terminated to Destroyed, event=TIMER
V/PJSIP   ( 6186): 14:46:29.302  tdta0x28c1ba0  ..Destroying txdata Response msg 200/UPDATE/cseq=10953 (tdta0x28c1ba0)
V/PJSIP   ( 6186): 14:46:29.303       pool_i.h  ..PJMEM:start to release pool:0x28c1ba0
V/PJSIP   ( 6186): 14:46:29.304   tsx0x2674ba4  ..Transaction destroyed!
V/PJSIP   ( 6186): 14:46:29.304       pool_i.h  ..PJMEM:start to release pool:0x2674b40
D/PJSIP   ( 6186): 14:46:29.936          jbi.c !failed to get next timestamp
D/PJSIP   ( 6186): 14:46:29.936   vid_stream.c  not found a frame
D/PJSIP   ( 6186): 14:46:30.940          jbi.c  failed to get next timestamp
D/PJSIP   ( 6186): 14:46:30.940   vid_stream.c  not found a frame
W/Video   ( 6186): FPS:31
D/PJSIP   ( 6186): 14:46:31.944          jbi.c  failed to get next timestamp
D/PJSIP   ( 6186): 14:46:31.944   vid_stream.c  not found a frame
D/PJSIP   ( 6186): 14:46:32.947          jbi.c  failed to get next timestamp
D/PJSIP   ( 6186): 14:46:32.947   vid_stream.c  not found a frame
D/MulticastServer( 5081): {"version":"2.5","messagetype":"online","sessionid":"0","deviceinfo":{"deviceid":"12345678","alias":"ideatv-12345678","nettype":"1","status":"Online","devicetype":"3","devicemodel":"ideatv","lenovoid":""},"services":[{"type":"device","url":"http://192.168.1.102:8888/v1/auth/"},{"type":"render","url":"http://192.168.1.102:8888/v1/player/"}]}
D/MulticastServer( 5081): {"version":"2.5","messagetype":"online","sessionid":"0","deviceinfo":{"deviceid":"12345678","alias":"ideatv-12345678","nettype":"1","status":"Online","devicetype":"3","devicemodel":"ideatv","lenovoid":""},"services":[{"type":"device","url":"http://192.168.1.102:8888/v1/auth/"},{"type":"render","url":"http://192.168.1.102:8888/v1/player/"}]}
D/LDI     ( 5081): ========192.168.1.102
D/MulticastServer( 5081): {"version":"2.5","messagetype":"request","sessionid":5,"deviceinfo":{"deviceid":"12345678","alias":"ideatv-12345678","nettype":"1","status":"Online","devicetype":"3","devicemodel":"ideatv","lenovoid":""},"services":[{"type":"device","url":"http://192.168.1.102:8888/v1/auth/"},{"type":"render","url":"http://192.168.1.102:8888/v1/player/"}]}
D/LDI     ( 5081): ========192.168.1.102
D/LDI     ( 5081): ========192.168.1.102
D/LDI     ( 5081): ========192.168.1.102
D/LDI     ( 5081): ========192.168.1.102
D/MulticastServer( 5081): {"version":"2.5","messagetype":"request","sessionid":5,"deviceinfo":{"deviceid":"12345678","alias":"ideatv-12345678","nettype":"1","status":"Online","devicetype":"3","devicemodel":"ideatv","lenovoid":""},"services":[{"type":"device","url":"http://192.168.1.102:8888/v1/auth/"},{"type":"render","url":"http://192.168.1.102:8888/v1/player/"}]}
D/LDI     ( 5081): ========192.168.1.102
D/LDI     ( 5081): ========192.168.1.102
D/LDI     ( 5081): ========192.168.1.102
D/LDI     ( 5081): ========192.168.1.102
D/LDI     ( 5081): ========192.168.1.102
D/MulticastPkgSender( 5081): =============={"version":"2.5","messagetype":"response","sessionid":11,"deviceinfo":{"deviceid":"-02-04-021354","alias":"ideatv--02-04-021354","nettype":"1","status":"Online","devicetype":"3","devicemodel":"ideatv","lenovoid":""},"services":[{"type":"device","url":"http://192.168.1.100:8888/v1/auth/"},{"type":"render","url":"http://192.168.1.100:8888/v1/player/"}]}=============
D/LDI     ( 5081): ========192.168.1.102
D/LDI     ( 5081): ========192.168.1.102
D/abc     ( 5081): =============={"version":"2.5","messagetype":"response","sessionid":11,"deviceinfo":{"deviceid":"-02-04-021354","alias":"ideatv--02-04-021354","nettype":"1","status":"Online","devicetype":"3","devicemodel":"ideatv","lenovoid":""},"services":[{"type":"device","url":"http://192.168.1.100:8888/v1/auth/"},{"type":"render","url":"http://192.168.1.100:8888/v1/player/"}]}=============192.168.1.102
D/PJSIP   ( 6186): 14:46:33.956          jbi.c  failed to get next timestamp
D/PJSIP   ( 6186): 14:46:33.956   vid_stream.c  not found a frame
W/Video   ( 6186): FPS:30
D/MulticastServer( 5081): {"version":"2.5","messagetype":"online","sessionid":"0","deviceinfo":{"deviceid":"12345678","alias":"ideatv-12345678","nettype":"1","status":"Online","devicetype":"3","devicemodel":"ideatv","lenovoid":""},"services":[{"type":"device","url":"http://192.168.1.102:8888/v1/auth/"},{"type":"render","url":"http://192.168.1.102:8888/v1/player/"}]}
D/MulticastServer( 5081): {"version":"2.5","messagetype":"request","sessionid":5,"deviceinfo":{"deviceid":"12345678","alias":"ideatv-12345678","nettype":"1","status":"Online","devicetype":"3","devicemodel":"ideatv","lenovoid":""},"services":[{"type":"device","url":"http://192.168.1.102:8888/v1/auth/"},{"type":"render","url":"http://192.168.1.102:8888/v1/player/"}]}
D/LDI     ( 5081): ========192.168.1.102
D/LDI     ( 5081): ========192.168.1.102
D/LDI     ( 5081): ========192.168.1.102
D/LDI     ( 5081): ========192.168.1.102
D/LDI     ( 5081): ========192.168.1.102
D/LDI     ( 5081): ========192.168.1.102
D/abc     ( 5081): =============={"version":"2.5","messagetype":"response","sessionid":11,"deviceinfo":{"deviceid":"-02-04-021354","alias":"ideatv--02-04-021354","nettype":"1","status":"Online","devicetype":"3","devicemodel":"ideatv","lenovoid":""},"services":[{"type":"device","url":"http://192.168.1.100:8888/v1/auth/"},{"type":"render","url":"http://192.168.1.100:8888/v1/player/"}]}=============192.168.1.102
D/PJSIP   ( 6186): 14:46:34.960          jbi.c  failed to get next timestamp
D/PJSIP   ( 6186): 14:46:34.960   vid_stream.c  not found a frame
D/MulticastServer( 5081): {"version":"2.5","messagetype":"online","sessionid":"0","deviceinfo":{"deviceid":"12345678","alias":"ideatv-12345678","nettype":"1","status":"Online","devicetype":"3","devicemodel":"ideatv","lenovoid":""},"services":[{"type":"device","url":"http://192.168.1.102:8888/v1/auth/"},{"type":"render","url":"http://192.168.1.102:8888/v1/player/"}]}
D/LDI     ( 5081): ========192.168.1.102
D/MulticastServer( 5081): {"version":"2.5","messagetype":"request","sessionid":5,"deviceinfo":{"deviceid":"12345678","alias":"ideatv-12345678","nettype":"1","status":"Online","devicetype":"3","devicemodel":"ideatv","lenovoid":""},"services":[{"type":"device","url":"http://192.168.1.102:8888/v1/auth/"},{"type":"render","url":"http://192.168.1.102:8888/v1/player/"}]}
D/LDI     ( 5081): ========192.168.1.102
D/LDI     ( 5081): ========192.168.1.102
D/LDI     ( 5081): ========192.168.1.102
D/LDI     ( 5081): ========192.168.1.102
D/LDI     ( 5081): ========192.168.1.102
D/abc     ( 5081): =============={"version":"2.5","messagetype":"response","sessionid":11,"deviceinfo":{"deviceid":"-02-04-021354","alias":"ideatv--02-04-021354","nettype":"1","status":"Online","devicetype":"3","devicemodel":"ideatv","lenovoid":""},"services":[{"type":"device","url":"http://192.168.1.100:8888/v1/auth/"},{"type":"render","url":"http://192.168.1.100:8888/v1/player/"}]}=============192.168.1.102
D/PJSIP   ( 6186): 14:46:35.963          jbi.c  failed to get next timestamp
D/PJSIP   ( 6186): 14:46:35.963   vid_stream.c  not found a frame
D/PJSIP   ( 6186): 14:46:36.967          jbi.c  failed to get next timestamp
D/PJSIP   ( 6186): 14:46:36.967   vid_stream.c  not found a frame
W/Video   ( 6186): FPS:31
D/PJSIP   ( 6186): 14:46:37.971          jbi.c  failed to get next timestamp
D/PJSIP   ( 6186): 14:46:37.971   vid_stream.c  not found a frame
D/PJSIP   ( 6186): 14:46:38.974          jbi.c  failed to get next timestamp
D/PJSIP   ( 6186): 14:46:38.975   vid_stream.c  not found a frame
D/PJSIP   ( 6186): 14:46:39.978          jbi.c  failed to get next timestamp
D/PJSIP   ( 6186): 14:46:39.978   vid_stream.c  not found a frame
D/PJSIP   ( 6186): 14:46:40.982          jbi.c  failed to get next timestamp
D/PJSIP   ( 6186): 14:46:40.982   vid_stream.c  not found a frame
W/Video   ( 6186): FPS:31
D/PJSIP   ( 6186): 14:46:41.987          jbi.c  failed to get next timestamp
D/PJSIP   ( 6186): 14:46:41.987   vid_stream.c  not found a frame
V/PJSIP   ( 6186): 14:46:42.536 stuse0x24daeb0 !..RX 28 bytes STUN message from 211.151.79.218:30519:
V/PJSIP   ( 6186): --- begin STUN message ---
V/PJSIP   ( 6186): STUN Binding indication
V/PJSIP   ( 6186):  Hdr: length=8, magic=2112a442, tsx_id=00000b933ce7150104b87eeb
V/PJSIP   ( 6186):  Attributes:
V/PJSIP   ( 6186):   FINGERPRINT: length=4, value=2067053524 (0x7b34bbd4)
V/PJSIP   ( 6186): --- end of STUN message ---
V/PJSIP   ( 6186): 
D/PJSIP   ( 6186): 14:46:42.536        icetp00  ...Received Binding Indication keep-alive for component 1
D/PJSIP   ( 6186): 14:46:42.989          jbi.c !failed to get next timestamp
D/PJSIP   ( 6186): 14:46:42.989   vid_stream.c  not found a frame
D/PJSIP   ( 6186): 14:46:43.993          jbi.c  failed to get next timestamp
D/PJSIP   ( 6186): 14:46:43.993   vid_stream.c  not found a frame
V/PJSIP   ( 6186): 14:46:44.403  tcpc0x1fb4d04 !Sending 4 byte(s) keep-alive to 211.151.79.232:53
W/Video   ( 6186): FPS:32
I/VOD_SERVICE( 1685): |INFO||FLASH|VOD Service Start......!type=0|class com.lenovo.dll.nebula.vod.service.VodHomePageService|
I/VOD_SERVICE( 1685): |INFO||FLASH|Update vod data start!|class com.lenovo.dll.nebula.vod.service.VodHomePageService$updateVodHomeThread|
I/VOD_SERVICE( 1685): |INFO||FLASH|Use backup domain:cord.tvxio.com|class com.lenovo.dll.nebula.vod.service.VodHomePageService$updateVodHomeThread|
D/PJSIP   ( 6186): 14:46:45.002          jbi.c !failed to get next timestamp
D/PJSIP   ( 6186): 14:46:45.002   vid_stream.c  not found a frame
I/VOD_SERVICE( 1685): |INFO|http://cord.tvxio.com/api/tv/section/tvhome/|304||GET|
I/VOD_SERVICE( 1685): |INFO|http://cord.tvxio.com/api/tv/channels/|304||GET|
I/VOD_SERVICE( 1685): |INFO|http://cord.tvxio.com/api/tv/frontpage/|304||GET|
I/VOD_SERVICE( 1685): |INFO|http://cord.tvxio.com/static/meta/content_model.json|304||GET|
I/VOD_SERVICE( 1685): |INFO|chinesemovie**http://cord.tvxio.com/api/tv/sections/chinesemovie/|UpdateSecondCategory|
I/VOD_SERVICE( 1685): |INFO|http://cord.tvxio.com/api/tv/sections/chinesemovie/|UpdateSecondCategory|
I/VOD_SERVICE( 1685): |INFO|||
I/VOD_SERVICE( 1685): |INFO|http://cord.tvxio.com/api/tv/sections/chinesemovie/|UpdateSecondCategory|
I/VOD_SERVICE( 1685): |INFO|http://cord.tvxio.com/api/tv/sections/chinesemovie/|304||GET|
I/VOD_SERVICE( 1685): |INFO|overseas**http://cord.tvxio.com/api/tv/sections/overseas/|UpdateSecondCategory|
I/VOD_SERVICE( 1685): |INFO|http://cord.tvxio.com/api/tv/sections/overseas/|UpdateSecondCategory|
I/VOD_SERVICE( 1685): |INFO|||
I/VOD_SERVICE( 1685): |INFO|http://cord.tvxio.com/api/tv/sections/overseas/|UpdateSecondCategory|
I/VOD_SERVICE( 1685): |INFO|http://cord.tvxio.com/api/tv/sections/overseas/|304||GET|
I/VOD_SERVICE( 1685): |INFO|teleplay**http://cord.tvxio.com/api/tv/sections/teleplay/|UpdateSecondCategory|
I/VOD_SERVICE( 1685): |INFO|http://cord.tvxio.com/api/tv/sections/teleplay/|UpdateSecondCategory|
I/VOD_SERVICE( 1685): |INFO|||
I/VOD_SERVICE( 1685): |INFO|http://cord.tvxio.com/api/tv/sections/teleplay/|UpdateSecondCategory|
I/VOD_SERVICE( 1685): |INFO|http://cord.tvxio.com/api/tv/sections/teleplay/|304||GET|
I/VOD_SERVICE( 1685): |INFO|variety**http://cord.tvxio.com/api/tv/sections/variety/|UpdateSecondCategory|
I/VOD_SERVICE( 1685): |INFO|http://cord.tvxio.com/api/tv/sections/variety/|UpdateSecondCategory|
I/VOD_SERVICE( 1685): |INFO|||
I/VOD_SERVICE( 1685): |INFO|http://cord.tvxio.com/api/tv/sections/variety/|UpdateSecondCategory|
D/PJSIP   ( 6186): 14:46:46.005          jbi.c  failed to get next timestamp
D/PJSIP   ( 6186): 14:46:46.006   vid_stream.c  not found a frame
I/VOD_SERVICE( 1685): |INFO|http://cord.tvxio.com/api/tv/sections/variety/|304||GET|
I/VOD_SERVICE( 1685): |INFO|sport**http://cord.tvxio.com/api/tv/sections/sport/|UpdateSecondCategory|
I/VOD_SERVICE( 1685): |INFO|http://cord.tvxio.com/api/tv/sections/sport/|UpdateSecondCategory|
I/VOD_SERVICE( 1685): |INFO|||
I/VOD_SERVICE( 1685): |INFO|http://cord.tvxio.com/api/tv/sections/sport/|UpdateSecondCategory|
I/VOD_SERVICE( 1685): |INFO|http://cord.tvxio.com/api/tv/sections/sport/|304||GET|
I/VOD_SERVICE( 1685): |INFO|comic**http://cord.tvxio.com/api/tv/sections/comic/|UpdateSecondCategory|
I/VOD_SERVICE( 1685): |INFO|http://cord.tvxio.com/api/tv/sections/comic/|UpdateSecondCategory|
I/VOD_SERVICE( 1685): |INFO|||
I/VOD_SERVICE( 1685): |INFO|http://cord.tvxio.com/api/tv/sections/comic/|UpdateSecondCategory|
I/VOD_SERVICE( 1685): |INFO|http://cord.tvxio.com/api/tv/sections/comic/|304||GET|
I/VOD_SERVICE( 1685): |INFO|music**http://cord.tvxio.com/api/tv/sections/music/|UpdateSecondCategory|
I/VOD_SERVICE( 1685): |INFO|http://cord.tvxio.com/api/tv/sections/music/|UpdateSecondCategory|
I/VOD_SERVICE( 1685): |INFO|||
I/VOD_SERVICE( 1685): |INFO|http://cord.tvxio.com/api/tv/sections/music/|UpdateSecondCategory|
I/VOD_SERVICE( 1685): |INFO|http://cord.tvxio.com/api/tv/sections/music/|304||GET|
I/VOD_SERVICE( 1685): |INFO|documentary**http://cord.tvxio.com/api/tv/sections/documentary/|UpdateSecondCategory|
I/VOD_SERVICE( 1685): |INFO|http://cord.tvxio.com/api/tv/sections/documentary/|UpdateSecondCategory|
I/VOD_SERVICE( 1685): |INFO|||
I/VOD_SERVICE( 1685): |INFO|http://cord.tvxio.com/api/tv/sections/documentary/|UpdateSecondCategory|
D/PJSIP   ( 6186): 14:46:47.009          jbi.c  failed to get next timestamp
D/PJSIP   ( 6186): 14:46:47.009   vid_stream.c  not found a frame
I/VOD_SERVICE( 1685): |INFO|http://cord.tvxio.com/api/tv/sections/documentary/|304||GET|
I/VOD_SERVICE( 1685): |INFO|rankinglist**http://cord.tvxio.com/api/tv/sections/rankinglist/|UpdateSecondCategory|
I/VOD_SERVICE( 1685): |INFO|http://cord.tvxio.com/api/tv/sections/rankinglist/|UpdateSecondCategory|
I/VOD_SERVICE( 1685): |INFO|||
I/VOD_SERVICE( 1685): |INFO|http://cord.tvxio.com/api/tv/sections/rankinglist/|UpdateSecondCategory|
W/Video   ( 6186): FPS:31
D/PJSIP   ( 6186): 14:46:48.013          jbi.c  failed to get next timestamp
D/PJSIP   ( 6186): 14:46:48.013   vid_stream.c  not found a frame
I/VOD_SERVICE( 1685): |INFO|http://cord.tvxio.com/api/tv/sections/rankinglist/|304||GET|
I/VOD_SERVICE( 1685): |INFO|payment**http://cord.tvxio.com/api/tv/sections/payment/|UpdateSecondCategory|
I/VOD_SERVICE( 1685): |INFO|http://cord.tvxio.com/api/tv/sections/payment/|UpdateSecondCategory|
I/VOD_SERVICE( 1685): |INFO|||
I/VOD_SERVICE( 1685): |INFO|http://cord.tvxio.com/api/tv/sections/payment/|UpdateSecondCategory|
I/VOD_SERVICE( 1685): |INFO|http://cord.tvxio.com/api/tv/sections/payment/|304||GET|
I/VOD_SERVICE( 1685): |INFO|$bookmarks**http://cord.tvxio.com/api/bookmarks/|UpdateSecondCategory|
I/VOD_SERVICE( 1685): |INFO|$histories**http://cord.tvxio.com/api/histories/|UpdateSecondCategory|
I/VOD_SERVICE( 1685): |INFO|values is null or data no update||
D/dalvikvm( 1685): GC_CONCURRENT freed 353K, 55% free 4472K/9863K, paused 1ms+1ms
I/VOD_SERVICE( 1685): |INFO|http://cord.tvxio.com/api/rated/list/|304||GET|
I/VOD_SERVICE( 1685): |INFO|*video_id =182|class com.lenovo.dll.nebula.vod.service.task.UpdateLinkedVideoTask|
D/VOD_SERVICE( 1685):     start_time=    end_time=    model_name=    code=    title=    url=    channel=    channel_template=0    channel_title=    channel_url=    slug=
D/PJSIP   ( 6186): 14:46:49.021          jbi.c  failed to get next timestamp
D/PJSIP   ( 6186): 14:46:49.021   vid_stream.c  not found a frame
V/PJSIP   ( 6186): 14:46:49.935 stuntp0x202896 !.TX 56 bytes STUN message to 211.151.79.218:53:
V/PJSIP   ( 6186): --- begin STUN message ---
V/PJSIP   ( 6186): STUN Binding request
V/PJSIP   ( 6186):  Hdr: length=36, magic=2112a442, tsx_id=1ef3354287ea049e00043c97
V/PJSIP   ( 6186):  Attributes:
V/PJSIP   ( 6186):   TRANSPORT-TIMESTAMP: length=8
V/PJSIP   ( 6186):   TRANSPORT-SENT-COUNT: length=4
V/PJSIP   ( 6186):   SOFTWARE: length=12, value="pjnath-2.0.1"
V/PJSIP   ( 6186): --- end of STUN message ---
V/PJSIP   ( 6186): 
V/PJSIP   ( 6186): 14:46:49.936 stuntsx0x26d14  .STUN client transaction created
V/PJSIP   ( 6186): 14:46:49.940 stuntsx0x26d14  .STUN sending message (transmit count=1)
V/PJSIP   ( 6186): 14:46:49.955 stuntp0x202267  .TX 56 bytes STUN message to 211.151.79.218:53:
V/PJSIP   ( 6186): --- begin STUN message ---
V/PJSIP   ( 6186): STUN Binding request
V/PJSIP   ( 6186):  Hdr: length=36, magic=2112a442, tsx_id=68722dfd776e863300046ae0
