V/PJSIP   ( 6186):  Attributes:
V/PJSIP   ( 6186):   TRANSPORT-TIMESTAMP: length=8
V/PJSIP   ( 6186):   TRANSPORT-SENT-COUNT: length=4
V/PJSIP   ( 6186):   SOFTWARE: length=12, value="pjnath-2.0.1"
V/PJSIP   ( 6186): --- end of STUN message ---
V/PJSIP   ( 6186): 
V/PJSIP   ( 6186): 14:46:49.955 stuntsx0x2562c  .STUN client transaction created
V/PJSIP   ( 6186): 14:46:49.955 stuntsx0x2562c  .STUN sending message (transmit count=1)
V/PJSIP   ( 6186): 14:46:49.959 stuntp0x202896 !.RX 60 bytes STUN message from 211.151.79.218:53:
V/PJSIP   ( 6186): --- begin STUN message ---
V/PJSIP   ( 6186): STUN Binding success response
V/PJSIP   ( 6186):  Hdr: length=40, magic=2112a442, tsx_id=1ef3354287ea049e00043c97
V/PJSIP   ( 6186):  Attributes:
V/PJSIP   ( 6186):   XOR-MAPPED-ADDRESS: length=8, IPv4 addr=219.142.229.166:59955
V/PJSIP   ( 6186):   SOFTWARE: length=14, value="TurnServer 0.7"
V/PJSIP   ( 6186):   FINGERPRINT: length=4, value=860970122 (0x33515c8a)
V/PJSIP   ( 6186): --- end of STUN message ---
V/PJSIP   ( 6186): 
I/PJSIP   ( 6186): 14:46:49.960        timer.c  .PJCANCEL:cancel,_timer_id:-1,max_size:126
I/PJSIP   ( 6186): 
V/PJSIP   ( 6186): 14:46:49.965 stuntp0x24fe68 !.TX 56 bytes STUN message to 211.151.79.218:53:
V/PJSIP   ( 6186): --- begin STUN message ---
V/PJSIP   ( 6186): STUN Binding request
V/PJSIP   ( 6186):  Hdr: length=36, magic=2112a442, tsx_id=fe5ba1b53943d42900044a92
V/PJSIP   ( 6186):  Attributes:
V/PJSIP   ( 6186):   TRANSPORT-TIMESTAMP: length=8
V/PJSIP   ( 6186):   TRANSPORT-SENT-COUNT: length=4
V/PJSIP   ( 6186):   SOFTWARE: length=12, value="pjnath-2.0.1"
V/PJSIP   ( 6186): --- end of STUN message ---
V/PJSIP   ( 6186): 
V/PJSIP   ( 6186): 14:46:49.965 stuntsx0x265d1  .STUN client transaction created
V/PJSIP   ( 6186): 14:46:49.966 stuntsx0x265d1  .STUN sending message (transmit count=1)
V/PJSIP   ( 6186): 14:46:49.966 stuntp0x24c123  .TX 56 bytes STUN message to 211.151.79.218:53:
V/PJSIP   ( 6186): --- begin STUN message ---
V/PJSIP   ( 6186): STUN Binding request
V/PJSIP   ( 6186):  Hdr: length=36, magic=2112a442, tsx_id=647f0650903c9dda000422f6
V/PJSIP   ( 6186):  Attributes:
V/PJSIP   ( 6186):   TRANSPORT-TIMESTAMP: length=8
V/PJSIP   ( 6186):   TRANSPORT-SENT-COUNT: length=4
V/PJSIP   ( 6186):   SOFTWARE: length=12, value="pjnath-2.0.1"
V/PJSIP   ( 6186): --- end of STUN message ---
V/PJSIP   ( 6186): 
V/PJSIP   ( 6186): 14:46:49.966 stuntsx0x25654  .STUN client transaction created
V/PJSIP   ( 6186): 14:46:49.966 stuntsx0x25654  .STUN sending message (transmit count=1)
V/PJSIP   ( 6186): 14:46:49.979 stuntp0x202267 !.RX 60 bytes STUN message from 211.151.79.218:53:
V/PJSIP   ( 6186): --- begin STUN message ---
V/PJSIP   ( 6186): STUN Binding success response
V/PJSIP   ( 6186):  Hdr: length=40, magic=2112a442, tsx_id=68722dfd776e863300046ae0
V/PJSIP   ( 6186):  Attributes:
V/PJSIP   ( 6186):   XOR-MAPPED-ADDRESS: length=8, IPv4 addr=219.142.229.166:46597
V/PJSIP   ( 6186):   SOFTWARE: length=14, value="TurnServer 0.7"
V/PJSIP   ( 6186):   FINGERPRINT: length=4, value=1308854852 (0x4e038a44)
V/PJSIP   ( 6186): --- end of STUN message ---
V/PJSIP   ( 6186): 
I/PJSIP   ( 6186): 14:46:49.979        timer.c  .PJCANCEL:cancel,_timer_id:-1,max_size:126
I/PJSIP   ( 6186): 
V/PJSIP   ( 6186): 14:46:49.986 stuntp0x24fe68  .RX 60 bytes STUN message from 211.151.79.218:53:
V/PJSIP   ( 6186): --- begin STUN message ---
V/PJSIP   ( 6186): STUN Binding success response
V/PJSIP   ( 6186):  Hdr: length=40, magic=2112a442, tsx_id=fe5ba1b53943d42900044a92
V/PJSIP   ( 6186):  Attributes:
V/PJSIP   ( 6186):   XOR-MAPPED-ADDRESS: length=8, IPv4 addr=219.142.229.166:45124
V/PJSIP   ( 6186):   SOFTWARE: length=14, value="TurnServer 0.7"
V/PJSIP   ( 6186):   FINGERPRINT: length=4, value=4194887376 (0xfa08e6d0)
V/PJSIP   ( 6186): --- end of STUN message ---
V/PJSIP   ( 6186): 
I/PJSIP   ( 6186): 14:46:49.986        timer.c  .PJCANCEL:cancel,_timer_id:-1,max_size:126
I/PJSIP   ( 6186): 
V/PJSIP   ( 6186): 14:46:49.989 stuntp0x24c123  .RX 60 bytes STUN message from 211.151.79.218:53:
V/PJSIP   ( 6186): --- begin STUN message ---
V/PJSIP   ( 6186): STUN Binding success response
V/PJSIP   ( 6186):  Hdr: length=40, magic=2112a442, tsx_id=647f0650903c9dda000422f6
V/PJSIP   ( 6186):  Attributes:
V/PJSIP   ( 6186):   XOR-MAPPED-ADDRESS: length=8, IPv4 addr=219.142.229.166:47053
V/PJSIP   ( 6186):   SOFTWARE: length=14, value="TurnServer 0.7"
V/PJSIP   ( 6186):   FINGERPRINT: length=4, value=71505308 (0x443159c)
V/PJSIP   ( 6186): --- end of STUN message ---
V/PJSIP   ( 6186): 
I/PJSIP   ( 6186): 14:46:49.989        timer.c  .PJCANCEL:cancel,_timer_id:-1,max_size:126
I/PJSIP   ( 6186): 
D/PJSIP   ( 6186): 14:46:50.025          jbi.c !failed to get next timestamp
D/PJSIP   ( 6186): 14:46:50.025   vid_stream.c  not found a frame
D/PJSIP   ( 6186): 14:46:51.029          jbi.c  failed to get next timestamp
D/PJSIP   ( 6186): 14:46:51.029   vid_stream.c  not found a frame
W/Video   ( 6186): FPS:31
V/PJSIP   ( 6186): 14:46:51.963 stuntsx0x26d14 !STUN client transaction destroyed
V/PJSIP   ( 6186): 14:46:51.963       pool_i.h  PJMEM:start to release pool:0x265eb38
V/PJSIP   ( 6186): 14:46:51.983 stuntsx0x2562c  STUN client transaction destroyed
V/PJSIP   ( 6186): 14:46:51.983       pool_i.h  PJMEM:start to release pool:0x265e390
V/PJSIP   ( 6186): 14:46:51.988 stuntsx0x265d1  STUN client transaction destroyed
V/PJSIP   ( 6186): 14:46:51.988       pool_i.h  PJMEM:start to release pool:0x25ecd08
V/PJSIP   ( 6186): 14:46:51.993 stuntsx0x25654  STUN client transaction destroyed
V/PJSIP   ( 6186): 14:46:51.993       pool_i.h  PJMEM:start to release pool:0x2635be0
D/PJSIP   ( 6186): 14:46:52.033          jbi.c !failed to get next timestamp
D/PJSIP   ( 6186): 14:46:52.033   vid_stream.c  not found a frame
D/PJSIP   ( 6186): 14:46:53.041          jbi.c  failed to get next timestamp
D/PJSIP   ( 6186): 14:46:53.041   vid_stream.c  not found a frame
D/PJSIP   ( 6186): 14:46:54.045          jbi.c  failed to get next timestamp
D/PJSIP   ( 6186): 14:46:54.045   vid_stream.c  not found a frame
W/Video   ( 6186): FPS:31
D/PJSIP   ( 6186): 14:46:55.049          jbi.c  failed to get next timestamp
D/PJSIP   ( 6186): 14:46:55.049   vid_stream.c  not found a frame
D/PJSIP   ( 6186): 14:46:56.052          jbi.c  failed to get next timestamp
D/PJSIP   ( 6186): 14:46:56.052   vid_stream.c  not found a frame
D/PJSIP   ( 6186): 14:46:57.061          jbi.c  failed to get next timestamp
D/PJSIP   ( 6186): 14:46:57.061   vid_stream.c  not found a frame
W/Video   ( 6186): FPS:31
D/PJSIP   ( 6186): 14:46:58.065          jbi.c  failed to get next timestamp
D/PJSIP   ( 6186): 14:46:58.065   vid_stream.c  not found a frame
D/PJSIP   ( 6186): 14:46:59.069          jbi.c  failed to get next timestamp
D/PJSIP   ( 6186): 14:46:59.069   vid_stream.c  not found a frame
I/Launcher( 1991): |INFO|,2013/03/11,2:47,,,|com.lenovo.dll.nebula.launcher.DateManager|
D/PJSIP   ( 6186): 14:47:00.072          jbi.c  failed to get next timestamp
D/PJSIP   ( 6186): 14:47:00.072   vid_stream.c  not found a frame
V/PJSIP   ( 6186): 14:47:00.407  tcpc0x1fb4d04 !Sending 4 byte(s) keep-alive to 211.151.79.232:53
W/MountService( 1317): getVolumeState(/mnt/sdcard): Unknown volume
I/Launcher( 1991): |INFO|exist file in databasehttp://jq.v.ismartv.com.cn/topvideo/no0241_20130310_00_18fps.mp4|com.lenovo.dll.nebula.launcher.vod.TrailerManager|
I/Launcher( 1991): |INFO|the downloaded video url is http://jq.v.ismartv.com.cn/topvideo/no0241_20130310_00_18fps.mp4-------the downloaded videoName is 1362984420536.stagefright|com.lenovo.dll.nebula.launcher.vod.TrailerManager|
W/MountService( 1317): getVolumeState(/mnt/sdcard): Unknown volume
W/MountService( 1317): getVolumeState(/mnt/sdcard): Unknown volume
W/MountService( 1317): getVolumeState(/mnt/sdcard): Unknown volume
W/MountService( 1317): getVolumeState(/mnt/sdcard): Unknown volume
W/MountService( 1317): getVolumeState(/mnt/sdcard): Unknown volume
W/MountService( 1317): getVolumeState(/mnt/sdcard): Unknown volume
W/MountService( 1317): getVolumeState(/mnt/sdcard): Unknown volume
W/MountService( 1317): getVolumeState(/mnt/sdcard): Unknown volume
W/MountService( 1317): getVolumeState(/mnt/sdcard): Unknown volume
W/MountService( 1317): getVolumeState(/mnt/sdcard): Unknown volume
W/MountService( 1317): getVolumeState(/mnt/sdcard): Unknown volume
W/MountService( 1317): getVolumeState(/mnt/sdcard): Unknown volume
W/MountService( 1317): getVolumeState(/mnt/sdcard): Unknown volume
W/MountService( 1317): getVolumeState(/mnt/sdcard): Unknown volume
W/MountService( 1317): getVolumeState(/mnt/sdcard): Unknown volume
W/MountService( 1317): getVolumeState(/mnt/sdcard): Unknown volume
W/MountService( 1317): getVolumeState(/mnt/sdcard): Unknown volume
W/MountService( 1317): getVolumeState(/mnt/sdcard): Unknown volume
W/MountService( 1317): getVolumeState(/mnt/sdcard): Unknown volume
W/MountService( 1317): getVolumeState(/mnt/sdcard): Unknown volume
W/MountService( 1317): getVolumeState(/mnt/sdcard): Unknown volume
I/Launcher( 1991): |INFO|download status changed |com.lenovo.dll.nebula.launcher.DownLoadStatusListener$DownloadManagerContentObserver|
I/Launcher( 1991): |INFO|download status changed |com.lenovo.dll.nebula.launcher.DownLoadStatusListener$DownloadManagerContentObserver|
I/Launcher( 1991): |INFO|download status changed |com.lenovo.dll.nebula.launcher.DownLoadStatusListener$DownloadManagerContentObserver|
I/Launcher( 1991): |INFO|download status changed |com.lenovo.dll.nebula.launcher.DownLoadStatusListener$DownloadManagerContentObserver|
I/Launcher( 1991): |INFO|download state changed: downing|com.lenovo.dll.nebula.launcher.GL.GLStatusBar|
I/Launcher( 1991): |INFO|download state changed: downing|com.lenovo.dll.nebula.launcher.GL.GLStatusBar|
I/DownloadManager( 1645): Initiating request for download 10716
W/MountService( 1317): getVolumeState(/mnt/sdcard): Unknown volume
W/MountService( 1317): getVolumeState(/mnt/sdcard): Unknown volume
I/Launcher( 1991): |INFO|download state changed: downing|com.lenovo.dll.nebula.launcher.GL.GLStatusBar|
W/MountService( 1317): getVolumeState(/mnt/sdcard): Unknown volume
W/MountService( 1317): getVolumeState(/mnt/sdcard): Unknown volume
I/Launcher( 1991): |INFO|download state changed: downing|com.lenovo.dll.nebula.launcher.GL.GLStatusBar|
W/MountService( 1317): getVolumeState(/mnt/sdcard): Unknown volume
W/MountService( 1317): getVolumeState(/mnt/sdcard): Unknown volume
W/MountService( 1317): getVolumeState(/mnt/sdcard): Unknown volume
W/MountService( 1317): getVolumeState(/mnt/sdcard): Unknown volume
W/MountService( 1317): getVolumeState(/mnt/sdcard): Unknown volume
W/MountService( 1317): getVolumeState(/mnt/sdcard): Unknown volume
D/PJSIP   ( 6186): 14:47:01.081          jbi.c !failed to get next timestamp
D/PJSIP   ( 6186): 14:47:01.081   vid_stream.c  not found a frame
W/MountService( 1317): getVolumeState(/mnt/sdcard): Unknown volume
W/DownloadManager( 1645): Aborting request for download 10716: external media not mounted
I/Launcher( 1991): |INFO|download status changed |com.lenovo.dll.nebula.launcher.DownLoadStatusListener$DownloadManagerContentObserver|
W/MountService( 1317): getVolumeState(/mnt/sdcard): Unknown volume
W/MountService( 1317): getVolumeState(/mnt/sdcard): Unknown volume
I/Launcher( 1991): |INFO|download state changed: failed|com.lenovo.dll.nebula.launcher.GL.GLStatusBar|
W/MountService( 1317): getVolumeState(/mnt/sdcard): Unknown volume
W/MountService( 1317): getVolumeState(/mnt/sdcard): Unknown volume
W/MountService( 1317): getVolumeState(/mnt/sdcard): Unknown volume
W/MountService( 1317): getVolumeState(/mnt/sdcard): Unknown volume
W/MountService( 1317): getVolumeState(/mnt/sdcard): Unknown volume
W/MountService( 1317): getVolumeState(/mnt/sdcard): Unknown volume
W/MountService( 1317): getVolumeState(/mnt/sdcard): Unknown volume
W/MountService( 1317): getVolumeState(/mnt/sdcard): Unknown volume
W/MountService( 1317): getVolumeState(/mnt/sdcard): Unknown volume
W/Video   ( 6186): FPS:30
I/DownloadsChangeObserver( 1577): dispatchUpdate
I/TvDownloadManager( 1577): getAllProgress:IDownloadInfoDB.TYPE_ALL
I/TvDownloadManager( 1577): getAllProgress:db count=0	os count=11	 listener count=0
D/PJSIP   ( 6186): 14:47:02.085          jbi.c  failed to get next timestamp
D/PJSIP   ( 6186): 14:47:02.085   vid_stream.c  not found a frame
D/PJSIP   ( 6186): 14:47:03.088          jbi.c  failed to get next timestamp
D/PJSIP   ( 6186): 14:47:03.088   vid_stream.c  not found a frame
D/PJSIP   ( 6186): 14:47:04.092          jbi.c  failed to get next timestamp
D/PJSIP   ( 6186): 14:47:04.092   vid_stream.c  not found a frame
W/Video   ( 6186): FPS:30
D/PJSIP   ( 6186): 14:47:05.096          jbi.c  failed to get next timestamp
D/PJSIP   ( 6186): 14:47:05.096   vid_stream.c  not found a frame
D/PJSIP   ( 6186): 14:47:05.495 udprel0x24beea !sendto(): IP 211.151.79.218 has no permission, requesting it first..
V/PJSIP   ( 6186): 14:47:05.496 udprel0x24beea  .TX 172 bytes STUN message to 211.151.79.218:53:
V/PJSIP   ( 6186): --- begin STUN message ---
V/PJSIP   ( 6186): STUN CreatePermission request
V/PJSIP   ( 6186):  Hdr: length=152, magic=2112a442, tsx_id=0000182a7856ae62144d20a5
V/PJSIP   ( 6186):  Attributes:
V/PJSIP   ( 6186):   TRANSPORT-TIMESTAMP: length=8
V/PJSIP   ( 6186):   TRANSPORT-SENT-COUNT: length=4
V/PJSIP   ( 6186):   XOR-PEER-ADDRESS: length=8, IPv4 addr=211.151.79.218:62029
V/PJSIP   ( 6186):   SOFTWARE: length=12, value="pjnath-2.0.1"
V/PJSIP   ( 6186):   USERNAME: length=6, value="weaver"
V/PJSIP   ( 6186):   REALM: length=10, value="domain.org"
V/PJSIP   ( 6186):   NONCE: length=48, value="513d8ade0000000035ab4d88c6b4e0342c6e4dc20400c052"
V/PJSIP   ( 6186):   MESSAGE-INTEGRITY: length=20, data=b334354307a01a538f3ac125dcbc2e0743c2253d
V/PJSIP   ( 6186): --- end of STUN message ---
V/PJSIP   ( 6186): 
V/PJSIP   ( 6186): 14:47:05.496 stuntsx0x265ec  .STUN client transaction created
V/PJSIP   ( 6186): 14:47:05.496 stuntsx0x265ec  .STUN sending message (transmit count=1)
V/PJSIP   ( 6186): 14:47:05.518 udprel0x24beea !.RX 72 bytes STUN message from 211.151.79.218:53:
V/PJSIP   ( 6186): --- begin STUN message ---
V/PJSIP   ( 6186): STUN CreatePermission success response
V/PJSIP   ( 6186):  Hdr: length=52, magic=2112a442, tsx_id=0000182a7856ae62144d20a5
V/PJSIP   ( 6186):  Attributes:
V/PJSIP   ( 6186):   SOFTWARE: length=14, value="TurnServer 0.7"
V/PJSIP   ( 6186):   MESSAGE-INTEGRITY: length=20, data=ee90f89b6637f1dddbce02354a4064008e5f8f36
V/PJSIP   ( 6186):   FINGERPRINT: length=4, value=4151310506 (0xf76ff8aa)
V/PJSIP   ( 6186): --- end of STUN message ---
V/PJSIP   ( 6186): 
D/PJSIP   ( 6186): 14:47:06.100          jbi.c !failed to get next timestamp
D/PJSIP   ( 6186): 14:47:06.100   vid_stream.c  not found a frame
D/PJSIP   ( 6186): 14:47:07.103          jbi.c  failed to get next timestamp
D/PJSIP   ( 6186): 14:47:07.103   vid_stream.c  not found a frame
V/PJSIP   ( 6186): 14:47:07.523 stuntsx0x265ec !STUN client transaction destroyed
V/PJSIP   ( 6186): 14:47:07.523       pool_i.h  PJMEM:start to release pool:0x265eb38
W/Video   ( 6186): FPS:30
D/PJSIP   ( 6186): 14:47:08.107          jbi.c !failed to get next timestamp
D/PJSIP   ( 6186): 14:47:08.107   vid_stream.c  not found a frame
D/PJSIP   ( 6186): 14:47:09.110          jbi.c  failed to get next timestamp
D/PJSIP   ( 6186): 14:47:09.111   vid_stream.c  not found a frame
D/PJSIP   ( 6186): 14:47:10.114          jbi.c  failed to get next timestamp
D/PJSIP   ( 6186): 14:47:10.114   vid_stream.c  not found a frame
D/PJSIP   ( 6186): 14:47:11.118          jbi.c  failed to get next timestamp
D/PJSIP   ( 6186): 14:47:11.118   vid_stream.c  not found a frame
W/Video   ( 6186): FPS:31
D/PJSIP   ( 6186): 14:47:12.127          jbi.c  failed to get next timestamp
D/PJSIP   ( 6186): 14:47:12.127   vid_stream.c  not found a frame
D/PJSIP   ( 6186): 14:47:13.130          jbi.c  failed to get next timestamp
D/PJSIP   ( 6186): 14:47:13.130   vid_stream.c  not found a frame
D/PJSIP   ( 6186): 14:47:14.134          jbi.c  failed to get next timestamp
D/PJSIP   ( 6186): 14:47:14.134   vid_stream.c  not found a frame
W/Video   ( 6186): FPS:31
V/PJSIP   ( 6186): 14:47:15.028 sip_endpoint.c !Processing incoming message: Request msg UPDATE/cseq=10954 (rdata0x1fb4eb4)
D/PJSIP   ( 6186): 14:47:15.028   pjsua_core.c  .RX 712 bytes Request msg UPDATE/cseq=10954 (rdata0x1fb4eb4) from TCP 211.151.79.232:53:
D/PJSIP   ( 6186): UPDATE sip:60000192464@219.142.229.166:42922;transport=TCP;ob SIP/2.0
D/PJSIP   ( 6186): Record-Route: <sip:211.151.79.232:53;transport=tcp;lr=on>
D/PJSIP   ( 6186): Via: SIP/2.0/TCP 211.151.79.232:53;branch=z9hG4bK8e11.dd9a79a5.0;i=7205
D/PJSIP   ( 6186): Via: SIP/2.0/TCP 219.142.122.249:57769;rport=57769;branch=z9hG4bKPjlvWg.OKWqVvIutJe7jy-j.sTh4GkD3Rf
D/PJSIP   ( 6186): Max-Forwards: 69
D/PJSIP   ( 6186): From: <sip:60000191751@211.151.79.232>;tag=e-X-kERFb7PuaQeQjyvkwbAnYuRUvKhr
D/PJSIP   ( 6186): To: <sip:60000192464@211.151.79.232>;tag=LJJejsZGyiYH0p0Y4bLyQkXfe1GbsgAh
D/PJSIP   ( 6186): Contact: <sip:60000191751@219.142.122.249:57769;transport=TCP;ob>
D/PJSIP   ( 6186): Call-ID: lSpNRNhrGvF8iSJhOwyeXfryNvDbmqfq
D/PJSIP   ( 6186): CSeq: 10954 UPDATE
D/PJSIP   ( 6186): Session-Expires: 90;refresher=uac
D/PJSIP   ( 6186): Min-SE: 90
D/PJSIP   ( 6186): token: 20745934
D/PJSIP   ( 6186): instanceId: 20745934
D/PJSIP   ( 6186): Content-Length:  0
D/PJSIP   ( 6186): 
D/PJSIP   ( 6186): 
D/PJSIP   ( 6186): --end msg--
V/PJSIP   ( 6186): 14:47:15.028   dlg0x1f5b8dc  .Received Request msg UPDATE/cseq=10954 (rdata0x1fb4eb4)
V/PJSIP   ( 6186): 14:47:15.028   tsx0x2674ba4  ...Transaction created for Request msg UPDATE/cseq=10954 (rdata0x1fb4eb4)
V/PJSIP   ( 6186): 14:47:15.028   tsx0x2674ba4  ..Incoming Request msg UPDATE/cseq=10954 (rdata0x1fb4eb4) in state Null
V/PJSIP   ( 6186): 14:47:15.028   tsx0x2674ba4  ...State changed from Null to Trying, event=RX_MSG
V/PJSIP   ( 6186): 14:47:15.028   dlg0x1f5b8dc  ....Transaction tsx0x2674ba4 state changed to Trying
V/PJSIP   ( 6186): 14:47:15.029       endpoint  .....Response msg 200/UPDATE/cseq=10954 (tdta0x28c1ba0) created
V/PJSIP   ( 6186): 14:47:15.029   dlg0x1f5b8dc  ......Sending Response msg 200/UPDATE/cseq=10954 (tdta0x28c1ba0)
V/PJSIP   ( 6186): 14:47:15.029   tsx0x2674ba4  ......Sending Response msg 200/UPDATE/cseq=10954 (tdta0x28c1ba0) in state Trying
D/PJSIP   ( 6186): 14:47:15.029 sip_endpoint.c  ....... in pjsua_var.ua_cfg.cb.on_pj_handler_tx_request
D/PJSIP   ( 6186): 14:47:15.029 pjsua_wrap.cpp  .......on_pj_handler_tx_request_wrapper tangzm3
E/Weaver  ( 6186): |SipCallbackListener|on_pj_handler_tx_request callback.
W/Weaver  ( 6186): |SipCallbackListener|getToken:85421012
I/PJSIP   ( 6186): 14:47:15.032 pjsua_jni_addo  .......set_msg_header called.
W/Weaver  ( 6186): |UserInfoCloudService|Start to get token ...... 
W/Weaver  ( 6186): |UserInfoCloudService|Get static token
I/PJSIP   ( 6186): 14:47:15.034 pjsua_jni_addo  .......set_msg_header called.
D/PJSIP   ( 6186): 14:47:15.034   pjsua_core.c  .......TX 804 bytes Response msg 200/UPDATE/cseq=10954 (tdta0x28c1ba0) to TCP 211.151.79.232:53:
D/PJSIP   ( 6186): SIP/2.0 200 OK
D/PJSIP   ( 6186): Via: SIP/2.0/TCP 211.151.79.232:53;received=211.151.79.232;branch=z9hG4bK8e11.dd9a79a5.0;i=7205
D/PJSIP   ( 6186): Via: SIP/2.0/TCP 219.142.122.249:57769;rport=57769;branch=z9hG4bKPjlvWg.OKWqVvIutJe7jy-j.sTh4GkD3Rf
D/PJSIP   ( 6186): Record-Route: <sip:211.151.79.232:53;transport=tcp;lr>
D/PJSIP   ( 6186): Call-ID: lSpNRNhrGvF8iSJhOwyeXfryNvDbmqfq
D/PJSIP   ( 6186): From: <sip:60000191751@211.151.79.232>;tag=e-X-kERFb7PuaQeQjyvkwbAnYuRUvKhr
D/PJSIP   ( 6186): To: <sip:60000192464@211.151.79.232>;tag=LJJejsZGyiYH0p0Y4bLyQkXfe1GbsgAh
D/PJSIP   ( 6186): CSeq: 10954 UPDATE
D/PJSIP   ( 6186): Session-Expires: 90;refresher=uac
D/PJSIP   ( 6186): Require: timer
D/PJSIP   ( 6186): Contact: <sip:60000192464@219.142.229.166:42922;transport=TCP;ob>
D/PJSIP   ( 6186): Allow: PRACK, INVITE, ACK, BYE, CANCEL, UPDATE, SUBSCRIBE, NOTIFY, REFER, MESSAGE, OPTIONS
D/PJSIP   ( 6186): Supported: replaces, 100rel, timer, norefersub
D/PJSIP   ( 6186): token: 85421012
D/PJSIP   ( 6186): instanceId: 85421012
D/PJSIP   ( 6186): Content-Length:  0
D/PJSIP   ( 6186): 
D/PJSIP   ( 6186): 
D/PJSIP   ( 6186): --end msg--
V/PJSIP   ( 6186): 14:47:15.036   tsx0x2674ba4  .......State changed from Trying to Completed, event=TX_MSG
V/PJSIP   ( 6186): 14:47:15.036   dlg0x1f5b8dc  ........Transaction tsx0x2674ba4 state changed to Completed
V/PJSIP   ( 6186): 14:47:15.041   tsx0x2674ba4  Timeout timer event
V/PJSIP   ( 6186): 14:47:15.042   tsx0x2674ba4  .State changed from Completed to Terminated, event=TIMER
V/PJSIP   ( 6186): 14:47:15.043   dlg0x1f5b8dc  ..Transaction tsx0x2674ba4 state changed to Terminated
V/PJSIP   ( 6186): 14:47:15.053   tsx0x2674ba4  Timeout timer event
V/PJSIP   ( 6186): 14:47:15.054   tsx0x2674ba4  .State changed from Terminated to Destroyed, event=TIMER
V/PJSIP   ( 6186): 14:47:15.055  tdta0x28c1ba0  ..Destroying txdata Response msg 200/UPDATE/cseq=10954 (tdta0x28c1ba0)
V/PJSIP   ( 6186): 14:47:15.056       pool_i.h  ..PJMEM:start to release pool:0x28c1ba0
V/PJSIP   ( 6186): 14:47:15.057   tsx0x2674ba4  ..Transaction destroyed!
V/PJSIP   ( 6186): 14:47:15.058       pool_i.h  ..PJMEM:start to release pool:0x2674b40
D/PJSIP   ( 6186): 14:47:15.138          jbi.c !failed to get next timestamp
D/PJSIP   ( 6186): 14:47:15.138   vid_stream.c  not found a frame
V/PJSIP   ( 6186): 14:47:15.412  tcpc0x1fb4d04 !Sending 4 byte(s) keep-alive to 211.151.79.232:53
D/PJSIP   ( 6186): 14:47:16.146          jbi.c !failed to get next timestamp
D/PJSIP   ( 6186): 14:47:16.146   vid_stream.c  not found a frame
D/PJSIP   ( 6186): 14:47:17.150          jbi.c  failed to get next timestamp
D/PJSIP   ( 6186): 14:47:17.150   vid_stream.c  not found a frame
W/Video   ( 6186): FPS:31
D/PJSIP   ( 6186): 14:47:18.154          jbi.c  failed to get next timestamp
D/PJSIP   ( 6186): 14:47:18.154   vid_stream.c  not found a frame
D/PJSIP   ( 6186): 14:47:19.158          jbi.c  failed to get next timestamp
D/PJSIP   ( 6186): 14:47:19.158   vid_stream.c  not found a frame
D/PJSIP   ( 6186): 14:47:20.026 udprel0x24aabc !sendto(): IP 211.151.79.218 has no permission, requesting it first..
V/PJSIP   ( 6186): 14:47:20.026 udprel0x24aabc  .TX 172 bytes STUN message to 211.151.79.218:53:
V/PJSIP   ( 6186): --- begin STUN message ---
V/PJSIP   ( 6186): STUN CreatePermission request
V/PJSIP   ( 6186):  Hdr: length=152, magic=2112a442, tsx_id=0000182a7d1b5f3a144d20a6
V/PJSIP   ( 6186):  Attributes:
V/PJSIP   ( 6186):   TRANSPORT-TIMESTAMP: length=8
V/PJSIP   ( 6186):   TRANSPORT-SENT-COUNT: length=4
V/PJSIP   ( 6186):   XOR-PEER-ADDRESS: length=8, IPv4 addr=211.151.79.218:30519
V/PJSIP   ( 6186):   SOFTWARE: length=12, value="pjnath-2.0.1"
V/PJSIP   ( 6186):   USERNAME: length=6, value="weaver"
V/PJSIP   ( 6186):   REALM: length=10, value="domain.org"
V/PJSIP   ( 6186):   NONCE: length=48, value="513d8ade0000000035ab4d88c6b4e0342c6e4dc20400c052"
V/PJSIP   ( 6186):   MESSAGE-INTEGRITY: length=20, data=31b1a470e12bfd12142a1ec82f6f11f202da0260
V/PJSIP   ( 6186): --- end of STUN message ---
V/PJSIP   ( 6186): 
V/PJSIP   ( 6186): 14:47:20.026 stuntsx0x265e5  .STUN client transaction created
V/PJSIP   ( 6186): 14:47:20.026 stuntsx0x265e5  .STUN sending message (transmit count=1)
V/PJSIP   ( 6186): 14:47:20.047 udprel0x24aabc !.RX 72 bytes STUN message from 211.151.79.218:53:
V/PJSIP   ( 6186): --- begin STUN message ---
V/PJSIP   ( 6186): STUN CreatePermission success response
V/PJSIP   ( 6186):  Hdr: length=52, magic=2112a442, tsx_id=0000182a7d1b5f3a144d20a6
V/PJSIP   ( 6186):  Attributes:
V/PJSIP   ( 6186):   SOFTWARE: length=14, value="TurnServer 0.7"
V/PJSIP   ( 6186):   MESSAGE-INTEGRITY: length=20, data=16a1cb4c5016a6531edee7fe6c8a73753aca2f87
V/PJSIP   ( 6186):   FINGERPRINT: length=4, value=904212114 (0x35e52e92)
V/PJSIP   ( 6186): --- end of STUN message ---
V/PJSIP   ( 6186): 
D/PJSIP   ( 6186): 14:47:20.167          jbi.c !failed to get next timestamp
D/PJSIP   ( 6186): 14:47:20.167   vid_stream.c  not found a frame
D/PJSIP   ( 6186): 14:47:21.170          jbi.c  failed to get next timestamp
D/PJSIP   ( 6186): 14:47:21.170   vid_stream.c  not found a frame
W/Video   ( 6186): FPS:32
V/PJSIP   ( 6186): 14:47:22.049 stuntsx0x265e5 !STUN client transaction destroyed
V/PJSIP   ( 6186): 14:47:22.049       pool_i.h  PJMEM:start to release pool:0x265e390
D/PJSIP   ( 6186): 14:47:22.174          jbi.c !failed to get next timestamp
D/PJSIP   ( 6186): 14:47:22.174   vid_stream.c  not found a frame
D/PJSIP   ( 6186): 14:47:23.178          jbi.c  failed to get next timestamp
D/PJSIP   ( 6186): 14:47:23.178   vid_stream.c  not found a frame
D/PJSIP   ( 6186): 14:47:24.186          jbi.c  failed to get next timestamp
D/PJSIP   ( 6186): 14:47:24.186   vid_stream.c  not found a frame
W/Video   ( 6186): FPS:30
D/PJSIP   ( 6186): 14:47:25.190          jbi.c  failed to get next timestamp
D/PJSIP   ( 6186): 14:47:25.190   vid_stream.c  not found a frame
D/PJSIP   ( 6186): 14:47:26.194          jbi.c  failed to get next timestamp
D/PJSIP   ( 6186): 14:47:26.194   vid_stream.c  not found a frame
D/PJSIP   ( 6186): 14:47:27.197          jbi.c  failed to get next timestamp
D/PJSIP   ( 6186): 14:47:27.197   vid_stream.c  not found a frame
V/PJSIP   ( 6186): 14:47:27.540 stuse0x24dbe98 !..RX 28 bytes STUN message from 211.151.79.218:62029:
V/PJSIP   ( 6186): --- begin STUN message ---
V/PJSIP   ( 6186): STUN Binding indication
V/PJSIP   ( 6186):  Hdr: length=8, magic=2112a442, tsx_id=00000b936941d33b04b87eec
V/PJSIP   ( 6186):  Attributes:
V/PJSIP   ( 6186):   FINGERPRINT: length=4, value=1653986337 (0x6295d421)
V/PJSIP   ( 6186): --- end of STUN message ---
V/PJSIP   ( 6186): 
D/PJSIP   ( 6186): 14:47:27.540        icetp00  ...Received Binding Indication keep-alive for component 2
W/Video   ( 6186): FPS:30
D/PJSIP   ( 6186): 14:47:28.201          jbi.c !failed to get next timestamp
D/PJSIP   ( 6186): 14:47:28.201   vid_stream.c  not found a frame
D/PJSIP   ( 6186): 14:47:29.205          jbi.c  failed to get next timestamp
D/PJSIP   ( 6186): 14:47:29.205   vid_stream.c  not found a frame
D/PJSIP   ( 6186): 14:47:30.209          jbi.c  failed to get next timestamp
D/PJSIP   ( 6186): 14:47:30.209   vid_stream.c  not found a frame
D/PJSIP   ( 6186): 14:47:31.212          jbi.c  failed to get next timestamp
D/PJSIP   ( 6186): 14:47:31.212   vid_stream.c  not found a frame
V/PJSIP   ( 6186): 14:47:31.422  tcpc0x1fb4d04 !Sending 4 byte(s) keep-alive to 211.151.79.232:53
W/Video   ( 6186): FPS:29
D/PJSIP   ( 6186): 14:47:32.221          jbi.c !failed to get next timestamp
D/PJSIP   ( 6186): 14:47:32.221   vid_stream.c  not found a frame
D/PJSIP   ( 6186): 14:47:33.224          jbi.c  failed to get next timestamp
D/PJSIP   ( 6186): 14:47:33.224   vid_stream.c  not found a frame
D/PJSIP   ( 6186): 14:47:34.228          jbi.c  failed to get next timestamp
D/PJSIP   ( 6186): 14:47:34.228   vid_stream.c  not found a frame
D/PJSIP   ( 6186): 14:47:35.232          jbi.c  failed to get next timestamp
D/PJSIP   ( 6186): 14:47:35.232   vid_stream.c  not found a frame
W/Video   ( 6186): FPS:28
D/PJSIP   ( 6186): 14:47:36.236          jbi.c  failed to get next timestamp
D/PJSIP   ( 6186): 14:47:36.236   vid_stream.c  not found a frame
D/AndroidRuntime( 6348): 
D/AndroidRuntime( 6348): >>>>>> AndroidRuntime START com.android.internal.os.RuntimeInit <<<<<<
D/AndroidRuntime( 6348): CheckJNI is ON
I/AndroidRuntime( 6348): JNI options: '-Xjniopts:warnonly'
W/dalvikvm( 6348): JNI WARNING: input is not valid Modified UTF-8: illegal start byte 0xff
W/dalvikvm( 6348):              string: ''
W/dalvikvm( 6348):              in Landroid/os/SystemProperties;.native_get:(Ljava/lang/String;Ljava/lang/String;)Ljava/lang/String; (NewStringUTF)
D/PJSIP   ( 6186): 14:47:37.239          jbi.c  failed to get next timestamp
D/PJSIP   ( 6186): 14:47:37.239   vid_stream.c  not found a frame
I/ethernet( 6348): Loading ethernet jni class
D/AndroidRuntime( 6348): Calling main entry com.android.commands.pm.Pm
W/MountService( 1317): getVolumeState(/mnt/sdcard): Unknown volume
W/ActivityManager( 1317): No content provider found for permission revoke: file:///data/local/tmp/com.lenovo.vctl.weaver.ui.WeaverHome.apk
W/ActivityManager( 1317): No content provider found for permission revoke: file:///data/local/tmp/com.lenovo.vctl.weaver.ui.WeaverHome.apk
D/dalvikvm( 1317): GC_CONCURRENT freed 831K, 75% free 9740K/37703K, paused 2ms+9ms
D/PJSIP   ( 6186): 14:47:38.243          jbi.c  failed to get next timestamp
D/PJSIP   ( 6186): 14:47:38.243   vid_stream.c  not found a frame
D/dalvikvm( 1317): GC_CONCURRENT freed 1396K, 75% free 9787K/37703K, paused 3ms+19ms
D/dalvikvm( 1317): GC_CONCURRENT freed 1438K, 75% free 9802K/37703K, paused 3ms+10ms
W/Video   ( 6186): FPS:28
D/PJSIP   ( 6186): 14:47:39.247          jbi.c  failed to get next timestamp
D/PJSIP   ( 6186): 14:47:39.247   vid_stream.c  not found a frame
D/dalvikvm( 1317): GC_CONCURRENT freed 1321K, 74% free 9819K/37703K, paused 3ms+16ms
D/PJSIP   ( 6186): 14:47:40.256          jbi.c  failed to get next timestamp
D/PJSIP   ( 6186): 14:47:40.256   vid_stream.c  not found a frame
I/PackageManager( 1317): Removing non-system package:com.lenovo.videotalk
I/ActivityManager( 1317): Force stopping package com.lenovo.videotalk uid=10045
I/ActivityManager( 1317): Killing proc 6186:com.lenovo.vctl.weaver.alert/10045: force stop
W/ActivityManager( 1317): Force removing ActivityRecord{41a3e2b0 com.lenovo.videotalk/com.lenovo.vctl.weaver.ui.call.ogl.InCallActivity2}: app died, no saved state
I/SurfaceView( 6186): update window set3DLayout: 1
D/WindowManager( 1317): layout3D  = 1
D/WindowManager( 1317): layout3D sidebyside  = 32
I/ActivityManager( 1317): Killing proc 6166:com.lenovo.videotalk/10045: force stop
I/ActivityManager( 1317):   Force finishing activity ActivityRecord{418fbd18 com.lenovo.videotalk/com.lenovo.vctl.weaver.ui.WeaverHome}
W/AudioFlinger(  792): RecordThread: buffer overflow
I/AudioFlinger(  792): getNextBuffer() no more data for track 4096 on thread 0x1697588
I/WindowManager( 1317): WIN DEATH: Window{41641da8 com.lenovo.videotalk/com.lenovo.vctl.weaver.ui.call.ogl.InCallActivity2 paused=false}
W/WindowManager( 1317): Force-removing child win Window{41a6c840 SurfaceView paused=false} from container Window{41641da8 com.lenovo.videotalk/com.lenovo.vctl.weaver.ui.call.ogl.InCallActivity2 paused=false}
W/AudioService( 1317): setMode() client died
I/AudioService( 1317):  AudioFocus  abandonAudioFocus() from AudioFocus_For_Phone_Ring_And_Calls
W/AudioService( 1317):   AudioFocus   audio focus client died
W/WindowManager( 1317): Failed looking up window
W/WindowManager( 1317): java.lang.IllegalArgumentException: Requested window android.os.BinderProxy@4150a778 does not exist
W/WindowManager( 1317): 	at com.android.server.wm.WindowManagerService.windowForClientLocked(WindowManagerService.java:7253)
W/WindowManager( 1317): 	at com.android.server.wm.WindowManagerService.windowForClientLocked(WindowManagerService.java:7244)
W/WindowManager( 1317): 	at com.android.server.wm.WindowState$DeathRecipient.binderDied(WindowState.java:1547)
W/WindowManager( 1317): 	at android.os.BinderProxy.sendDeathNotice(Binder.java:417)
W/WindowManager( 1317): 	at dalvik.system.NativeStart.run(Native Method)
I/WindowManager( 1317): WIN DEATH: null
I/WindowManager( 1317): WIN DEATH: Window{41a760b8 SurfaceView paused=false}
I/WindowManager( 1317): WIN DEATH: Window{41a92ce8 com.lenovo.videotalk/com.lenovo.vctl.weaver.ui.WeaverHome paused=true}
I/NativeLibraryHelper( 1317): start check MTK APK signed path:/data/app/com.lenovo.videotalk-2.apk
I/MTK_APK_SECURITY( 1317): checkMtkSignedAPK!!
I/MTK_APK_SECURITY( 1317): !!! Not match magic string
I/NebulaApp( 2288): com.lenovo.nebula.app.NebulaAppActivity|INFO|onStart.... 
I/NebulaApp( 2288): com.lenovo.nebula.app.NebulaAppActivity|INFO|onResume.... 
D/Activity( 2288): Activity Remote Controller rcMode =  2 
D/RemoteController( 2288): setRemoteControllerMode
D/RemoteController( 2288): displayCursor( mode = false)
D/RemoteController( 2288): ---> isDisplayCursor()
D/TAG     ( 2288): --->getCurrentCursorIcon()
D/RemoteController( 2288): doSetRcMode mode = 2
D/RemoteControllerService( 1317): send command Mode =2, mModeChange = 54
D/RemoteControllerService( 1317): Send To Handler Remote Controller Mode = 2, Old Mode= -1, time = 1362984463380
I/NativeLibraryHelper( 1317): [MTK]apk verify result APK path:/data/app/com.lenovo.videotalk-2.apk signed=0 tampered=0 offset=0 ui4_size=0
I/PackageManager( 1317): Package com.lenovo.videotalk codePath changed from /data/app/com.lenovo.videotalk-1.apk to /data/app/com.lenovo.videotalk-2.apk; Retaining data and using new
D/IConnService( 1317): [Demo-0.01.18.0][ConnTechService]:[2013-03-11 14:47:43.383+0800][#*#setCustomState(packageName=com.lenovo.nebula.app, customState=100, customPackageName=null)#*#]
D/IConnService( 1317): [Demo-0.01.18.0][ConnTechService]:[2013-03-11 14:47:43.385+0800][#*#--ztc--9-- APP_CHANGE_STATE---> incrementId = 53#*#]
D/IConnService( 1317): [Demo-0.01.18.0][ConnTechService]:[2013-03-11 14:47:43.388+0800][#*#-- APP_CHANGE_STATE :seqId 50331701, moduleId = 8, actionId=5, mTvPackageName=com.lenovo.nebula.app, mPadState=100, mPadPackageName=com.lenovo.nebula.app, length=29#*#]
D/IConnService( 1317): [Demo-0.01.18.0][ConnTechService]:[2013-03-11 14:47:43.390+0800][#*#sendData() :seqId 50331701, moduleId=8, actionId=5, length=29#*#]
D/WindowManager( 1317): layout3D  = 1
D/WindowManager( 1317): layout3D sidebyside  = 32
D/IConnService( 1317): [Demo-0.01.18.0][DataPackageSender]:[2013-03-11 14:47:43.392+0800][#*#sendDataPackage priority===>3#*#]
D/IConnService( 1317): [Demo-0.01.18.0][DataPackageSender]:[2013-03-11 14:47:43.403+0800][#*#sendDataPackage originalData.length===>57#*#]
D/IConnService( 1317): [Demo-0.01.18.0][DataPackageSender]:[2013-03-11 14:47:43.406+0800][#*#discardPackage priority===>3#*#]
D/IConnService( 1317): [Demo-0.01.18.0][DataPackageSender]:[2013-03-11 14:47:43.408+0800][#*#discardPackage mSubDataList.size()+count===>1#*#]
D/IConnService( 1317): [Demo-0.01.18.0][ConnTechService]:[2013-03-11 14:47:43.412+0800][#*#--End Handler-- idsMap.remove(), seqId=50331701, HashMap.size=0#*#]
I/PackageManager( 1317): Running dexopt on: com.lenovo.videotalk
D/dalvikvm( 6359): DexOpt: load 161ms, verify+opt 1359ms
I/ActivityManager( 1317): Force stopping package com.lenovo.videotalk uid=10045
W/PackageManager( 1317): Code path for pkg : com.lenovo.videotalk changing from /data/app/com.lenovo.videotalk-1.apk to /data/app/com.lenovo.videotalk-2.apk
W/PackageManager( 1317): Resource path for pkg : com.lenovo.videotalk changing from /data/app/com.lenovo.videotalk-1.apk to /data/app/com.lenovo.videotalk-2.apk
W/PackageManager( 1317): Package com.lenovo.videotalk has activity com.lenovo.vctl.weaver.ui.WeaverHome with priority > 0, forcing to 0
W/PackageManager( 1317): Package com.lenovo.videotalk has activity com.lenovo.vctl.weaver.ui.WeaverHome with priority > 0, forcing to 0
W/PackageManager( 1317): Package com.lenovo.videotalk has activity com.lenovo.vctl.weaver.ui.WeaverHome with priority > 0, forcing to 0
W/PackageManager( 1317): Package com.lenovo.videotalk has activity com.lenovo.vctl.weaver.ui.call.ogl.InCallActivity2 with priority > 0, forcing to 0
D/PackageManager( 1317): New package installed in /data/app/com.lenovo.videotalk-2.apk
W/PackageManager( 1317): Not granting permission android.permission.CALL_PRIVILEGED to package com.lenovo.videotalk (protectionLevel=3 flags=0x8be46)
W/PackageManager( 1317): Unknown permission android.permission.CONFIGURE_SIP in package com.lenovo.videotalk
I/ActivityManager( 1317): Force stopping package com.lenovo.videotalk uid=10045
D/dalvikvm( 2288): GC_EXPLICIT freed 453K, 6% free 18418K/19591K, paused 1ms+4ms
D/dalvikvm( 4992): GC_EXPLICIT freed 182K, 7% free 4726K/5063K, paused 1ms+1ms
I/Launcher( 1991): |INFO|onReceive :android.intent.action.PACKAGE_REMOVED|com.lenovo.dll.nebula.launcher.app.PackageChangedReceiver|
I/Launcher( 1991): |INFO|uninstall package:com.lenovo.videotalk|com.lenovo.dll.nebula.launcher.app.PackageChangedReceiver|
I/Launcher( 1991): |INFO|delete data from database|com.lenovo.dll.nebula.launcher.app.provider.AppContentProvider|
I/Launcher( 1991): |INFO|sendBroadcast : ACTION_DELETE_SUCCESS|com.lenovo.dll.nebula.launcher.app.PackageChangedReceiver|
I/NebulaApp( 2288): com.lenovo.nebula.app.NebulaAppActivity$UnInstallReceiver|INFO|Receive : lenovo.action.DELETE_SUCCESS
I/Launcher( 1991): |INFO|onReceive :android.intent.action.PACKAGE_ADDED|com.lenovo.dll.nebula.launcher.app.PackageChangedReceiver|
I/Launcher( 1991): |INFO|install package:com.lenovo.videotalk|com.lenovo.dll.nebula.launcher.app.PackageChangedReceiver|
I/Launcher( 1991): |INFO|FavoriteApp Count : 2|com.lenovo.dll.nebula.launcher.app.AppFragmentHandler|
I/Launcher( 1991): |INFO|synchronized lock|com.lenovo.dll.nebula.launcher.app.AppFragmentHandler|
I/PushApiReceiver.onReceive()( 1628): received:android.intent.action.PACKAGE_REMOVED
I/NebulaApp( 2288): com.lenovo.nebula.app.NebulaAppHandler|INFO|Query Apps
D/dalvikvm( 1317): GC_EXPLICIT freed 828K, 75% free 9678K/37703K, paused 3ms+21ms
D/PackageManager( 1317): generateServicesMap(android.accounts.AccountAuthenticator): 0 services unchanged
D/PackageManager( 1317): generateServicesMap(android.content.SyncAdapter): 3 services unchanged
D/BackupManagerService( 1317): Received broadcast Intent { act=android.intent.action.PACKAGE_REMOVED dat=package:com.lenovo.videotalk flg=0x10000010 (has extras) }
D/PackageManager( 1317): generateServicesMap(android.accounts.AccountAuthenticator): 0 services unchanged
D/PackageManager( 1317): generateServicesMap(android.content.SyncAdapter): 3 services unchanged
D/BackupManagerService( 1317): Received broadcast Intent { act=android.intent.action.PACKAGE_ADDED dat=package:com.lenovo.videotalk flg=0x10000010 (has extras) }
V/BackupManagerService( 1317): updatePackageParticipantsLocked: #1
I/Launcher( 1991): |INFO|sendBroadcast : ACTION_ADD_SUCCESS|com.lenovo.dll.nebula.launcher.app.PackageChangedReceiver|
D/RK_PushApiService( 1628): com.lenovo.leos.push.intent.ACTION_PUSH_APP_REMOVED
I/System.out( 1628): args :  package_name
I/System.out( 1628): value :  com.lenovo.videotalk
I/Launcher( 1991): |INFO| mFavoriteApps.size()3|com.lenovo.dll.nebula.launcher.app.AppScreen|
I/NebulaApp( 2288): com.lenovo.nebula.app.NebulaAppHandler|INFO|Cursor count :2
D/AppLockUtil( 1991): ===== app lock sql = packagename='com.lenovo.tv.appstore' and activityname='com.lenovo.tv.appstore.TvMain'
D/BackupManagerService( 1317): Received broadcast Intent { act=android.intent.action.PACKAGE_REPLACED dat=package:com.lenovo.videotalk flg=0x10000010 (has extras) }
V/BackupManagerService( 1317): updatePackageParticipantsLocked: #1
I/DealDownloadAndInstallService( 1577): action is android.intent.action.PACKAGE_ADDED
I/NebulaApp( 2288): com.lenovo.nebula.app.NebulaAppActivity$UnInstallReceiver|INFO|Receive : lenovo.action.ADD_SUCCESS
D/AppLockUtil( 2288): ===== app lock sql = packagename='com.ddmap.lenovotv' and activityname='com.ddmap.lenovotv.activity.LogoActivity'
I/System.out( 2178): query...
I/DealDownloadAndInstallService( 1577): download and install task deal over
D/AppLockUtil( 1991): ===== app lock sql = packagename='com.ddmap.lenovotv' and activityname='com.ddmap.lenovotv.activity.LogoActivity'
I/System.out( 2178): query...
I/System.out( 2178): query...
D/QSB.CorporaUpdateReceiver( 4917): onReceive(Intent { act=android.search.action.SEARCHABLES_CHANGED flg=0x20000010 cmp=com.android.quicksearchbox/.CorporaUpdateReceiver })
D/AppLockUtil( 2288): ===== app lock sql = packagename='com.lenovo.tv.appstore' and activityname='com.lenovo.tv.appstore.TvMain'
D/dalvikvm( 1317): GC_EXPLICIT freed 1062K, 76% free 9386K/37703K, paused 5ms+8ms
I/System.out( 2178): query...
D/AndroidRuntime( 6348): Shutting down VM
I/AndroidRuntime( 6348): NOTE: attach of thread 'Binder Thread #3' failed
D/dalvikvm( 6348): GC_CONCURRENT freed 104K, 78% free 470K/2048K, paused 1ms+1ms
D/jdwp    ( 6348): Got wake-up signal, bailing out of select
D/dalvikvm( 6348): Debugger has detached; object registry had 1 entries
D/AppLockUtil( 2288): ===== app lock sql = packagename='com.lenovo.widgetscontainer' and activityname='com.lenovo.widgetscontainer.WidgetsContainer'
I/System.out( 2178): query...
D/AppLockUtil( 2288): ===== app lock sql = packagename='com.lenovo.nebula2.epg.client' and activityname='com.lenovo.nebula2.epg.client.test.CallEpgPopup'
I/System.out( 2178): query...
D/AppLockUtil( 2288): ===== app lock sql = packagename='com.adobe.flashplayer' and activityname='com.adobe.flashplayer.SettingsManager'
I/System.out( 2178): query...
D/AppLockUtil( 2288): ===== app lock sql = packagename='com.meilishuo.tv' and activityname='com.meilishuo.tv.WelcomeActivity'
I/System.out( 2178): query...
D/AppLockUtil( 2288): ===== app lock sql = packagename='com.lenovo.tv.factory.rwsn' and activityname='com.lenovo.tv.factory.rwsn.RWSNActivity'
I/System.out( 2178): query...
D/AppLockUtil( 2288): ===== app lock sql = packagename='com.ex' and activityname='com.ex.Main'
I/System.out( 2178): query...
D/AppLockUtil( 2288): ===== app lock sql = packagename='com.lenovo.nebula.app' and activityname='com.lenovo.nebula.app.NebulaAppActivity'
I/System.out( 2178): query...
D/AppLockUtil( 2288): ===== app lock sql = packagename='com.android.browser' and activityname='com.android.browser.BrowserActivity'
I/System.out( 2178): query...
D/dalvikvm( 2178): GC_EXPLICIT freed 194K, 7% free 4192K/4487K, paused 1ms+2ms
D/AppLockUtil( 2288): ===== app lock sql = packagename='com.ddmap.lenovotv' and activityname='com.ddmap.lenovotv.activity.LogoActivity'
I/System.out( 2178): query...
D/AppLockUtil( 2288): ===== app lock sql = packagename='com.lenovo.dc' and activityname='com.lenovo.dc.ui.discoverDevice.DCDiscoverDevice'
I/System.out( 2178): query...
D/AppLockUtil( 2288): ===== app lock sql = packagename='com.lenovo.ideaControlGuide.httpserver' and activityname='com.lenovo.ideaControlGuide.httpserver.IdeaControlGuideActivity'
I/System.out( 2178): query...
D/AppLockUtil( 2288): ===== app lock sql = packagename='com.lenovo.nebula2.epg.client' and activityname='com.lenovo.nebula2.epg.client.MainActivity'
I/System.out( 2178): query...
D/AppLockUtil( 2288): ===== app lock sql = packagename='com.lenovo.tv.appstore' and activityname='com.lenovo.tv.appstore.TvMain'
I/System.out( 2178): query...
D/AppLockUtil( 2288): ===== app lock sql = packagename='com.lenovo.stv' and activityname='idea.org.MainActivity'
I/System.out( 2178): query...
D/AppLockUtil( 2288): ===== app lock sql = packagename='com.lenovo.nebula.local.player.video' and activityname='com.lenovo.nebula.local.player.video.activity.VideoVolumeSelectorActivity'
I/System.out( 2178): query...
D/AppLockUtil( 2288): ===== app lock sql = packagename='cn.ismartv.speedtester' and activityname='cn.ismartv.speedtester.MainActivity'
I/System.out( 2178): query...
D/AppLockUtil( 2288): ===== app lock sql = packagename='com.lenovo.videotalk' and activityname='com.lenovo.vctl.weaver.ui.WeaverHome'
I/System.out( 2178): query...
D/AppLockUtil( 2288): ===== app lock sql = packagename='com.android.quicksearchbox' and activityname='com.android.quicksearchbox.SearchActivity'
I/System.out( 2178): query...
D/AppLockUtil( 2288): ===== app lock sql = packagename='com.lenovo.nebula.local.player.image' and activityname='com.lenovo.nebula.local.player.image.activity.ImageVolumeSelectorActivity'
I/System.out( 2178): query...
D/AppLockUtil( 2288): ===== app lock sql = packagename='com.tuan800.tuan800_letv' and activityname='com.tuan800.tuan800_letv.activities.SplashActivity'
I/System.out( 2178): query...
D/AppLockUtil( 2288): ===== app lock sql = packagename='com.android.camera' and activityname='com.android.camera.Camera'
I/System.out( 2178): query...
D/AppLockUtil( 2288): ===== app lock sql = packagename='com.lenovo.nebula.local.player.music' and activityname='com.lenovo.nebula.local.player.music.activity.MusicVolumeSelectorActivity'
I/System.out( 2178): query...
D/AppLockUtil( 2288): ===== app lock sql = packagename='com.lenovo.oobe' and activityname='com.lenovo.oobe.activity.LogTweenActivity'
I/System.out( 2178): query...
I/NebulaApp( 2288): com.lenovo.nebula.app.NebulaAppHandler|INFO|Query Apps
I/AppGridAdapterEx( 2288): page = 0>>and position==0
I/AppGridAdapterEx( 2288): page = 0>>and position==0
I/AppGridAdapterEx( 2288): page = 1>>and position==0
I/AppGridAdapterEx( 2288): page = 1>>and position==0
I/NebulaApp( 2288): com.lenovo.nebula.app.NebulaAppHandler|INFO|Cursor count :2
D/AppLockUtil( 2288): ===== app lock sql = packagename='com.ddmap.lenovotv' and activityname='com.ddmap.lenovotv.activity.LogoActivity'
I/AppGridAdapterEx( 2288): page = 0>>and position==0
I/AppGridAdapterEx( 2288): page = 0>>and position==0
I/AppGridAdapterEx( 2288): page = 1>>and position==0
I/AppGridAdapterEx( 2288): page = 1>>and position==0
I/System.out( 2178): query...
D/AppLockUtil( 2288): ===== app lock sql = packagename='com.lenovo.tv.appstore' and activityname='com.lenovo.tv.appstore.TvMain'
I/System.out( 2178): query...
D/AppLockUtil( 2288): ===== app lock sql = packagename='com.lenovo.widgetscontainer' and activityname='com.lenovo.widgetscontainer.WidgetsContainer'
I/System.out( 2178): query...
D/AppLockUtil( 2288): ===== app lock sql = packagename='com.lenovo.nebula2.epg.client' and activityname='com.lenovo.nebula2.epg.client.test.CallEpgPopup'
I/System.out( 2178): query...
D/AppLockUtil( 2288): ===== app lock sql = packagename='com.adobe.flashplayer' and activityname='com.adobe.flashplayer.SettingsManager'
I/System.out( 2178): query...
D/AppLockUtil( 2288): ===== app lock sql = packagename='com.meilishuo.tv' and activityname='com.meilishuo.tv.WelcomeActivity'
I/System.out( 2178): query...
D/AppLockUtil( 2288): ===== app lock sql = packagename='com.lenovo.tv.factory.rwsn' and activityname='com.lenovo.tv.factory.rwsn.RWSNActivity'
I/System.out( 2178): query...
D/AppLockUtil( 2288): ===== app lock sql = packagename='com.ex' and activityname='com.ex.Main'
I/System.out( 2178): query...
D/AppLockUtil( 2288): ===== app lock sql = packagename='com.lenovo.nebula.app' and activityname='com.lenovo.nebula.app.NebulaAppActivity'
I/System.out( 2178): query...
D/AppLockUtil( 2288): ===== app lock sql = packagename='com.android.browser' and activityname='com.android.browser.BrowserActivity'
I/System.out( 2178): query...
D/AppLockUtil( 2288): ===== app lock sql = packagename='com.ddmap.lenovotv' and activityname='com.ddmap.lenovotv.activity.LogoActivity'
I/System.out( 2178): query...
D/AppLockUtil( 2288): ===== app lock sql = packagename='com.lenovo.dc' and activityname='com.lenovo.dc.ui.discoverDevice.DCDiscoverDevice'
I/System.out( 2178): query...
D/AppLockUtil( 2288): ===== app lock sql = packagename='com.lenovo.ideaControlGuide.httpserver' and activityname='com.lenovo.ideaControlGuide.httpserver.IdeaControlGuideActivity'
I/System.out( 2178): query...
D/AppLockUtil( 2288): ===== app lock sql = packagename='com.lenovo.nebula2.epg.client' and activityname='com.lenovo.nebula2.epg.client.MainActivity'
I/System.out( 2178): query...
D/AppLockUtil( 2288): ===== app lock sql = packagename='com.lenovo.tv.appstore' and activityname='com.lenovo.tv.appstore.TvMain'
I/System.out( 2178): query...
D/AppLockUtil( 2288): ===== app lock sql = packagename='com.lenovo.stv' and activityname='idea.org.MainActivity'
I/System.out( 2178): query...
D/AppLockUtil( 2288): ===== app lock sql = packagename='com.lenovo.nebula.local.player.video' and activityname='com.lenovo.nebula.local.player.video.activity.VideoVolumeSelectorActivity'
I/System.out( 2178): query...
D/AppLockUtil( 2288): ===== app lock sql = packagename='cn.ismartv.speedtester' and activityname='cn.ismartv.speedtester.MainActivity'
I/System.out( 2178): query...
D/AppLockUtil( 2288): ===== app lock sql = packagename='com.lenovo.videotalk' and activityname='com.lenovo.vctl.weaver.ui.WeaverHome'
I/System.out( 2178): query...
D/AppLockUtil( 2288): ===== app lock sql = packagename='com.android.quicksearchbox' and activityname='com.android.quicksearchbox.SearchActivity'
I/System.out( 2178): query...
D/AppLockUtil( 2288): ===== app lock sql = packagename='com.lenovo.nebula.local.player.image' and activityname='com.lenovo.nebula.local.player.image.activity.ImageVolumeSelectorActivity'
I/System.out( 2178): query...
I/AppGridAdapterEx( 2288): page = 0>>and position==0
D/AppGridAdapterEx( 2288): aConvertView == null
D/AppLockUtil( 2288): ===== app lock sql = packagename='com.tuan800.tuan800_letv' and activityname='com.tuan800.tuan800_letv.activities.SplashActivity'
I/System.out( 2178): query...
I/AppGridAdapterEx( 2288): page = 0>>and position==0
D/AppLockUtil( 2288): ===== app lock sql = packagename='com.android.camera' and activityname='com.android.camera.Camera'
I/AppGridAdapterEx( 2288): page = 1>>and position==0
D/AppGridAdapterEx( 2288): aConvertView == null
I/AppGridAdapterEx( 2288): page = 1>>and position==0
I/System.out( 2178): query...
I/AppGridAdapterEx( 2288): page = 0>>and position==0
D/AppLockUtil( 2288): ===== app lock sql = packagename='com.lenovo.nebula.local.player.music' and activityname='com.lenovo.nebula.local.player.music.activity.MusicVolumeSelectorActivity'
I/System.out( 2178): query...
I/AppGridAdapterEx( 2288): page = 0>>and position==0
I/AppGridAdapterEx( 2288): page = 1>>and position==0
I/AppGridAdapterEx( 2288): page = 1>>and position==0
D/AppLockUtil( 2288): ===== app lock sql = packagename='com.lenovo.oobe' and activityname='com.lenovo.oobe.activity.LogTweenActivity'
I/AppGridAdapterEx( 2288): page = 0>>and position==0
I/System.out( 2178): query...
