I/AppGridAdapterEx( 2288): page = 0>>and position==1
D/AppGridAdapterEx( 2288): aConvertView == null
I/AppGridAdapterEx( 2288): page = 0>>and position==2
D/AppGridAdapterEx( 2288): aConvertView == null
I/AppGridAdapterEx( 2288): page = 0>>and position==3
D/AppGridAdapterEx( 2288): aConvertView == null
I/AppGridAdapterEx( 2288): page = 0>>and position==4
D/AppGridAdapterEx( 2288): aConvertView == null
I/AppGridAdapterEx( 2288): page = 0>>and position==5
D/AppGridAdapterEx( 2288): aConvertView == null
I/AppGridAdapterEx( 2288): page = 0>>and position==6
D/AppGridAdapterEx( 2288): aConvertView == null
I/AppGridAdapterEx( 2288): page = 0>>and position==7
D/AppGridAdapterEx( 2288): aConvertView == null
I/AppGridAdapterEx( 2288): page = 0>>and position==8
D/AppGridAdapterEx( 2288): aConvertView == null
I/AppGridAdapterEx( 2288): page = 0>>and position==9
D/AppGridAdapterEx( 2288): aConvertView == null
I/AppGridAdapterEx( 2288): page = 0>>and position==10
D/AppGridAdapterEx( 2288): aConvertView == null
I/AppGridAdapterEx( 2288): page = 0>>and position==11
D/AppGridAdapterEx( 2288): aConvertView == null
I/AppGridAdapterEx( 2288): page = 0>>and position==12
D/AppGridAdapterEx( 2288): aConvertView == null
I/AppGridAdapterEx( 2288): page = 0>>and position==13
D/AppGridAdapterEx( 2288): aConvertView == null
I/AppGridAdapterEx( 2288): page = 0>>and position==14
D/AppGridAdapterEx( 2288): aConvertView == null
I/AppGridAdapterEx( 2288): page = 0>>and position==15
D/AppGridAdapterEx( 2288): aConvertView == null
I/AppGridAdapterEx( 2288): page = 0>>and position==16
D/AppGridAdapterEx( 2288): aConvertView == null
I/AppGridAdapterEx( 2288): page = 0>>and position==17
D/AppGridAdapterEx( 2288): aConvertView == null
I/AppGridAdapterEx( 2288): page = 1>>and position==0
I/AppGridAdapterEx( 2288): page = 1>>and position==1
D/AppGridAdapterEx( 2288): aConvertView == null
I/AppGridAdapterEx( 2288): page = 1>>and position==2
D/AppGridAdapterEx( 2288): aConvertView == null
I/AppGridAdapterEx( 2288): page = 1>>and position==3
D/AppGridAdapterEx( 2288): aConvertView == null
I/AppGridAdapterEx( 2288): page = 0>>and position==0
D/AppGridAdapterEx( 2288): aConvertView == null
I/AppGridAdapterEx( 2288): page = 0>>and position==0
I/AppGridAdapterEx( 2288): page = 1>>and position==0
D/AppGridAdapterEx( 2288): aConvertView == null
I/AppGridAdapterEx( 2288): page = 1>>and position==0
I/AppGridAdapterEx( 2288): page = 0>>and position==0
I/AppGridAdapterEx( 2288): page = 0>>and position==0
I/AppGridAdapterEx( 2288): page = 1>>and position==0
I/AppGridAdapterEx( 2288): page = 1>>and position==0
I/AppGridAdapterEx( 2288): page = 0>>and position==0
D/AppGridAdapterEx( 2288): aConvertView == null
I/AppGridAdapterEx( 2288): page = 0>>and position==0
I/AppGridAdapterEx( 2288): page = 1>>and position==0
D/AppGridAdapterEx( 2288): aConvertView == null
I/AppGridAdapterEx( 2288): page = 1>>and position==0
I/AppGridAdapterEx( 2288): page = 0>>and position==0
I/AppGridAdapterEx( 2288): page = 0>>and position==0
I/AppGridAdapterEx( 2288): page = 1>>and position==0
I/AppGridAdapterEx( 2288): page = 1>>and position==0
I/AppGridAdapterEx( 2288): page = 0>>and position==0
I/AppGridAdapterEx( 2288): page = 0>>and position==1
D/AppGridAdapterEx( 2288): aConvertView == null
I/AppGridAdapterEx( 2288): page = 0>>and position==2
D/AppGridAdapterEx( 2288): aConvertView == null
I/AppGridAdapterEx( 2288): page = 0>>and position==3
D/AppGridAdapterEx( 2288): aConvertView == null
I/AppGridAdapterEx( 2288): page = 0>>and position==4
D/AppGridAdapterEx( 2288): aConvertView == null
I/AppGridAdapterEx( 2288): page = 0>>and position==5
D/AppGridAdapterEx( 2288): aConvertView == null
I/AppGridAdapterEx( 2288): page = 0>>and position==6
D/AppGridAdapterEx( 2288): aConvertView == null
I/AppGridAdapterEx( 2288): page = 0>>and position==7
D/AppGridAdapterEx( 2288): aConvertView == null
I/AppGridAdapterEx( 2288): page = 0>>and position==8
D/AppGridAdapterEx( 2288): aConvertView == null
I/AppGridAdapterEx( 2288): page = 0>>and position==9
D/AppGridAdapterEx( 2288): aConvertView == null
I/AppGridAdapterEx( 2288): page = 0>>and position==10
D/AppGridAdapterEx( 2288): aConvertView == null
I/AppGridAdapterEx( 2288): page = 0>>and position==11
D/AppGridAdapterEx( 2288): aConvertView == null
I/AppGridAdapterEx( 2288): page = 0>>and position==12
D/AppGridAdapterEx( 2288): aConvertView == null
I/AppGridAdapterEx( 2288): page = 0>>and position==13
D/AppGridAdapterEx( 2288): aConvertView == null
I/AppGridAdapterEx( 2288): page = 0>>and position==14
D/AppGridAdapterEx( 2288): aConvertView == null
I/AppGridAdapterEx( 2288): page = 0>>and position==15
D/AppGridAdapterEx( 2288): aConvertView == null
I/AppGridAdapterEx( 2288): page = 0>>and position==16
D/AppGridAdapterEx( 2288): aConvertView == null
I/AppGridAdapterEx( 2288): page = 0>>and position==17
D/AppGridAdapterEx( 2288): aConvertView == null
I/AppGridAdapterEx( 2288): page = 1>>and position==0
I/AppGridAdapterEx( 2288): page = 1>>and position==1
D/AppGridAdapterEx( 2288): aConvertView == null
I/AppGridAdapterEx( 2288): page = 1>>and position==2
D/AppGridAdapterEx( 2288): aConvertView == null
I/AppGridAdapterEx( 2288): page = 1>>and position==3
D/AppGridAdapterEx( 2288): aConvertView == null
I/AppGridAdapterEx( 2288): page = 0>>and position==0
D/AppGridAdapterEx( 2288): aConvertView == null
I/AppGridAdapterEx( 2288): page = 0>>and position==0
I/AppGridAdapterEx( 2288): page = 1>>and position==0
D/AppGridAdapterEx( 2288): aConvertView == null
I/AppGridAdapterEx( 2288): page = 1>>and position==0
I/AppGridAdapterEx( 2288): page = 0>>and position==0
I/AppGridAdapterEx( 2288): page = 0>>and position==0
I/AppGridAdapterEx( 2288): page = 1>>and position==0
I/AppGridAdapterEx( 2288): page = 1>>and position==0
I/MyAppScroll( 2288): currentView:page0
I/TESTGridView( 2288): onFocusChange:mFocusPosition ==-1
I/System.out( 2288): count=2
I/AppGridAdapterEx( 2288): page = 0>>and position==0
I/AppGridAdapterEx( 2288): page = 0>>and position==0
I/AppGridAdapterEx( 2288): page = 1>>and position==0
I/AppGridAdapterEx( 2288): page = 1>>and position==0
I/AppGridAdapterEx( 2288): page = 0>>and position==0
I/AppGridAdapterEx( 2288): page = 0>>and position==0
I/AppGridAdapterEx( 2288): page = 1>>and position==0
I/AppGridAdapterEx( 2288): page = 1>>and position==0
I/MyAppScroll( 2288): currentView:page0
I/System.out( 2288): count=2
I/AppGridAdapterEx( 2288): page = 0>>and position==0
I/AppGridAdapterEx( 2288): page = 0>>and position==0
I/AppGridAdapterEx( 2288): page = 1>>and position==0
I/AppGridAdapterEx( 2288): page = 1>>and position==0
I/AppGridAdapterEx( 2288): page = 0>>and position==0
I/AppGridAdapterEx( 2288): page = 0>>and position==0
I/AppGridAdapterEx( 2288): page = 1>>and position==0
I/AppGridAdapterEx( 2288): page = 1>>and position==0
D/WindowManager( 1317): interceptKeyTq keycode=20 screenIsOn=true keyguardActive=false
I/WindowManager( 1317): Handle special keys: 20 
D/WindowManager( 1317): interceptKeyTi keyCode=20 down=true repeatCount=0 keyguardOn=false mHomePressed=false
I/NebulaApp( 2288): keyCode == 20 keytype ==0
D/AppGridView( 2288): page ===0event.isLongPress() ==false>>isHandlerAnimationtrue>>mFocusPosition ==0>>>mCurrentRowOfScreen ==1>>>>mCurrentRow==:1
D/AppGridView( 2288): YY :before : x=0.0>>y = 0.0
D/WindowManager( 1317): interceptKeyTq keycode=20 screenIsOn=true keyguardActive=false
I/WindowManager( 1317): Handle special keys: 20 
D/WindowManager( 1317): interceptKeyTi keyCode=20 down=false repeatCount=0 keyguardOn=false mHomePressed=false
I/NebulaApp( 2288): keyCode == 20 keytype ==1
D/AppGridView( 2288): KeyEvent.ACTION_UP.....+keyCode == 20
D/AppGridView( 2288): YY : end : x=0.0>>y = 243.0
I/AppGridAdapterEx( 2288): page = 0>>and position==0
I/AppGridAdapterEx( 2288): page = 0>>and position==0
I/AppGridAdapterEx( 2288): page = 1>>and position==0
I/AppGridAdapterEx( 2288): page = 1>>and position==0
I/AppGridAdapterEx( 2288): page = 0>>and position==0
I/AppGridAdapterEx( 2288): page = 0>>and position==0
I/AppGridAdapterEx( 2288): page = 1>>and position==0
D/WindowManager( 1317): interceptKeyTq keycode=20 screenIsOn=true keyguardActive=false
I/WindowManager( 1317): Handle special keys: 20 
D/WindowManager( 1317): interceptKeyTi keyCode=20 down=true repeatCount=0 keyguardOn=false mHomePressed=false
I/AppGridAdapterEx( 2288): page = 1>>and position==0
I/NebulaApp( 2288): keyCode == 20 keytype ==0
D/AppGridView( 2288): page ===0event.isLongPress() ==false>>isHandlerAnimationtrue>>mFocusPosition ==6>>>mCurrentRowOfScreen ==2>>>>mCurrentRow==:1
D/AppGridView( 2288): YY :before : x=0.0>>y = 243.0
D/WindowManager( 1317): interceptKeyTq keycode=20 screenIsOn=true keyguardActive=false
I/WindowManager( 1317): Handle special keys: 20 
D/WindowManager( 1317): interceptKeyTi keyCode=20 down=false repeatCount=0 keyguardOn=false mHomePressed=false
I/NebulaApp( 2288): keyCode == 20 keytype ==1
D/AppGridView( 2288): KeyEvent.ACTION_UP.....+keyCode == 20
D/WindowManager( 1317): interceptKeyTq keycode=20 screenIsOn=true keyguardActive=false
I/WindowManager( 1317): Handle special keys: 20 
D/WindowManager( 1317): interceptKeyTi keyCode=20 down=true repeatCount=0 keyguardOn=false mHomePressed=false
I/NebulaApp( 2288): keyCode == 20 keytype ==0
D/AppGridView( 2288): page ===0event.isLongPress() ==false>>isHandlerAnimationtrue>>mFocusPosition ==12>>>mCurrentRowOfScreen ==3>>>>mCurrentRow==:2
D/WindowManager( 1317): interceptKeyTq keycode=20 screenIsOn=true keyguardActive=false
I/WindowManager( 1317): Handle special keys: 20 
D/WindowManager( 1317): interceptKeyTi keyCode=20 down=false repeatCount=0 keyguardOn=false mHomePressed=false
I/NebulaApp( 2288): keyCode == 20 keytype ==1
D/AppGridView( 2288): KeyEvent.ACTION_UP.....+keyCode == 20
D/AppGridView( 2288): YY : end : x=0.0>>y = 486.0
I/AppGridAdapterEx( 2288): page = 0>>and position==0
I/AppGridAdapterEx( 2288): page = 0>>and position==0
I/AppGridAdapterEx( 2288): page = 1>>and position==0
I/AppGridAdapterEx( 2288): page = 1>>and position==0
I/AppGridAdapterEx( 2288): page = 0>>and position==0
I/AppGridAdapterEx( 2288): page = 0>>and position==0
I/AppGridAdapterEx( 2288): page = 1>>and position==0
I/AppGridAdapterEx( 2288): page = 1>>and position==0
D/WindowManager( 1317): interceptKeyTq keycode=22 screenIsOn=true keyguardActive=false
I/WindowManager( 1317): Handle special keys: 22 
D/WindowManager( 1317): interceptKeyTi keyCode=22 down=true repeatCount=0 keyguardOn=false mHomePressed=false
I/NebulaApp( 2288): keyCode == 22 keytype ==0
D/AppGridView( 2288): page ===0event.isLongPress() ==false>>isHandlerAnimationtrue>>mFocusPosition ==12>>>mCurrentRowOfScreen ==3>>>>mCurrentRow==:3
D/AppGridView( 2288): XX :before : x=0.0>>y = 486.0
D/WindowManager( 1317): interceptKeyTq keycode=22 screenIsOn=true keyguardActive=false
I/WindowManager( 1317): Handle special keys: 22 
D/WindowManager( 1317): interceptKeyTi keyCode=22 down=false repeatCount=0 keyguardOn=false mHomePressed=false
I/NebulaApp( 2288): keyCode == 22 keytype ==1
D/AppGridView( 2288): KeyEvent.ACTION_UP.....+keyCode == 22
D/WindowManager( 1317): interceptKeyTq keycode=22 screenIsOn=true keyguardActive=false
I/WindowManager( 1317): Handle special keys: 22 
D/WindowManager( 1317): interceptKeyTi keyCode=22 down=true repeatCount=0 keyguardOn=false mHomePressed=false
I/NebulaApp( 2288): keyCode == 22 keytype ==0
D/AppGridView( 2288): page ===0event.isLongPress() ==false>>isHandlerAnimationtrue>>mFocusPosition ==13>>>mCurrentRowOfScreen ==3>>>>mCurrentRow==:3
D/AppGridView( 2288): XX : end : x=253.0>>y = 486.0
I/AppGridAdapterEx( 2288): page = 0>>and position==0
I/AppGridAdapterEx( 2288): page = 0>>and position==0
I/AppGridAdapterEx( 2288): page = 1>>and position==0
I/AppGridAdapterEx( 2288): page = 1>>and position==0
I/AppGridAdapterEx( 2288): page = 0>>and position==0
I/AppGridAdapterEx( 2288): page = 0>>and position==0
I/AppGridAdapterEx( 2288): page = 1>>and position==0
I/AppGridAdapterEx( 2288): page = 1>>and position==0
D/WindowManager( 1317): interceptKeyTq keycode=22 screenIsOn=true keyguardActive=false
I/WindowManager( 1317): Handle special keys: 22 
D/WindowManager( 1317): interceptKeyTi keyCode=22 down=false repeatCount=0 keyguardOn=false mHomePressed=false
I/NebulaApp( 2288): keyCode == 22 keytype ==1
D/AppGridView( 2288): KeyEvent.ACTION_UP.....+keyCode == 22
D/WindowManager( 1317): interceptKeyTq keycode=22 screenIsOn=true keyguardActive=false
I/WindowManager( 1317): Handle special keys: 22 
D/WindowManager( 1317): interceptKeyTi keyCode=22 down=true repeatCount=0 keyguardOn=false mHomePressed=false
I/NebulaApp( 2288): keyCode == 22 keytype ==0
D/AppGridView( 2288): page ===0event.isLongPress() ==false>>isHandlerAnimationtrue>>mFocusPosition ==13>>>mCurrentRowOfScreen ==3>>>>mCurrentRow==:3
D/AppGridView( 2288): XX :before : x=253.0>>y = 486.0
D/WindowManager( 1317): interceptKeyTq keycode=22 screenIsOn=true keyguardActive=false
I/WindowManager( 1317): Handle special keys: 22 
D/WindowManager( 1317): interceptKeyTi keyCode=22 down=false repeatCount=0 keyguardOn=false mHomePressed=false
I/NebulaApp( 2288): keyCode == 22 keytype ==1
D/AppGridView( 2288): KeyEvent.ACTION_UP.....+keyCode == 22
D/WindowManager( 1317): interceptKeyTq keycode=22 screenIsOn=true keyguardActive=false
I/WindowManager( 1317): Handle special keys: 22 
D/WindowManager( 1317): interceptKeyTi keyCode=22 down=true repeatCount=0 keyguardOn=false mHomePressed=false
I/NebulaApp( 2288): keyCode == 22 keytype ==0
D/AppGridView( 2288): page ===0event.isLongPress() ==false>>isHandlerAnimationtrue>>mFocusPosition ==14>>>mCurrentRowOfScreen ==3>>>>mCurrentRow==:3
D/AppGridView( 2288): XX : end : x=506.0>>y = 486.0
I/AppGridAdapterEx( 2288): page = 0>>and position==0
I/AppGridAdapterEx( 2288): page = 0>>and position==0
I/AppGridAdapterEx( 2288): page = 1>>and position==0
I/AppGridAdapterEx( 2288): page = 1>>and position==0
I/AppGridAdapterEx( 2288): page = 0>>and position==0
I/AppGridAdapterEx( 2288): page = 0>>and position==0
I/AppGridAdapterEx( 2288): page = 1>>and position==0
I/AppGridAdapterEx( 2288): page = 1>>and position==0
D/WindowManager( 1317): interceptKeyTq keycode=22 screenIsOn=true keyguardActive=false
I/WindowManager( 1317): Handle special keys: 22 
D/WindowManager( 1317): interceptKeyTi keyCode=22 down=false repeatCount=0 keyguardOn=false mHomePressed=false
I/NebulaApp( 2288): keyCode == 22 keytype ==1
D/AppGridView( 2288): KeyEvent.ACTION_UP.....+keyCode == 22
D/WindowManager( 1317): interceptKeyTq keycode=22 screenIsOn=true keyguardActive=false
I/WindowManager( 1317): Handle special keys: 22 
D/WindowManager( 1317): interceptKeyTi keyCode=22 down=true repeatCount=0 keyguardOn=false mHomePressed=false
I/NebulaApp( 2288): keyCode == 22 keytype ==0
D/AppGridView( 2288): page ===0event.isLongPress() ==false>>isHandlerAnimationtrue>>mFocusPosition ==14>>>mCurrentRowOfScreen ==3>>>>mCurrentRow==:3
D/AppGridView( 2288): XX :before : x=506.0>>y = 486.0
D/WindowManager( 1317): interceptKeyTq keycode=22 screenIsOn=true keyguardActive=false
I/WindowManager( 1317): Handle special keys: 22 
D/WindowManager( 1317): interceptKeyTi keyCode=22 down=false repeatCount=0 keyguardOn=false mHomePressed=false
I/NebulaApp( 2288): keyCode == 22 keytype ==1
D/AppGridView( 2288): KeyEvent.ACTION_UP.....+keyCode == 22
D/AppGridView( 2288): XX : end : x=759.0>>y = 486.0
I/AppGridAdapterEx( 2288): page = 0>>and position==0
I/AppGridAdapterEx( 2288): page = 0>>and position==0
I/AppGridAdapterEx( 2288): page = 1>>and position==0
I/AppGridAdapterEx( 2288): page = 1>>and position==0
I/AppGridAdapterEx( 2288): page = 0>>and position==0
I/AppGridAdapterEx( 2288): page = 0>>and position==0
I/AppGridAdapterEx( 2288): page = 1>>and position==0
I/AppGridAdapterEx( 2288): page = 1>>and position==0
D/WindowManager( 1317): interceptKeyTq keycode=66 screenIsOn=true keyguardActive=false
I/WindowManager( 1317): Handle special keys: 66 
D/WindowManager( 1317): interceptKeyTi keyCode=66 down=true repeatCount=0 keyguardOn=false mHomePressed=false
I/NebulaApp( 2288): keyCode == 66 keytype ==0
D/AppGridView( 2288): page ===0event.isLongPress() ==false>>isHandlerAnimationtrue>>mFocusPosition ==15>>>mCurrentRowOfScreen ==3>>>>mCurrentRow==:3
D/WindowManager( 1317): interceptKeyTq keycode=66 screenIsOn=true keyguardActive=false
I/WindowManager( 1317): Handle special keys: 66 
D/WindowManager( 1317): interceptKeyTi keyCode=66 down=false repeatCount=0 keyguardOn=false mHomePressed=false
I/NebulaApp( 2288): keyCode == 66 keytype ==1
D/AppGridView( 2288): KeyEvent.ACTION_UP.....+keyCode == 66
I/ActivityManager( 1317): START {flg=0x10000000 cmp=com.lenovo.videotalk/com.lenovo.vctl.weaver.ui.WeaverHome} from pid 2288
E/StatisticService( 1317): ** Activity strting com.lenovo.videotalk
D/skia_jpeg( 1317): fgPngGetHwInstance get hw instance ret=0!
D/skia_jpeg( 1317): mtimage_png_dec_start MTIMAGE_DataFromBuffer
I/NebulaApp( 2288): com.lenovo.nebula.app.NebulaAppActivity|INFO|onPause.... 
D/skia_jpeg( 1317): ANDROID_LIBPNG_RZ_IOMMU Enable********DecAddr=0x6afe9020***
D/dalvikvm( 6370): Not late-enabling CheckJNI (already on)
I/ActivityManager( 1317): Start proc com.lenovo.videotalk for activity com.lenovo.videotalk/com.lenovo.vctl.weaver.ui.WeaverHome: pid=6370 uid=10045 gids={3003, 1007, 1015, 1006}
D/Proxy   ( 6370): setHttpProxySystemProperty :null:null - null
D/skia_jpeg( 6370): fgPngIsFree:first init
D/skia_jpeg( 6370): fgPngIsFree:hardware busy!!! 0x8
D/skia    ( 6370): *****Error*****Png HW decoder busy, try software!!!!
D/dalvikvm( 6370): GC_FOR_ALLOC freed 116K, 5% free 4165K/4359K, paused 8ms
D/skia_jpeg( 1317): PNG EOF...
D/skia_jpeg( 1317): mtimage_png_getImg osdmode 0, doDither 0!
I/dalvikvm-heap( 6370): Grow heap (frag case) to 12.034MB for 8294416-byte allocation
D/dalvikvm( 6370): GC_CONCURRENT freed <1K, 2% free 12265K/12487K, paused 1ms+1ms
I/Launcher( 1991): |INFO|,2013/03/11,2:48,,,|com.lenovo.dll.nebula.launcher.DateManager|
D/dalvikvm( 1317): GC_FOR_ALLOC freed 670K, 76% free 9055K/37703K, paused 43ms
I/dalvikvm-heap( 1317): Grow heap (frag case) to 16.814MB for 8294416-byte allocation
D/dalvikvm( 1317): GC_FOR_ALLOC freed 9K, 55% free 17146K/37703K, paused 38ms
D/skia_jpeg( 1317): mtimage_png_dec_close...fgStop 0
D/skia_jpeg( 1317): fgPngReleaseHwInstance release hw instance ret=0!
D/WindowManager( 1317): layout3D  = 1
D/WindowManager( 1317): layout3D sidebyside  = 32
D/dalvikvm( 1317): GC_CONCURRENT freed 3K, 55% free 17158K/37703K, paused 9ms+9ms
I/Process ( 1317): Sending signal. PID: 6370 SIG: 3
I/dalvikvm( 6370): threadid=3: reacting to signal 3
I/dalvikvm( 6370): Wrote stack traces to '/data/anr/traces.txt'
I/TMP     ( 6370): =====================isEN:false
D/dalvikvm( 6391): Not late-enabling CheckJNI (already on)
I/ActivityManager( 1317): Start proc com.lenovo.vctl.weaver.alert for service com.lenovo.videotalk/com.lenovo.vctl.weaver.service.SipService: pid=6391 uid=10045 gids={3003, 1007, 1015, 1006}
D/Activity( 6370): Activity Remote Controller rcMode =  2 
D/RemoteController( 6370): setRemoteControllerMode
D/RemoteController( 6370): displayCursor( mode = false)
D/RemoteController( 6370): ---> isDisplayCursor()
D/TAG     ( 6370): --->getCurrentCursorIcon()
I/Weaver  ( 6370): |FirstUseRunnable|check first use...
I/Weaver  ( 6370): |UserSettingService|check whether it's the first time to use Weaver.
D/RemoteController( 6370): doSetRcMode mode = 2
D/RemoteControllerService( 1317): send command Mode =2, mModeChange = 55
D/RemoteControllerService( 1317): Send To Handler Remote Controller Mode = 2, Old Mode= -1, time = 1362984480871
I/ApplicationContext( 6370): registerService(CONNTECH_SERVICE,...) (ConnTech)
I/Process ( 1317): Sending signal. PID: 6370 SIG: 3
I/dalvikvm( 6370): threadid=3: reacting to signal 3
D/dalvikvm(  790): GC_EXPLICIT freed 40K, 8% free 3989K/4291K, paused 1ms+17ms
D/IConnService( 1317): [Demo-0.01.18.0][ConnTechService]:[2013-03-11 14:48:00.935+0800][#*#setCustomState(packageName=com.lenovo.videotalk, customState=100, customPackageName=null)#*#]
D/dalvikvm(  790): GC_EXPLICIT freed <1K, 8% free 3989K/4291K, paused 1ms+1ms
I/Weaver  ( 6370): |UserSettingService|isFirstUse:false
W/____    ( 6370): onResume start
I/dalvikvm( 6370): Wrote stack traces to '/data/anr/traces.txt'
D/dalvikvm(  790): GC_EXPLICIT freed <1K, 8% free 3989K/4291K, paused 1ms+3ms
W/____    ( 6370): onResume end
W/vctl    ( 6370): intent.getAction: android.net.conn.CONNECTIVITY_CHANGE
D/WindowManager( 1317): layout3D  = 1
D/WindowManager( 1317): layout3D sidebyside  = 32
I/SurfaceView( 6370): update window set3DLayout: 1
D/WindowManager( 1317): layout3D  = 1
D/WindowManager( 1317): layout3D sidebyside  = 32
D/libEGL  ( 6370): loaded /system/lib/egl/libGLES_android.so
D/libEGL  ( 6370): loaded /system/lib/egl/libEGL_mali.so
D/libEGL  ( 6370): loaded /system/lib/egl/libGLESv1_CM_mali.so
D/libEGL  ( 6370): loaded /system/lib/egl/libGLESv2_mali.so
D/WindowManager( 1317): layout3D  = 1
D/WindowManager( 1317): layout3D sidebyside  = 32
I/SurfaceView( 6370): update window set3DLayout: 1
D/WindowManager( 1317): layout3D  = 1
D/WindowManager( 1317): layout3D sidebyside  = 32
D/dalvikvm( 6370): GC_CONCURRENT freed 759K, 6% free 13576K/14407K, paused 2ms+3ms
D/IConnService( 1317): [Demo-0.01.18.0][ConnTechService]:[2013-03-11 14:48:01.089+0800][#*#--ztc--9-- APP_CHANGE_STATE---> incrementId = 54#*#]
D/IConnService( 1317): [Demo-0.01.18.0][ConnTechService]:[2013-03-11 14:48:01.092+0800][#*#-- APP_CHANGE_STATE :seqId 50331702, moduleId = 8, actionId=5, mTvPackageName=com.lenovo.videotalk, mPadState=100, mPadPackageName=com.lenovo.videotalk, length=28#*#]
D/IConnService( 1317): [Demo-0.01.18.0][ConnTechService]:[2013-03-11 14:48:01.104+0800][#*#sendData() :seqId 50331702, moduleId=8, actionId=5, length=28#*#]
D/IConnService( 1317): [Demo-0.01.18.0][DataPackageSender]:[2013-03-11 14:48:01.109+0800][#*#sendDataPackage priority===>3#*#]
D/IConnService( 1317): [Demo-0.01.18.0][DataPackageSender]:[2013-03-11 14:48:01.114+0800][#*#sendDataPackage originalData.length===>56#*#]
D/IConnService( 1317): [Demo-0.01.18.0][DataPackageSender]:[2013-03-11 14:48:01.118+0800][#*#discardPackage priority===>3#*#]
D/IConnService( 1317): [Demo-0.01.18.0][DataPackageSender]:[2013-03-11 14:48:01.130+0800][#*#discardPackage mSubDataList.size()+count===>1#*#]
D/IConnService( 1317): [Demo-0.01.18.0][ConnTechService]:[2013-03-11 14:48:01.132+0800][#*#--End Handler-- idsMap.remove(), seqId=50331702, HashMap.size=0#*#]
D/dalvikvm( 1317): GC_EXPLICIT freed 66K, 55% free 17174K/37703K, paused 5ms+27ms
I/ActivityManager( 1317): Displayed com.lenovo.videotalk/com.lenovo.vctl.weaver.ui.WeaverHome: +1s438ms
D/Proxy   ( 6391): setHttpProxySystemProperty :null:null - null
I/NebulaApp( 2288): com.lenovo.nebula.app.NebulaAppActivity|INFO|onStop.... 
I/ActivityThread( 6391): Pub com.lenovo.vctl.weaver.content.flash.image: com.lenovo.vctl.weaver.db.ImageProvider
I/ActivityThread( 6391): Pub com.lenovo.vctl.weaver.content.sd: com.lenovo.vctl.weaver.db.SdProvider
D/WindowManager( 1317): layout3D  = 1
D/WindowManager( 1317): layout3D sidebyside  = 32
W/MountService( 1317): getVolumeState(/mnt/sdcard): Unknown volume
I/ActivityThread( 6391): Pub com.lenovo.vctl.weaver.content.flash: com.lenovo.vctl.weaver.db.FlashProvider
D/Weaver  ( 6391): |SipService|Service create......
D/dalvikvm( 6370): GC_FOR_ALLOC freed 588K, 7% free 14571K/15623K, paused 23ms
I/dalvikvm-heap( 6370): Grow heap (frag case) to 17.471MB for 3340816-byte allocation
E/NotificationService( 1317): Ignoring notification with icon==0: Notification(contentView=null vibrate=null,sound=null,defaults=0x0,flags=0x62)
E/Weaver  ( 6391): |SipService|Is Create:true
D/Weaver  ( 6391): |SipService|Weaver alert service start......
I/Weaver  ( 6391): |SipService|Start service because of weaver app! WEAVER_START
I/Weaver  ( 6391): |TVLoginProcessManager|**********Send current account status to UI !**********
W/Weaver  ( 6391): |TVLoginProcessManager|Account login fail and send error code! 0
I/MyUpdateBroadCaseReceiver( 1991): ACTION_REGISTRATION_CHANGED 3  mUserDb   UserId:222657--Name:--Mobile:60000191759--Passport:35679449--Gender:0--IsBinded:0--IsShield:0--IsLenovo:0--PictrueUrl:--SipUrl:null--Status:0
I/MyUpdateBroadCaseReceiver( 1991): ACTION_REGISTRATION_CHANGED 3 receiveaif null
D/dalvikvm( 6370): GC_FOR_ALLOC freed 3K, 6% free 17829K/18887K, paused 37ms
I/MyUpdateBroadCaseReceiver( 1991): setisnoUpdatReplaceUser 000000  reason  null mUserDb   UserId:222657--Name:--Mobile:60000191759--Passport:35679449--Gender:0--IsBinded:0--IsShield:0--IsLenovo:0--PictrueUrl:--SipUrl:null--Status:0
W/vctl    ( 6370): intent.getAction: com.lenovo.vctl.weaver.service.registration
D/dalvikvm( 6370): GC_CONCURRENT freed 14K, 6% free 17879K/18887K, paused 2ms+3ms
W/vctl    ( 6370): rv.initRvTexture(): 298
D/dalvikvm( 6370): GC_FOR_ALLOC freed 329K, 6% free 18850K/20039K, paused 16ms
W/vctl    ( 6370): LeViewGL: sc.initTexture(): 5
D/dalvikvm( 6370): GC_FOR_ALLOC freed 878K, 8% free 19369K/20999K, paused 17ms
W/vctl    ( 6370): LeContactGL: gv.initTexture(): 150
D/Weaver  ( 6370): |LoginMenuDialog|Register broadcast receiver!
W/vctl    ( 6370): LeContactGL: ch.initTexture(): 10
W/vctl    ( 6370): LeContactGL: 161
W/vctl    ( 6370): LeViewGL: sc.initTexture(): 0
E/Weaver  ( 6370): |LoginMenuDialog|Start get info from DB:1362984481778
D/Weaver  ( 6370): |LoginMenuDialog|Login page get default account information from DB.
D/dalvikvm( 6370): GC_FOR_ALLOC freed 485K, 5% free 20554K/21511K, paused 21ms
E/Weaver  ( 6370): |LoginMenuDialog|Start get default from DB:1362984481817
I/Weaver  ( 6370): |UserInfoCloudService|Get default account information from DB.
I/Weaver  ( 6391): |FlashProvider|Query data from flash DB. table:history_account
D/dalvikvm( 6370): GC_FOR_ALLOC freed 367K, 4% free 21793K/22663K, paused 23ms
W/vctl    ( 6370): LeHistoryGL: 187
D/dalvikvm( 6370): GC_FOR_ALLOC freed 81K, 3% free 23401K/23943K, paused 24ms
D/WindowManager( 1317): layout3D  = 1
D/WindowManager( 1317): layout3D sidebyside  = 32
D/dalvikvm( 6370): GC_FOR_ALLOC freed 494K, 4% free 24546K/25479K, paused 21ms
D/Weaver  ( 6370): |UserInfoCloudService|Get history account from DB. mobile:60000192464 , type:1 , time:0
W/w       ( 6370): LeToolGL.buildTexture: bmp==null
W/vctl    ( 6370): LeViewGL: Error
W/vctl    ( 6370): LeDialGL: 295
D/Weaver  ( 6370): |LoginMenuDialog|Get LOGO image from DB.result:60000192464 , null
D/dalvikvm( 6370): GC_FOR_ALLOC freed 268K, 4% free 25838K/26695K, paused 19ms
D/dalvikvm( 6370): GC_FOR_ALLOC freed 578K, 6% free 26451K/27975K, paused 19ms
D/Weaver  ( 6370): |LoginMenuDialog|Login page get last account information from DB.
E/Weaver  ( 6370): |LoginMenuDialog|Start get last from DB:1362984482383
I/Weaver  ( 6370): |UserInfoCloudService|Get last account information from DB.
I/Weaver  ( 6391): |FlashProvider|Query data from flash DB. table:history_account
D/dalvikvm( 6370): GC_FOR_ALLOC freed 1671K, 8% free 26392K/28615K, paused 21ms
E/Weaver  ( 6370): |LoginMenuDialog|Over get info from DB:1362984482493
W/vctl    ( 6370): LeMeGL: 253
D/dalvikvm( 6370): GC_FOR_ALLOC freed 343K, 7% free 26891K/28615K, paused 23ms
I/dalvikvm-heap( 6370): Grow heap (frag case) to 27.368MB for 1102624-byte allocation
D/dalvikvm( 6370): GC_FOR_ALLOC freed 3K, 6% free 27964K/29703K, paused 24ms
D/Weaver  ( 6370): |LoginMenuDialog|Login page display account LOGO.
W/vctl    ( 6370): LeToastGL: 76
W/vctl    ( 6370): LeLoadingGL: 0
D/dalvikvm( 6370): GC_FOR_ALLOC freed 21K, 6% free 28164K/29703K, paused 18ms
I/dalvikvm-heap( 6370): Grow heap (frag case) to 33.163MB for 5875216-byte allocation
D/dalvikvm( 6370): GC_CONCURRENT freed <1K, 5% free 33901K/35463K, paused 1ms+3ms
D/WindowManager( 1317): layout3D  = 1
D/WindowManager( 1317): layout3D sidebyside  = 32
D/dalvikvm( 6370): GC_FOR_ALLOC freed 41K, 3% free 34868K/35783K, paused 23ms
D/dalvikvm( 6370): GC_FOR_ALLOC freed 305K, 4% free 35454K/36743K, paused 20ms
D/dalvikvm( 6370): GC_FOR_ALLOC freed 562K, 5% free 35797K/37383K, paused 23ms
W/vctl    ( 6370): LeDetailGL: 1: 503
W/vctl    ( 6370): LeViewGL: sc.initTexture(): 0
D/dalvikvm( 6370): GC_FOR_ALLOC freed 1032K, 5% free 36382K/37959K, paused 20ms
W/vctl    ( 6370): LeDetailGL: 2: 108
W/vctl    ( 6370): LeDetailGL: 611
D/dalvikvm( 6370): GC_FOR_ALLOC freed 306K, 3% free 37691K/38535K, paused 20ms
D/dalvikvm( 6370): GC_FOR_ALLOC freed 876K, 5% free 37896K/39687K, paused 20ms
W/vctl    ( 6370): LeViewGL: sc.initTexture(): 0
D/dalvikvm( 6370): GC_FOR_ALLOC freed 530K, 5% free 38321K/39943K, paused 20ms
D/dalvikvm( 6370): GC_FOR_ALLOC freed 177K, 4% free 39005K/40263K, paused 20ms
W/vctl    ( 6370): LeViewGL: sc.initTexture(): 0
W/vctl    ( 6370): LeUserPhotoListGL: 211
W/vctl    ( 6370): rv.initTexture(): 2092
W/FPS     ( 6370): FPS:36
W/FPS     ( 6370): FPS:31
W/FPS     ( 6370): FPS:31
D/WindowManager( 1317): interceptKeyTq keycode=22 screenIsOn=true keyguardActive=false
I/WindowManager( 1317): Handle special keys: 22 
D/WindowManager( 1317): interceptKeyTi keyCode=22 down=true repeatCount=0 keyguardOn=false mHomePressed=false
D/audio_hw_primary(  792): Check PLAYBACK for /dev/snd/pcmC0D0p OK.
D/audio_hw_primary(  792): Get a card with (mtk - mtk, NULL, 1) =  0 [mtk            ]: mtk - mtk
D/audio_hw_primary(  792):  .
E/Weaver  ( 6370): |LoginMenuDialog|ItemSelected:1
D/WindowManager( 1317): interceptKeyTq keycode=22 screenIsOn=true keyguardActive=false
I/WindowManager( 1317): Handle special keys: 22 
D/WindowManager( 1317): interceptKeyTi keyCode=22 down=false repeatCount=0 keyguardOn=false mHomePressed=false
D/WindowManager( 1317): interceptKeyTq keycode=20 screenIsOn=true keyguardActive=false
I/WindowManager( 1317): Handle special keys: 20 
D/WindowManager( 1317): interceptKeyTi keyCode=20 down=true repeatCount=0 keyguardOn=false mHomePressed=false
I/PhoneWindow( 6370): keycode:20Key down: repeat=0 flags=0x8
E/Weaver  ( 6370): |LoginMenuDialog|focus false:
D/WindowManager( 1317): interceptKeyTq keycode=20 screenIsOn=true keyguardActive=false
I/WindowManager( 1317): Handle special keys: 20 
D/WindowManager( 1317): interceptKeyTi keyCode=20 down=false repeatCount=0 keyguardOn=false mHomePressed=false
D/InputEventConsistencyVerifier( 6370): KeyEvent: ACTION_UP but key was not down.
D/InputEventConsistencyVerifier( 6370):   in android.widget.Button@41b3d628
D/InputEventConsistencyVerifier( 6370):   0: sent at 15548307000000, KeyEvent { action=ACTION_UP, keyCode=KEYCODE_DPAD_DOWN, scanCode=108, metaState=0, flags=0x8, repeatCount=0, eventTime=15548307, downTime=15548155, deviceId=22, source=0x101 }
D/WindowManager( 1317): interceptKeyTq keycode=66 screenIsOn=true keyguardActive=false
I/WindowManager( 1317): Handle special keys: 66 
D/WindowManager( 1317): interceptKeyTi keyCode=66 down=true repeatCount=0 keyguardOn=false mHomePressed=false
D/WindowManager( 1317): interceptKeyTq keycode=66 screenIsOn=true keyguardActive=false
I/WindowManager( 1317): Handle special keys: 66 
D/WindowManager( 1317): interceptKeyTi keyCode=66 down=false repeatCount=0 keyguardOn=false mHomePressed=false
D/Weaver  ( 6370): |LoginMenuDialog|weaver account: , 
E/Weaver  ( 6391): |SipService|Is Create:false
D/Weaver  ( 6391): |SipService|Weaver alert service start......
I/Weaver  ( 6391): |SipService|Start service because of default account login! DEFAULT_LOGIN
I/Weaver  ( 6391): |SipService|Ready to login again, because of DEFAULT_LOGIN
D/Weaver  ( 6391): |LoginQueue|Execute login task, resson:DEFAULT_LOGIN
I/MyUpdateBroadCaseReceiver( 1991): ACTION_START_LOGIN setmMissCallMsgCount 0
D/Weaver  ( 6391): |LoginRunnable|Execute login task ...... 
I/Weaver  ( 6391): |FlashProvider|Update data on flash DB. table:login
D/Weaver  ( 6391): |FlashProvider|Start to update data on flash DB. table:login
D/Weaver  ( 6391): |FlashProvider|Start to delete data on flash DB. table:login
D/Weaver  ( 6391): |FlashProvider|Start to insert data to flash DB. table:login
D/WindowManager( 1317): layout3D  = 1
D/WindowManager( 1317): layout3D sidebyside  = 32
I/Weaver  ( 6391): |TVLoginProcessManager|User start login ...... 303
I/Weaver  ( 6391): |FlashProvider|Delete data on flash DB. table:user
D/Weaver  ( 6391): |FlashProvider|Start to delete data on flash DB. table:user
I/Weaver  ( 6391): |DataSyncManager|Clear all data before synchronizing data.
I/Weaver  ( 6391): |FriendCloudService|Clear all frequent contacts in flash db and memory cache.
I/Weaver  ( 6391): |FlashProvider|Delete data on flash DB. table:contact
D/Weaver  ( 6391): |FlashProvider|Start to delete data on flash DB. table:contact
I/Weaver  ( 6391): |FlashProvider|delete result number:0
I/Weaver  ( 6391): |FriendMemCacheManager|Start clear memory frequent contacts..
I/Weaver_Base( 6391): |ConfigManager|Start to synchronizing configuration data ...... 
I/Weaver_Base( 6391): |ConfigTask|Execute get configuration information task with server.
D/Weaver_Base( 6391): |NetConnect|HTTP GET URL:http://ifaceshow.com/1.0/config/getConfig.json---PARAM:null---AGENT:TV/ideatv_A21
D/dalvikvm( 6391): GC_CONCURRENT freed 177K, 6% free 4299K/4551K, paused 2ms+2ms
D/Weaver_Base( 6391): |ConfigJsonHandler|Get config info done!
W/Weaver_Base( 6391): |ConfigManager|Get configuration data from server. size:102
W/FPS     ( 6370): FPS:25
D/Weaver_Base( 6391): |ConfigManager|Clear all configuration data on the client!
D/Weaver_Base( 6391): |ConfigManager|Store one configuration to cache! key--ShowUserInfomation, value--/1.0/users/ShowUserInfomation.json
D/Weaver_Base( 6391): |ConfigManager|Store one configuration to cache! key--GSLBServer, value--211.151.79.220:443
D/Weaver_Base( 6391): |ConfigManager|Store one configuration to cache! key--TempUserInformation, value--/1.0/users/TempUserInformation.json
D/Weaver_Base( 6391): |ConfigManager|Store one configuration to cache! key--UserLogin, value--/1.0/users/UserLogin.json
D/Weaver_Base( 6391): |ConfigManager|Store one configuration to cache! key--sip-server, value--211.151.79.232:53
D/Weaver_Base( 6391): |ConfigManager|********** Weaver domain:ifaceshow.com
D/Weaver_Base( 6391): |ConfigManager|Store all configuration data result:true
D/Weaver  ( 6391): |TVLoginProcessManager|Synchronizing configuration data result:true
D/Weaver  ( 6391): |TVLoginProcessManager|Start sip stack!
D/dalvikvm( 6391): Trying to load lib /data/data/com.lenovo.videotalk/lib/libx264.so 0x411a1b18
D/dalvikvm( 6391): Added shared lib /data/data/com.lenovo.videotalk/lib/libx264.so 0x411a1b18
D/dalvikvm( 6391): No JNI_OnLoad found in /data/data/com.lenovo.videotalk/lib/libx264.so 0x411a1b18, skipping init
D/dalvikvm( 6391): Trying to load lib /data/data/com.lenovo.videotalk/lib/libavutil.so 0x411a1b18
D/dalvikvm( 6391): Added shared lib /data/data/com.lenovo.videotalk/lib/libavutil.so 0x411a1b18
D/dalvikvm( 6391): No JNI_OnLoad found in /data/data/com.lenovo.videotalk/lib/libavutil.so 0x411a1b18, skipping init
D/dalvikvm( 6391): Trying to load lib /data/data/com.lenovo.videotalk/lib/libavfilter.so 0x411a1b18
D/dalvikvm( 6391): Added shared lib /data/data/com.lenovo.videotalk/lib/libavfilter.so 0x411a1b18
D/dalvikvm( 6391): No JNI_OnLoad found in /data/data/com.lenovo.videotalk/lib/libavfilter.so 0x411a1b18, skipping init
D/dalvikvm( 6391): Trying to load lib /data/data/com.lenovo.videotalk/lib/libpostproc.so 0x411a1b18
D/dalvikvm( 6391): Added shared lib /data/data/com.lenovo.videotalk/lib/libpostproc.so 0x411a1b18
D/dalvikvm( 6391): No JNI_OnLoad found in /data/data/com.lenovo.videotalk/lib/libpostproc.so 0x411a1b18, skipping init
D/dalvikvm( 6391): Trying to load lib /data/data/com.lenovo.videotalk/lib/libavcodec.so 0x411a1b18
D/dalvikvm( 6391): Added shared lib /data/data/com.lenovo.videotalk/lib/libavcodec.so 0x411a1b18
D/dalvikvm( 6391): No JNI_OnLoad found in /data/data/com.lenovo.videotalk/lib/libavcodec.so 0x411a1b18, skipping init
D/dalvikvm( 6391): Trying to load lib /data/data/com.lenovo.videotalk/lib/libavformat.so 0x411a1b18
D/dalvikvm( 6391): Added shared lib /data/data/com.lenovo.videotalk/lib/libavformat.so 0x411a1b18
D/dalvikvm( 6391): No JNI_OnLoad found in /data/data/com.lenovo.videotalk/lib/libavformat.so 0x411a1b18, skipping init
D/dalvikvm( 6391): Trying to load lib /data/data/com.lenovo.videotalk/lib/libavdevice.so 0x411a1b18
D/dalvikvm( 6391): Added shared lib /data/data/com.lenovo.videotalk/lib/libavdevice.so 0x411a1b18
D/dalvikvm( 6391): No JNI_OnLoad found in /data/data/com.lenovo.videotalk/lib/libavdevice.so 0x411a1b18, skipping init
D/dalvikvm( 6391): Trying to load lib /data/data/com.lenovo.videotalk/lib/libswscale.so 0x411a1b18
D/dalvikvm( 6391): Added shared lib /data/data/com.lenovo.videotalk/lib/libswscale.so 0x411a1b18
D/dalvikvm( 6391): No JNI_OnLoad found in /data/data/com.lenovo.videotalk/lib/libswscale.so 0x411a1b18, skipping init
D/dalvikvm( 6391): Trying to load lib /data/data/com.lenovo.videotalk/lib/libAitCameraControl.so 0x411a1b18
D/dalvikvm( 6391): Added shared lib /data/data/com.lenovo.videotalk/lib/libAitCameraControl.so 0x411a1b18
D/dalvikvm( 6391): No JNI_OnLoad found in /data/data/com.lenovo.videotalk/lib/libAitCameraControl.so 0x411a1b18, skipping init
D/dalvikvm( 6391): Trying to load lib /data/data/com.lenovo.videotalk/lib/libMediaEngine.so 0x411a1b18
D/dalvikvm( 6391): Added shared lib /data/data/com.lenovo.videotalk/lib/libMediaEngine.so 0x411a1b18
D/dalvikvm( 6391): No JNI_OnLoad found in /data/data/com.lenovo.videotalk/lib/libMediaEngine.so 0x411a1b18, skipping init
D/dalvikvm( 6391): Trying to load lib /data/data/com.lenovo.videotalk/lib/libpjsipjni.so 0x411a1b18
D/dalvikvm( 6391): Added shared lib /data/data/com.lenovo.videotalk/lib/libpjsipjni.so 0x411a1b18
E/dalvikvm( 6391): ERROR: couldn't find native method
E/dalvikvm( 6391): Requested: Lorg/pjsip/pjsua/pjsuaJNI;.lenovoVT_init:(JLorg/pjsip/pjsua/pjsua_config;JLorg/pjsip/pjsua/pjsua_logging_config;JLorg/pjsip/pjsua/pjsua_media_config;Lorg/pjsip/pjsua/Object;)I
E/dalvikvm( 6391): Candidate: Lorg/pjsip/pjsua/pjsuaJNI;.lenovoVT_init:(JLorg/pjsip/pjsua/pjsua_config;JLorg/pjsip/pjsua/pjsua_logging_config;JLorg/pjsip/pjsua/pjsua_media_config;Ljava/lang/Object;)I
I/Weaver  ( 6391): |PjsipService|stack loaded successfully.
I/Weaver  ( 6391): |PjsipService|begin to create pjsip stack...
I/ConfigTest( 6391): file alread exists
I/ConfigTest( 6391): rootName = config
I/ConfigTest( 6391): childNodes.getLength() = 5
I/ConfigTest( 6391): node name = #text
I/ConfigTest( 6391): node name = pjmedia_vid_codec_config
I/ConfigTest( 6391): nodeDetail.getLength() = 5
I/ConfigTest( 6391): config, nodeName() = #text
I/ConfigTest( 6391): config, nodeName() = codec_id
I/ConfigTest( 6391): codec_id = H264/97
I/ConfigTest( 6391): config, nodeName() = #text
I/ConfigTest( 6391): config, nodeName() = pjmedia_vid_codec_param
I/ConfigTest( 6391): parse pjmedia_vid_codec_param
I/ConfigTest( 6391): nodeDetail.getLength()..... = 17
I/ConfigTest( 6391): pjmedia_vid_codec_param.getNodeName() = #text
I/ConfigTest( 6391): pjmedia_vid_codec_param.getNodeName() = pjmedia_dir
I/ConfigTest( 6391): pjmedia_dir = 3
I/ConfigTest( 6391): pjmedia_vid_codec_param.getNodeName() = #text
I/ConfigTest( 6391): pjmedia_vid_codec_param.getNodeName() = pjmedia_vid_packing
I/ConfigTest( 6391): pjmedia_vid_packing = 1
I/ConfigTest( 6391): pjmedia_vid_codec_param.getNodeName() = #text
I/ConfigTest( 6391): pjmedia_vid_codec_param.getNodeName() = pjmedia_format
D/dalvikvm( 6391): GC_CONCURRENT freed 289K, 9% free 4403K/4807K, paused 2ms+1ms
I/ConfigTest( 6391): pjmedia_format attrute enc_fmt
I/ConfigTest( 6391): parseFormat, node2.getNodeName() = #text
I/ConfigTest( 6391): parseFormat, node2.getNodeName() = id
I/ConfigTest( 6391): id = H264
I/ConfigTest( 6391): parseFormat, node2.getNodeName() = #text
I/ConfigTest( 6391): parseFormat, node2.getNodeName() = type
I/ConfigTest( 6391): type = 2
I/ConfigTest( 6391): parseFormat, node2.getNodeName() = #text
I/ConfigTest( 6391): parseFormat, node2.getNodeName() = pjmedia_format_detail_type
I/ConfigTest( 6391): pjmedia_format_detail_type = 2
I/ConfigTest( 6391): parseFormat, node2.getNodeName() = #text
I/ConfigTest( 6391): parseFormat, node2.getNodeName() = det
I/ConfigTest( 6391): parseDet, node2.getNodeName() = #text
I/ConfigTest( 6391): parseDet, node2.getNodeName() = pjmedia_video_format_detail
I/ConfigTest( 6391): parseFormatDetail, node2.getNodeName() = #text
I/ConfigTest( 6391): parseFormatDetail, node2.getNodeName() = pjmedia_rect_size
I/ConfigTest( 6391): parseRectSize, node2.getNodeName() = #text
I/ConfigTest( 6391): parseRectSize, node2.getNodeName() = width
I/ConfigTest( 6391): width............. = 640
I/ConfigTest( 6391): rectSize.getW() = 640
I/ConfigTest( 6391): parseRectSize, node2.getNodeName() = #text
I/ConfigTest( 6391): parseRectSize, node2.getNodeName() = height
I/ConfigTest( 6391): height........... = 480
I/ConfigTest( 6391): parseRectSize, node2.getNodeName() = #text
I/ConfigTest( 6391): rectSize.getW() = 640
I/ConfigTest( 6391): parseFormatDetail, node2.getNodeName() = #text
I/ConfigTest( 6391): parseFormatDetail, node2.getNodeName() = pjmedia_ratio
I/ConfigTest( 6391): parseRatio, node2.getNodeName() = #text
I/ConfigTest( 6391): parseRatio, node2.getNodeName() = num
I/ConfigTest( 6391): num = 10
I/ConfigTest( 6391): parseRatio, node2.getNodeName() = #text
I/ConfigTest( 6391): parseRatio, node2.getNodeName() = denum
I/ConfigTest( 6391): denum = 1
I/ConfigTest( 6391): parseRatio, node2.getNodeName() = #text
I/ConfigTest( 6391): parseFormatDetail, node2.getNodeName() = #text
I/ConfigTest( 6391): parseFormatDetail, node2.getNodeName() = avg_bps
I/ConfigTest( 6391): avg_bps = 256000
I/ConfigTest( 6391): parseFormatDetail, node2.getNodeName() = #text
I/ConfigTest( 6391): parseFormatDetail, node2.getNodeName() = max_bps
I/ConfigTest( 6391): max_bps = 512000
I/ConfigTest( 6391): parseFormatDetail, node2.getNodeName() = #text
I/ConfigTest( 6391): rectSize.getW()>>>>>>>>>>>>>>>>>> = 640
I/ConfigTest( 6391): parseDet, node2.getNodeName() = #text
I/ConfigTest( 6391): parseFormat, node2.getNodeName() = #text
I/ConfigTest( 6391): pjmedia_vid_codec_param.getNodeName() = #text
I/ConfigTest( 6391): pjmedia_vid_codec_param.getNodeName() = pjmedia_codec_fmtp
I/ConfigTest( 6391): pjmedia_format attrute enc_fmtp
I/ConfigTest( 6391): parseCodecFmtp, node2.getNodeName() = #text
I/ConfigTest( 6391): parseCodecFmtp, node2.getNodeName() = cnt
I/ConfigTest( 6391): cnt = 0
I/ConfigTest( 6391): parseCodecFmtp, node2.getNodeName() = #text
I/ConfigTest( 6391): pjmedia_vid_codec_param.getNodeName() = #text
I/ConfigTest( 6391): pjmedia_vid_codec_param.getNodeName() = pjmedia_format
I/ConfigTest( 6391): pjmedia_format attrute dec_fmt
I/ConfigTest( 6391): parseFormat, node2.getNodeName() = #text
I/ConfigTest( 6391): parseFormat, node2.getNodeName() = id
I/ConfigTest( 6391): id = I420
I/ConfigTest( 6391): parseFormat, node2.getNodeName() = #text
I/ConfigTest( 6391): parseFormat, node2.getNodeName() = type
I/ConfigTest( 6391): type = 2
I/ConfigTest( 6391): parseFormat, node2.getNodeName() = #text
I/ConfigTest( 6391): parseFormat, node2.getNodeName() = pjmedia_format_detail_type
I/ConfigTest( 6391): pjmedia_format_detail_type = 2
I/ConfigTest( 6391): parseFormat, node2.getNodeName() = #text
I/ConfigTest( 6391): parseFormat, node2.getNodeName() = det
I/ConfigTest( 6391): parseDet, node2.getNodeName() = #text
I/ConfigTest( 6391): parseDet, node2.getNodeName() = pjmedia_