V/PJSIP   ( 6186): 14:43:00.486 send_buf_trans  transmit status = 0, seq=23740
V/PJSIP   ( 6186): 14:43:00.500 send_buf_trans  available_tx_counter = 43,sleep ms = 6
D/PJSIP   ( 6186): 14:43:00.500 send_buf_trans  old packets count:488
V/PJSIP   ( 6186): 14:43:00.500 send_buf_trans  available_tx_counter = 43,sleep ms = 6
V/PJSIP   ( 6186): 14:43:00.501 send_buf_trans  transmit status = 0, seq=23741
V/PJSIP   ( 6186): 14:43:00.515 send_buf_trans  available_tx_counter = 42,sleep ms = 6
D/PJSIP   ( 6186): 14:43:00.516 send_buf_trans  old packets count:488
V/PJSIP   ( 6186): 14:43:00.516 send_buf_trans  available_tx_counter = 42,sleep ms = 6
V/PJSIP   ( 6186): 14:43:00.516 send_buf_trans  transmit status = 0, seq=23742
E/ait_h264_buf.c( 6186): pjmedia_capture_h264_buf_get, g_h264_buf->get_offset = 217220, g_h264_buf->length = 0, g_h264_buf->count = 0
D/PJSIP   ( 6186): 14:43:00.525   vid_stream.c !encode rtp, seq:23775
D/PJSIP   ( 6186): 14:43:00.525   vid_stream.c  encode rtp, ts:36203
D/PJSIP   ( 6186): 14:43:00.526   vid_stream.c  encode rtp, seq:23776
D/PJSIP   ( 6186): 14:43:00.526   vid_stream.c  encode rtp, ts:36203
V/PJSIP   ( 6186): 14:43:00.530 send_buf_trans !available_tx_counter = 43,sleep ms = 6
D/PJSIP   ( 6186): 14:43:00.530 send_buf_trans  old packets count:488
V/PJSIP   ( 6186): 14:43:00.530 send_buf_trans  available_tx_counter = 43,sleep ms = 6
V/PJSIP   ( 6186): 14:43:00.531 send_buf_trans  transmit status = 0, seq=23743
V/PJSIP   ( 6186): 14:43:00.545 send_buf_trans  available_tx_counter = 42,sleep ms = 6
D/PJSIP   ( 6186): 14:43:00.546 send_buf_trans  old packets count:488
V/PJSIP   ( 6186): 14:43:00.546 send_buf_trans  available_tx_counter = 42,sleep ms = 6
V/PJSIP   ( 6186): 14:43:00.546 send_buf_trans  transmit status = 0, seq=23744
V/PJSIP   ( 6186): 14:43:00.560 send_buf_trans  available_tx_counter = 41,sleep ms = 6
D/PJSIP   ( 6186): 14:43:00.560 send_buf_trans  old packets count:488
V/PJSIP   ( 6186): 14:43:00.560 send_buf_trans  available_tx_counter = 41,sleep ms = 6
V/PJSIP   ( 6186): 14:43:00.561 send_buf_trans  transmit status = 0, seq=23745
V/PJSIP   ( 6186): 14:43:00.576 send_buf_trans  available_tx_counter = 40,sleep ms = 6
D/PJSIP   ( 6186): 14:43:00.576 send_buf_trans  old packets count:488
V/PJSIP   ( 6186): 14:43:00.576 send_buf_trans  available_tx_counter = 40,sleep ms = 6
V/PJSIP   ( 6186): 14:43:00.576 send_buf_trans  transmit status = 0, seq=23746
V/PJSIP   ( 6186): 14:43:00.590 send_buf_trans  available_tx_counter = 39,sleep ms = 6
D/PJSIP   ( 6186): 14:43:00.590 send_buf_trans  old packets count:488
V/PJSIP   ( 6186): 14:43:00.590 send_buf_trans  available_tx_counter = 39,sleep ms = 6
V/PJSIP   ( 6186): 14:43:00.591 send_buf_trans  transmit status = 0, seq=23747
E/ait_h264_buf.c( 6186): pjmedia_capture_h264_buf_put, sample->h264_size = 1007, frame_info = 41
E/ait_h264_buf.c( 6186): pjmedia_capture_h264_buf_put, g_h264_buf->put_offset = 218236, g_h264_buf->length = 1016, g_h264_buf->count = 1
V/PJSIP   ( 6186): 14:43:00.605 send_buf_trans  available_tx_counter = 38,sleep ms = 6
D/PJSIP   ( 6186): 14:43:00.605 send_buf_trans  old packets count:488
V/PJSIP   ( 6186): 14:43:00.606 send_buf_trans  available_tx_counter = 38,sleep ms = 6
V/PJSIP   ( 6186): 14:43:00.606 send_buf_trans  transmit status = 0, seq=23748
V/PJSIP   ( 6186): 14:43:00.620 send_buf_trans  available_tx_counter = 37,sleep ms = 6
D/PJSIP   ( 6186): 14:43:00.620 send_buf_trans  old packets count:488
V/PJSIP   ( 6186): 14:43:00.620 send_buf_trans  available_tx_counter = 37,sleep ms = 6
V/PJSIP   ( 6186): 14:43:00.621 send_buf_trans  transmit status = 0, seq=23749
V/PJSIP   ( 6186): 14:43:00.640 send_buf_trans  available_tx_counter = 36,sleep ms = 6
D/PJSIP   ( 6186): 14:43:00.640 send_buf_trans  old packets count:488
V/PJSIP   ( 6186): 14:43:00.640 send_buf_trans  available_tx_counter = 36,sleep ms = 6
V/PJSIP   ( 6186): 14:43:00.641 send_buf_trans  transmit status = 0, seq=23750
V/PJSIP   ( 6186): 14:43:00.656 send_buf_trans  available_tx_counter = 35,sleep ms = 6
D/PJSIP   ( 6186): 14:43:00.656 send_buf_trans  old packets count:488
V/PJSIP   ( 6186): 14:43:00.656 send_buf_trans  available_tx_counter = 35,sleep ms = 6
V/PJSIP   ( 6186): 14:43:00.656 send_buf_trans  transmit status = 0, seq=23751
I/Launcher( 1991): |INFO|download state changed: downing|com.lenovo.dll.nebula.launcher.GL.GLStatusBar|
E/ait_h264_buf.c( 6186): pjmedia_capture_h264_buf_get, g_h264_buf->get_offset = 218236, g_h264_buf->length = 0, g_h264_buf->count = 0
D/PJSIP   ( 6186): 14:43:00.661   vid_stream.c !encode rtp, seq:23777
D/PJSIP   ( 6186): 14:43:00.662   vid_stream.c  encode rtp, ts:36339
D/PJSIP   ( 6186): 14:43:00.662   vid_stream.c  encode rtp, seq:23778
D/PJSIP   ( 6186): 14:43:00.662   vid_stream.c  encode rtp, ts:36339
D/PJSIP   ( 6186): 14:43:00.662   vid_stream.c  encode rtp, seq:23779
D/PJSIP   ( 6186): 14:43:00.662   vid_stream.c  encode rtp, ts:36339
V/PJSIP   ( 6186): 14:43:00.670 send_buf_trans !available_tx_counter = 37,sleep ms = 6
D/PJSIP   ( 6186): 14:43:00.670 send_buf_trans  old packets count:488
V/PJSIP   ( 6186): 14:43:00.670 send_buf_trans  available_tx_counter = 37,sleep ms = 6
V/PJSIP   ( 6186): 14:43:00.671 send_buf_trans  transmit status = 0, seq=23752
V/PJSIP   ( 6186): 14:43:00.685 send_buf_trans  available_tx_counter = 36,sleep ms = 6
D/PJSIP   ( 6186): 14:43:00.685 send_buf_trans  old packets count:488
V/PJSIP   ( 6186): 14:43:00.685 send_buf_trans  available_tx_counter = 36,sleep ms = 6
V/PJSIP   ( 6186): 14:43:00.686 send_buf_trans  transmit status = 0, seq=23753
I/TvDownloadManager( 1577): getAllProgress:IDownloadInfoDB.TYPE_ALL
V/PJSIP   ( 6186): 14:43:00.700 send_buf_trans  available_tx_counter = 35,sleep ms = 6
D/PJSIP   ( 6186): 14:43:00.700 send_buf_trans  old packets count:488
V/PJSIP   ( 6186): 14:43:00.700 send_buf_trans  available_tx_counter = 35,sleep ms = 6
V/PJSIP   ( 6186): 14:43:00.701 send_buf_trans  transmit status = 0, seq=23754
V/PJSIP   ( 6186): 14:43:00.715 send_buf_trans  available_tx_counter = 34,sleep ms = 6
D/PJSIP   ( 6186): 14:43:00.715 send_buf_trans  old packets count:488
V/PJSIP   ( 6186): 14:43:00.715 send_buf_trans  available_tx_counter = 34,sleep ms = 6
V/PJSIP   ( 6186): 14:43:00.716 send_buf_trans  transmit status = 0, seq=23755
V/PJSIP   ( 6186): 14:43:00.730 send_buf_trans  available_tx_counter = 33,sleep ms = 6
D/PJSIP   ( 6186): 14:43:00.730 send_buf_trans  old packets count:488
V/PJSIP   ( 6186): 14:43:00.730 send_buf_trans  available_tx_counter = 33,sleep ms = 6
V/PJSIP   ( 6186): 14:43:00.731 send_buf_trans  transmit status = 0, seq=23756
I/TvDownloadManager( 1577): getAllProgress:db count=0	os count=11	 listener count=0
W/MountService( 1317): getVolumeState(/mnt/sdcard): Unknown volume
W/Video   ( 6186): FPS:40
V/PJSIP   ( 6186): 14:43:00.745 send_buf_trans  available_tx_counter = 32,sleep ms = 6
D/PJSIP   ( 6186): 14:43:00.746 send_buf_trans  old packets count:488
V/PJSIP   ( 6186): 14:43:00.746 send_buf_trans  available_tx_counter = 32,sleep ms = 6
V/PJSIP   ( 6186): 14:43:00.746 send_buf_trans  transmit status = 0, seq=23757
V/PJSIP   ( 6186): 14:43:00.765 send_buf_trans  available_tx_counter = 31,sleep ms = 6
D/PJSIP   ( 6186): 14:43:00.765 send_buf_trans  old packets count:488
V/PJSIP   ( 6186): 14:43:00.765 send_buf_trans  available_tx_counter = 31,sleep ms = 6
V/PJSIP   ( 6186): 14:43:00.766 send_buf_trans  transmit status = 0, seq=23758
E/ait_h264_buf.c( 6186): pjmedia_capture_h264_buf_put, sample->h264_size = 994, frame_info = 41
I/Launcher( 1991): |INFO|download state changed: downing|com.lenovo.dll.nebula.launcher.GL.GLStatusBar|
V/PJSIP   ( 6186): 14:43:00.780 send_buf_trans  available_tx_counter = 30,sleep ms = 6
D/PJSIP   ( 6186): 14:43:00.780 send_buf_trans  old packets count:488
V/PJSIP   ( 6186): 14:43:00.780 send_buf_trans  available_tx_counter = 30,sleep ms = 6
V/PJSIP   ( 6186): 14:43:00.781 send_buf_trans  transmit status = 0, seq=23759
E/ait_h264_buf.c( 6186): pjmedia_capture_h264_buf_put, g_h264_buf->put_offset = 219240, g_h264_buf->length = 1004, g_h264_buf->count = 1
E/ait_h264_buf.c( 6186): pjmedia_capture_h264_buf_get, g_h264_buf->get_offset = 219240, g_h264_buf->length = 0, g_h264_buf->count = 0
V/PJSIP   ( 6186): 14:43:00.795 send_buf_trans  available_tx_counter = 29,sleep ms = 6
D/PJSIP   ( 6186): 14:43:00.795 send_buf_trans  old packets count:488
V/PJSIP   ( 6186): 14:43:00.795 send_buf_trans  available_tx_counter = 29,sleep ms = 6
D/PJSIP   ( 6186): 14:43:00.795   vid_stream.c !encode rtp, seq:23780
D/PJSIP   ( 6186): 14:43:00.795   vid_stream.c  encode rtp, ts:36472
D/PJSIP   ( 6186): 14:43:00.795   vid_stream.c  encode rtp, seq:23781
D/PJSIP   ( 6186): 14:43:00.795   vid_stream.c  encode rtp, ts:36472
V/PJSIP   ( 6186): 14:43:00.796 send_buf_trans !transmit status = 0, seq=23760
V/PJSIP   ( 6186): 14:43:00.810 send_buf_trans  available_tx_counter = 30,sleep ms = 6
D/PJSIP   ( 6186): 14:43:00.810 send_buf_trans  old packets count:488
V/PJSIP   ( 6186): 14:43:00.810 send_buf_trans  available_tx_counter = 30,sleep ms = 6
V/PJSIP   ( 6186): 14:43:00.811 send_buf_trans  transmit status = 0, seq=23761
I/Launcher( 1991): |INFO|download state changed: downing|com.lenovo.dll.nebula.launcher.GL.GLStatusBar|
V/PJSIP   ( 6186): 14:43:00.826 send_buf_trans  available_tx_counter = 29,sleep ms = 6
D/PJSIP   ( 6186): 14:43:00.826 send_buf_trans  old packets count:488
V/PJSIP   ( 6186): 14:43:00.826 send_buf_trans  available_tx_counter = 29,sleep ms = 6
V/PJSIP   ( 6186): 14:43:00.826 send_buf_trans  transmit status = 0, seq=23762
V/PJSIP   ( 6186): 14:43:00.840 send_buf_trans  available_tx_counter = 28,sleep ms = 6
D/PJSIP   ( 6186): 14:43:00.840 send_buf_trans  old packets count:488
V/PJSIP   ( 6186): 14:43:00.840 send_buf_trans  available_tx_counter = 28,sleep ms = 6
V/PJSIP   ( 6186): 14:43:00.841 send_buf_trans  transmit status = 0, seq=23763
V/PJSIP   ( 6186): 14:43:00.855 send_buf_trans  available_tx_counter = 27,sleep ms = 6
D/PJSIP   ( 6186): 14:43:00.855 send_buf_trans  old packets count:488
V/PJSIP   ( 6186): 14:43:00.855 send_buf_trans  available_tx_counter = 27,sleep ms = 6
V/PJSIP   ( 6186): 14:43:00.855 send_buf_trans  transmit status = 0, seq=596
V/PJSIP   ( 6186): 14:43:00.865 send_buf_trans  available_tx_counter = 26,sleep ms = 6
D/PJSIP   ( 6186): 14:43:00.866 send_buf_trans  old packets count:488
V/PJSIP   ( 6186): 14:43:00.866 send_buf_trans  available_tx_counter = 26,sleep ms = 6
V/PJSIP   ( 6186): 14:43:00.866 send_buf_trans  transmit status = 0, seq=597
V/PJSIP   ( 6186): 14:43:00.880 send_buf_trans  available_tx_counter = 25,sleep ms = 6
D/PJSIP   ( 6186): 14:43:00.880 send_buf_trans  old packets count:488
V/PJSIP   ( 6186): 14:43:00.880 send_buf_trans  available_tx_counter = 25,sleep ms = 6
V/PJSIP   ( 6186): 14:43:00.881 send_buf_trans  transmit status = 0, seq=598
W/MountService( 1317): getVolumeState(/mnt/sdcard): Unknown volume
V/PJSIP   ( 6186): 14:43:00.895 send_buf_trans  available_tx_counter = 24,sleep ms = 6
D/PJSIP   ( 6186): 14:43:00.895 send_buf_trans  old packets count:488
V/PJSIP   ( 6186): 14:43:00.895 send_buf_trans  available_tx_counter = 24,sleep ms = 6
V/PJSIP   ( 6186): 14:43:00.895 send_buf_trans  transmit status = 0, seq=599
W/MountService( 1317): getVolumeState(/mnt/sdcard): Unknown volume
V/PJSIP   ( 6186): 14:43:00.911 send_buf_trans  available_tx_counter = 23,sleep ms = 6
D/PJSIP   ( 6186): 14:43:00.911 send_buf_trans  old packets count:488
V/PJSIP   ( 6186): 14:43:00.911 send_buf_trans  available_tx_counter = 23,sleep ms = 6
V/PJSIP   ( 6186): 14:43:00.912 send_buf_trans  transmit status = 0, seq=600
W/MountService( 1317): getVolumeState(/mnt/sdcard): Unknown volume
V/PJSIP   ( 6186): 14:43:00.925 send_buf_trans  available_tx_counter = 22,sleep ms = 6
D/PJSIP   ( 6186): 14:43:00.925 send_buf_trans  old packets count:488
V/PJSIP   ( 6186): 14:43:00.925 send_buf_trans  available_tx_counter = 22,sleep ms = 6
V/PJSIP   ( 6186): 14:43:00.925 send_buf_trans  transmit status = 0, seq=601
W/MountService( 1317): getVolumeState(/mnt/sdcard): Unknown volume
W/MountService( 1317): getVolumeState(/mnt/sdcard): Unknown volume
W/MountService( 1317): getVolumeState(/mnt/sdcard): Unknown volume
W/MountService( 1317): getVolumeState(/mnt/sdcard): Unknown volume
W/MountService( 1317): getVolumeState(/mnt/sdcard): Unknown volume
V/PJSIP   ( 6186): 14:43:00.945 send_buf_trans  available_tx_counter = 21,sleep ms = 6
D/PJSIP   ( 6186): 14:43:00.945 send_buf_trans  old packets count:488
V/PJSIP   ( 6186): 14:43:00.945 send_buf_trans  available_tx_counter = 21,sleep ms = 6
V/PJSIP   ( 6186): 14:43:00.945 send_buf_trans  transmit status = 0, seq=602
W/MountService( 1317): getVolumeState(/mnt/sdcard): Unknown volume
V/PJSIP   ( 6186): 14:43:00.955 send_buf_trans  available_tx_counter = 20,sleep ms = 6
D/PJSIP   ( 6186): 14:43:00.955 send_buf_trans  old packets count:488
V/PJSIP   ( 6186): 14:43:00.955 send_buf_trans  available_tx_counter = 20,sleep ms = 6
V/PJSIP   ( 6186): 14:43:00.955 send_buf_trans  transmit status = 0, seq=603
E/ait_h264_buf.c( 6186): pjmedia_capture_h264_buf_put, sample->h264_size = 1103, frame_info = 41
E/ait_h264_buf.c( 6186): pjmedia_capture_h264_buf_put, g_h264_buf->put_offset = 220352, g_h264_buf->length = 1112, g_h264_buf->count = 1
V/PJSIP   ( 6186): 14:43:00.970 send_buf_trans  available_tx_counter = 19,sleep ms = 6
D/PJSIP   ( 6186): 14:43:00.970 send_buf_trans  old packets count:488
V/PJSIP   ( 6186): 14:43:00.970 send_buf_trans  available_tx_counter = 19,sleep ms = 6
V/PJSIP   ( 6186): 14:43:00.980 send_buf_trans  transmit status = 0, seq=604
V/PJSIP   ( 6186): 14:43:00.990 send_buf_trans  available_tx_counter = 18,sleep ms = 6
D/PJSIP   ( 6186): 14:43:00.991 send_buf_trans  old packets count:488
V/PJSIP   ( 6186): 14:43:00.992 send_buf_trans  available_tx_counter = 18,sleep ms = 6
V/PJSIP   ( 6186): 14:43:00.994 send_buf_trans  transmit status = 0, seq=23764
E/ait_h264_buf.c( 6186): pjmedia_capture_h264_buf_get, g_h264_buf->get_offset = 220352, g_h264_buf->length = 0, g_h264_buf->count = 0
D/PJSIP   ( 6186): 14:43:00.996   vid_stream.c !encode rtp, seq:23782
D/PJSIP   ( 6186): 14:43:00.996   vid_stream.c  encode rtp, ts:36672
D/PJSIP   ( 6186): 14:43:00.996   vid_stream.c  encode rtp, seq:23783
D/PJSIP   ( 6186): 14:43:00.996   vid_stream.c  encode rtp, ts:36672
D/PJSIP   ( 6186): 14:43:00.996   vid_stream.c  encode rtp, seq:23784
D/PJSIP   ( 6186): 14:43:00.996   vid_stream.c  encode rtp, ts:36672
I/DownloadsChangeObserver( 1577): dispatchUpdate
V/PJSIP   ( 6186): 14:43:01.005 send_buf_trans !available_tx_counter = 20,sleep ms = 6
D/PJSIP   ( 6186): 14:43:01.005 send_buf_trans  old packets count:488
V/PJSIP   ( 6186): 14:43:01.005 send_buf_trans  available_tx_counter = 20,sleep ms = 6
V/PJSIP   ( 6186): 14:43:01.006 send_buf_trans  transmit status = 0, seq=23765
D/PJSIP   ( 6186): 14:43:01.010          jbi.c !failed to get next timestamp
D/PJSIP   ( 6186): 14:43:01.010   vid_stream.c  not found a frame
V/PJSIP   ( 6186): 14:43:01.020 send_buf_trans !available_tx_counter = 19,sleep ms = 6
D/PJSIP   ( 6186): 14:43:01.020 send_buf_trans  old packets count:488
V/PJSIP   ( 6186): 14:43:01.020 send_buf_trans  available_tx_counter = 19,sleep ms = 6
V/PJSIP   ( 6186): 14:43:01.020 send_buf_trans  transmit status = 0, seq=23766
V/PJSIP   ( 6186): 14:43:01.030 send_buf_trans  available_tx_counter = 18,sleep ms = 6
D/PJSIP   ( 6186): 14:43:01.030 send_buf_trans  old packets count:488
V/PJSIP   ( 6186): 14:43:01.030 send_buf_trans  available_tx_counter = 18,sleep ms = 6
V/PJSIP   ( 6186): 14:43:01.031 send_buf_trans  transmit status = 0, seq=23767
D/PJSIP   ( 6186): 14:43:01.031       remb.cpp  remb send bitrate:335848
I/PJSIP   ( 6186): 14:43:01.031 vstrm0x6192601  TX RTCP SR: ntp_ts=0xfb74c9ab
I/PJSIP   ( 6186): 14:43:01.031 vstrm0x6192601  Tx RTCP RR: lsr=0xec6f7f07, lsr_time=0x9e7062a2, now=0x9e723052, dlsr=0x1cdb0(1s:803ms)
V/PJSIP   ( 6186): 14:43:01.050 send_buf_trans  available_tx_counter = 17,sleep ms = 6
D/PJSIP   ( 6186): 14:43:01.050 send_buf_trans  old packets count:488
V/PJSIP   ( 6186): 14:43:01.050 send_buf_trans  available_tx_counter = 17,sleep ms = 6
V/PJSIP   ( 6186): 14:43:01.076 send_buf_trans  transmit status = 0, seq=23768
V/PJSIP   ( 6186): 14:43:01.090 send_buf_trans  available_tx_counter = 16,sleep ms = 6
D/PJSIP   ( 6186): 14:43:01.090 send_buf_trans  old packets count:488
V/PJSIP   ( 6186): 14:43:01.090 send_buf_trans  available_tx_counter = 16,sleep ms = 6
V/PJSIP   ( 6186): 14:43:01.090 send_buf_trans  transmit status = 0, seq=23769
I/Launcher( 1991): |INFO|download status changed |com.lenovo.dll.nebula.launcher.DownLoadStatusListener$DownloadManagerContentObserver|
E/ait_h264_buf.c( 6186): pjmedia_capture_h264_buf_put, sample->h264_size = 1388, frame_info = 41
E/ait_h264_buf.c( 6186): pjmedia_capture_h264_buf_put, g_h264_buf->put_offset = 221748, g_h264_buf->length = 1396, g_h264_buf->count = 1
V/PJSIP   ( 6186): 14:43:01.107 send_buf_trans  available_tx_counter = 15,sleep ms = 6
D/PJSIP   ( 6186): 14:43:01.107 send_buf_trans  old packets count:488
V/PJSIP   ( 6186): 14:43:01.107 send_buf_trans  available_tx_counter = 15,sleep ms = 6
V/PJSIP   ( 6186): 14:43:01.107 send_buf_trans  transmit status = 0, seq=23770
V/PJSIP   ( 6186): 14:43:01.120 send_buf_trans  available_tx_counter = 14,sleep ms = 6
D/PJSIP   ( 6186): 14:43:01.121 send_buf_trans  old packets count:488
V/PJSIP   ( 6186): 14:43:01.121 send_buf_trans  available_tx_counter = 14,sleep ms = 6
V/PJSIP   ( 6186): 14:43:01.121 send_buf_trans  transmit status = 0, seq=23771
E/ait_h264_buf.c( 6186): pjmedia_capture_h264_buf_get, g_h264_buf->get_offset = 221748, g_h264_buf->length = 0, g_h264_buf->count = 0
D/PJSIP   ( 6186): 14:43:01.125   vid_stream.c !encode rtp, seq:23785
D/PJSIP   ( 6186): 14:43:01.125   vid_stream.c  encode rtp, ts:36802
D/PJSIP   ( 6186): 14:43:01.125   vid_stream.c  encode rtp, seq:23786
D/PJSIP   ( 6186): 14:43:01.125   vid_stream.c  encode rtp, ts:36802
D/PJSIP   ( 6186): 14:43:01.125   vid_stream.c  encode rtp, seq:23787
D/PJSIP   ( 6186): 14:43:01.125   vid_stream.c  encode rtp, ts:36802
V/PJSIP   ( 6186): 14:43:01.136 send_buf_trans !available_tx_counter = 16,sleep ms = 6
D/PJSIP   ( 6186): 14:43:01.136 send_buf_trans  old packets count:488
V/PJSIP   ( 6186): 14:43:01.136 send_buf_trans  available_tx_counter = 16,sleep ms = 6
V/PJSIP   ( 6186): 14:43:01.136 send_buf_trans  transmit status = 0, seq=23772
I/Launcher( 1991): |INFO|download state changed: downing|com.lenovo.dll.nebula.launcher.GL.GLStatusBar|
V/PJSIP   ( 6186): 14:43:01.151 send_buf_trans  available_tx_counter = 15,sleep ms = 6
D/PJSIP   ( 6186): 14:43:01.151 send_buf_trans  old packets count:488
V/PJSIP   ( 6186): 14:43:01.151 send_buf_trans  available_tx_counter = 15,sleep ms = 6
V/PJSIP   ( 6186): 14:43:01.151 send_buf_trans  transmit status = 0, seq=23773
V/PJSIP   ( 6186): 14:43:01.165 send_buf_trans  available_tx_counter = 14,sleep ms = 6
D/PJSIP   ( 6186): 14:43:01.165 send_buf_trans  old packets count:488
V/PJSIP   ( 6186): 14:43:01.165 send_buf_trans  available_tx_counter = 14,sleep ms = 6
V/PJSIP   ( 6186): 14:43:01.166 send_buf_trans  transmit status = 0, seq=23774
V/PJSIP   ( 6186): 14:43:01.180 send_buf_trans  available_tx_counter = 13,sleep ms = 6
D/PJSIP   ( 6186): 14:43:01.180 send_buf_trans  old packets count:488
V/PJSIP   ( 6186): 14:43:01.180 send_buf_trans  available_tx_counter = 13,sleep ms = 6
V/PJSIP   ( 6186): 14:43:01.181 send_buf_trans  transmit status = 0, seq=23775
I/DownloadManager( 1645): Initiating request for download 10714
V/PJSIP   ( 6186): 14:43:01.184 sip_endpoint.c !Processing incoming message: Request msg INFO/cseq=10948 (rdata0x1fb4eb4)
D/PJSIP   ( 6186): 14:43:01.184   pjsua_core.c  .RX 646 bytes Request msg INFO/cseq=10948 (rdata0x1fb4eb4) from TCP 211.151.79.232:53:
D/PJSIP   ( 6186): INFO sip:60000192464@219.142.229.166:42922;transport=TCP;ob SIP/2.0
D/PJSIP   ( 6186): Via: SIP/2.0/TCP 211.151.79.232:53;branch=z9hG4bK4f11.4cbf6e52.0;i=7205
D/PJSIP   ( 6186): Via: SIP/2.0/TCP 219.142.122.249:57769;rport=57769;branch=z9hG4bKPj.vjFxqKrqqjBTwBiECj.38iCqEjYFrAn
D/PJSIP   ( 6186): Max-Forwards: 69
D/PJSIP   ( 6186): From: <sip:60000191751@211.151.79.232>;tag=e-X-kERFb7PuaQeQjyvkwbAnYuRUvKhr
D/PJSIP   ( 6186): To: <sip:60000192464@211.151.79.232>;tag=LJJejsZGyiYH0p0Y4bLyQkXfe1GbsgAh
D/PJSIP   ( 6186): Call-ID: lSpNRNhrGvF8iSJhOwyeXfryNvDbmqfq
D/PJSIP   ( 6186): CSeq: 10948 INFO
D/PJSIP   ( 6186): User-Agent: TV-A21
D/PJSIP   ( 6186): token: 20745934
D/PJSIP   ( 6186): instanceId: 20745934
D/PJSIP   ( 6186): Content-Type: application/app_info+json
D/PJSIP   ( 6186): Content-Length:    47
D/PJSIP   ( 6186): 
D/PJSIP   ( 6186): {"type":201,"info":{"status":0,"bandwidth":50}}
D/PJSIP   ( 6186): --end msg--
V/PJSIP   ( 6186): 14:43:01.184   dlg0x1f5b8dc  .Received Request msg INFO/cseq=10948 (rdata0x1fb4eb4)
V/PJSIP   ( 6186): 14:43:01.184   tsx0x2674ba4  ...Transaction created for Request msg INFO/cseq=10948 (rdata0x1fb4eb4)
V/PJSIP   ( 6186): 14:43:01.184   tsx0x2674ba4  ..Incoming Request msg INFO/cseq=10948 (rdata0x1fb4eb4) in state Null
V/PJSIP   ( 6186): 14:43:01.184   tsx0x2674ba4  ...State changed from Null to Trying, event=RX_MSG
V/PJSIP   ( 6186): 14:43:01.184   dlg0x1f5b8dc  ....Transaction tsx0x2674ba4 state changed to Trying
I/TvDownloadManager( 1577): getAllProgress:IDownloadInfoDB.TYPE_ALL
I/TvDownloadManager( 1577): getAllProgress:db count=0	os count=11	 listener count=0
V/PJSIP   ( 6186): 14:43:01.192       endpoint  ......Response msg 200/INFO/cseq=10948 (tdta0x28c1ba0) created
V/PJSIP   ( 6186): 14:43:01.192   tsx0x2674ba4  ......Sending Response msg 200/INFO/cseq=10948 (tdta0x28c1ba0) in state Trying
D/PJSIP   ( 6186): 14:43:01.192 sip_endpoint.c  ....... in pjsua_var.ua_cfg.cb.on_pj_handler_tx_request
D/PJSIP   ( 6186): 14:43:01.192 pjsua_wrap.cpp  .......on_pj_handler_tx_request_wrapper tangzm3
E/Weaver  ( 6186): |SipCallbackListener|on_pj_handler_tx_request callback.
W/Weaver  ( 6186): |SipCallbackListener|getToken:85421012
I/PJSIP   ( 6186): 14:43:01.193 pjsua_jni_addo  .......set_msg_header called.
W/Weaver  ( 6186): |UserInfoCloudService|Start to get token ...... 
W/Weaver  ( 6186): |UserInfoCloudService|Get static token
I/PJSIP   ( 6186): 14:43:01.194 pjsua_jni_addo  .......set_msg_header called.
W/MountService( 1317): getVolumeState(/mnt/sdcard): Unknown volume
V/PJSIP   ( 6186): 14:43:01.194 send_buf_trans !available_tx_counter = 12,sleep ms = 6
D/PJSIP   ( 6186): 14:43:01.194 send_buf_trans  old packets count:488
V/PJSIP   ( 6186): 14:43:01.194 send_buf_trans  available_tx_counter = 12,sleep ms = 6
V/PJSIP   ( 6186): 14:43:01.195 send_buf_trans  transmit status = 0, seq=23776
D/PJSIP   ( 6186): 14:43:01.194   pjsua_core.c  .......TX 488 bytes Response msg 200/INFO/cseq=10948 (tdta0x28c1ba0) to TCP 211.151.79.232:53:
D/PJSIP   ( 6186): SIP/2.0 200 OK
D/PJSIP   ( 6186): Via: SIP/2.0/TCP 211.151.79.232:53;received=211.151.79.232;branch=z9hG4bK4f11.4cbf6e52.0;i=7205
D/PJSIP   ( 6186): Via: SIP/2.0/TCP 219.142.122.249:57769;rport=57769;branch=z9hG4bKPj.vjFxqKrqqjBTwBiECj.38iCqEjYFrAn
D/PJSIP   ( 6186): Call-ID: lSpNRNhrGvF8iSJhOwyeXfryNvDbmqfq
D/PJSIP   ( 6186): From: <sip:60000191751@211.151.79.232>;tag=e-X-kERFb7PuaQeQjyvkwbAnYuRUvKhr
D/PJSIP   ( 6186): To: <sip:60000192464@211.151.79.232>;tag=LJJejsZGyiYH0p0Y4bLyQkXfe1GbsgAh
D/PJSIP   ( 6186): CSeq: 10948 INFO
D/PJSIP   ( 6186): token: 85421012
D/PJSIP   ( 6186): instanceId: 85421012
D/PJSIP   ( 6186): Content-Length:  0
D/PJSIP   ( 6186): 
D/PJSIP   ( 6186): 
D/PJSIP   ( 6186): --end msg--
V/PJSIP   ( 6186): 14:43:01.197   tsx0x2674ba4 !.......State changed from Trying to Completed, event=TX_MSG
V/PJSIP   ( 6186): 14:43:01.197   dlg0x1f5b8dc  ........Transaction tsx0x2674ba4 state changed to Completed
I/PJSIP   ( 6186): 14:43:01.197   pjsua_call.c  ......Call 0: incoming INFO:
I/PJSIP   ( 6186): {"type":201,"info":{"status":0,"bandwidth":50}}
I/Weaver  ( 6186): |ROTATE|{"type":201,"info":{"status":0,"bandwidth":50}}
W/MountService( 1317): getVolumeState(/mnt/sdcard): Unknown volume
W/MountService( 1317): getVolumeState(/mnt/sdcard): Unknown volume
V/PJSIP   ( 6186): 14:43:01.205   tsx0x2674ba4 !Timeout timer event
V/PJSIP   ( 6186): 14:43:01.205 send_buf_trans !available_tx_counter = 11,sleep ms = 6
D/PJSIP   ( 6186): 14:43:01.205 send_buf_trans  old packets count:488
V/PJSIP   ( 6186): 14:43:01.205 send_buf_trans  available_tx_counter = 11,sleep ms = 6
W/MountService( 1317): getVolumeState(/mnt/sdcard): Unknown volume
V/PJSIP   ( 6186): 14:43:01.205 send_buf_trans  transmit status = 0, seq=23777
W/MountService( 1317): getVolumeState(/mnt/sdcard): Unknown volume
W/MountService( 1317): getVolumeState(/mnt/sdcard): Unknown volume
V/PJSIP   ( 6186): 14:43:01.219 send_buf_trans  available_tx_counter = 10,sleep ms = 6
D/PJSIP   ( 6186): 14:43:01.220 send_buf_trans  old packets count:488
V/PJSIP   ( 6186): 14:43:01.220 send_buf_trans  available_tx_counter = 10,sleep ms = 6
V/PJSIP   ( 6186): 14:43:01.220 send_buf_trans  transmit status = 0, seq=23778
W/MountService( 1317): getVolumeState(/mnt/sdcard): Unknown volume
W/MountService( 1317): getVolumeState(/mnt/sdcard): Unknown volume
W/MountService( 1317): getVolumeState(/mnt/sdcard): Unknown volume
V/PJSIP   ( 6186): 14:43:01.230 send_buf_trans  available_tx_counter = 9,sleep ms = 6
D/PJSIP   ( 6186): 14:43:01.230 send_buf_trans  old packets count:488
V/PJSIP   ( 6186): 14:43:01.230 send_buf_trans  available_tx_counter = 9,sleep ms = 6
V/PJSIP   ( 6186): 14:43:01.231 send_buf_trans  transmit status = 0, seq=23779
W/MountService( 1317): getVolumeState(/mnt/sdcard): Unknown volume
V/PJSIP   ( 6186): 14:43:01.244 send_buf_trans  available_tx_counter = 8,sleep ms = 6
D/PJSIP   ( 6186): 14:43:01.244 send_buf_trans  old packets count:488
V/PJSIP   ( 6186): 14:43:01.245 send_buf_trans  available_tx_counter = 8,sleep ms = 6
V/PJSIP   ( 6186): 14:43:01.245 send_buf_trans  transmit status = 0, seq=23780
V/PJSIP   ( 6186): 14:43:01.256 send_buf_trans  available_tx_counter = 7,sleep ms = 6
D/PJSIP   ( 6186): 14:43:01.256 send_buf_trans  old packets count:488
V/PJSIP   ( 6186): 14:43:01.256 send_buf_trans  available_tx_counter = 7,sleep ms = 6
V/PJSIP   ( 6186): 14:43:01.256 send_buf_trans  transmit status = 0, seq=23781
E/ait_h264_buf.c( 6186): pjmedia_capture_h264_buf_put, sample->h264_size = 1468, frame_info = 41
E/ait_h264_buf.c( 6186): pjmedia_capture_h264_buf_put, g_h264_buf->put_offset = 223224, g_h264_buf->length = 1476, g_h264_buf->count = 1
V/PJSIP   ( 6186): 14:43:01.270 send_buf_trans  available_tx_counter = 6,sleep ms = 6
D/PJSIP   ( 6186): 14:43:01.270 send_buf_trans  old packets count:488
V/PJSIP   ( 6186): 14:43:01.270 send_buf_trans  available_tx_counter = 6,sleep ms = 6
V/PJSIP   ( 6186): 14:43:01.270 send_buf_trans  transmit status = 0, seq=23782
V/PJSIP   ( 6186): 14:43:01.279 send_buf_trans  available_tx_counter = 5,sleep ms = 6
D/PJSIP   ( 6186): 14:43:01.280 send_buf_trans  old packets count:488
V/PJSIP   ( 6186): 14:43:01.280 send_buf_trans  available_tx_counter = 5,sleep ms = 6
V/PJSIP   ( 6186): 14:43:01.280 send_buf_trans  transmit status = 0, seq=23783
V/PJSIP   ( 6186): 14:43:01.291 send_buf_trans  available_tx_counter = 4,sleep ms = 6
D/PJSIP   ( 6186): 14:43:01.291 send_buf_trans  old packets count:488
V/PJSIP   ( 6186): 14:43:01.291 send_buf_trans  available_tx_counter = 4,sleep ms = 6
V/PJSIP   ( 6186): 14:43:01.291 send_buf_trans  transmit status = 0, seq=23784
V/PJSIP   ( 6186): 14:43:01.309 send_buf_trans  available_tx_counter = 3,sleep ms = 6
D/PJSIP   ( 6186): 14:43:01.309 send_buf_trans  old packets count:488
V/PJSIP   ( 6186): 14:43:01.309 send_buf_trans  available_tx_counter = 3,sleep ms = 6
V/PJSIP   ( 6186): 14:43:01.311 send_buf_trans  transmit status = 0, seq=23785
E/ait_h264_buf.c( 6186): pjmedia_capture_h264_buf_get, g_h264_buf->get_offset = 223224, g_h264_buf->length = 0, g_h264_buf->count = 0
V/PJSIP   ( 6186): 14:43:01.324 send_buf_trans  available_tx_counter = 2,sleep ms = 6
D/PJSIP   ( 6186): 14:43:01.324 send_buf_trans  old packets count:488
V/PJSIP   ( 6186): 14:43:01.324 send_buf_trans  available_tx_counter = 2,sleep ms = 6
V/PJSIP   ( 6186): 14:43:01.325 send_buf_trans  transmit status = 0, seq=23786
D/PJSIP   ( 6186): 14:43:01.324   vid_stream.c !encode rtp, seq:23788
D/PJSIP   ( 6186): 14:43:01.326   vid_stream.c  encode rtp, ts:37002
D/PJSIP   ( 6186): 14:43:01.326   vid_stream.c  encode rtp, seq:23789
D/PJSIP   ( 6186): 14:43:01.326   vid_stream.c  encode rtp, ts:37002
D/PJSIP   ( 6186): 14:43:01.326   vid_stream.c  encode rtp, seq:23790
D/PJSIP   ( 6186): 14:43:01.326   vid_stream.c  encode rtp, ts:37002
V/PJSIP   ( 6186): 14:43:01.339 send_buf_trans !available_tx_counter = 13,sleep ms = 6
D/PJSIP   ( 6186): 14:43:01.339 send_buf_trans  old packets count:488
V/PJSIP   ( 6186): 14:43:01.339 send_buf_trans  available_tx_counter = 13,sleep ms = 6
V/PJSIP   ( 6186): 14:43:01.340 send_buf_trans  transmit status = 0, seq=23787
V/PJSIP   ( 6186): 14:43:01.350 send_buf_trans  available_tx_counter = 12,sleep ms = 6
D/PJSIP   ( 6186): 14:43:01.350 send_buf_trans  old packets count:488
V/PJSIP   ( 6186): 14:43:01.350 send_buf_trans  available_tx_counter = 12,sleep ms = 6
V/PJSIP   ( 6186): 14:43:01.351 send_buf_trans  transmit status = 0, seq=23788
V/PJSIP   ( 6186): 14:43:01.364 send_buf_trans  available_tx_counter = 11,sleep ms = 6
D/PJSIP   ( 6186): 14:43:01.364 send_buf_trans  old packets count:488
V/PJSIP   ( 6186): 14:43:01.364 send_buf_trans  available_tx_counter = 11,sleep ms = 6
V/PJSIP   ( 6186): 14:43:01.365 send_buf_trans  transmit status = 0, seq=23789
V/PJSIP   ( 6186): 14:43:01.375 send_buf_trans  available_tx_counter = 10,sleep ms = 6
D/PJSIP   ( 6186): 14:43:01.375 send_buf_trans  old packets count:488
V/PJSIP   ( 6186): 14:43:01.375 send_buf_trans  available_tx_counter = 10,sleep ms = 6
V/PJSIP   ( 6186): 14:43:01.375 send_buf_trans  transmit status = 0, seq=23790
V/PJSIP   ( 6186): 14:43:01.384 send_buf_trans  available_tx_counter = 9,sleep ms = 6
D/PJSIP   ( 6186): 14:43:01.384 send_buf_trans  old packets count:488
V/PJSIP   ( 6186): 14:43:01.384 send_buf_trans  available_tx_counter = 9,sleep ms = 6
V/PJSIP   ( 6186): 14:43:01.385 send_buf_trans  transmit status = 0, seq=605
V/PJSIP   ( 6186): 14:43:01.394 send_buf_trans  available_tx_counter = 8,sleep ms = 6
D/PJSIP   ( 6186): 14:43:01.395 send_buf_trans  old packets count:488
V/PJSIP   ( 6186): 14:43:01.395 send_buf_trans  available_tx_counter = 8,sleep ms = 6
V/PJSIP   ( 6186): 14:43:01.395 send_buf_trans  transmit status = 0, seq=606
V/PJSIP   ( 6186): 14:43:01.411 send_buf_trans  available_tx_counter = 7,sleep ms = 6
D/PJSIP   ( 6186): 14:43:01.411 send_buf_trans  old packets count:488
V/PJSIP   ( 6186): 14:43:01.411 send_buf_trans  available_tx_counter = 7,sleep ms = 6
V/PJSIP   ( 6186): 14:43:01.411 send_buf_trans  transmit status = 0, seq=607
V/PJSIP   ( 6186): 14:43:01.424 send_buf_trans  available_tx_counter = 6,sleep ms = 6
D/PJSIP   ( 6186): 14:43:01.424 send_buf_trans  old packets count:488
V/PJSIP   ( 6186): 14:43:01.424 send_buf_trans  available_tx_counter = 6,sleep ms = 6
V/PJSIP   ( 6186): 14:43:01.425 send_buf_trans  transmit status = 0, seq=608
V/PJSIP   ( 6186): 14:43:01.436 send_buf_trans  available_tx_counter = 5,sleep ms = 6
D/PJSIP   ( 6186): 14:43:01.436 send_buf_trans  old packets count:488
V/PJSIP   ( 6186): 14:43:01.436 send_buf_trans  available_tx_counter = 5,sleep ms = 6
V/PJSIP   ( 6186): 14:43:01.437 send_buf_trans  transmit status = 0, seq=609
V/PJSIP   ( 6186): 14:43:01.451 send_buf_trans  available_tx_counter = 4,sleep ms = 6
D/PJSIP   ( 6186): 14:43:01.451 send_buf_trans  old packets count:488
V/PJSIP   ( 6186): 14:43:01.451 send_buf_trans  available_tx_counter = 4,sleep ms = 6
V/PJSIP   ( 6186): 14:43:01.451 send_buf_trans  transmit status = 0, seq=610
E/ait_h264_buf.c( 6186): pjmedia_capture_h264_buf_put, sample->h264_size = 1558, frame_info = 41
E/ait_h264_buf.c( 6186): pjmedia_capture_h264_buf_put, g_h264_buf->put_offset = 224792, g_h264_buf->length = 1568, g_h264_buf->count = 1
V/PJSIP   ( 6186): 14:43:01.468 send_buf_trans  available_tx_counter = 3,sleep ms = 6
D/PJSIP   ( 6186): 14:43:01.468 send_buf_trans  old packets count:488
V/PJSIP   ( 6186): 14:43:01.468 send_buf_trans  available_tx_counter = 3,sleep ms = 6
V/PJSIP   ( 6186): 14:43:01.469 send_buf_trans  transmit status = 0, seq=611
V/PJSIP   ( 6186): 14:43:01.479 send_buf_trans  available_tx_counter = 2,sleep ms = 6
D/PJSIP   ( 6186): 14:43:01.480 send_buf_trans  old packets count:488
V/PJSIP   ( 6186): 14:43:01.480 send_buf_trans  available_tx_counter = 2,sleep ms = 6
V/PJSIP   ( 6186): 14:43:01.480 send_buf_trans  transmit status = 0, seq=612
V/PJSIP   ( 6186): 14:43:01.489 send_buf_trans  available_tx_counter = 1,sleep ms = 6
D/PJSIP   ( 6186): 14:43:01.489 send_buf_trans  old packets count:488
V/PJSIP   ( 6186): 14:43:01.489 send_buf_trans  available_tx_counter = 1,sleep ms = 6
V/PJSIP   ( 6186): 14:43:01.490 send_buf_trans  transmit status = 0, seq=613
W/MountService( 1317): getVolumeState(/mnt/sdcard): Unknown volume
W/DownloadManager( 1645): Aborting request for download 10714: external media not mounted
E/ait_h264_buf.c( 6186): pjmedia_capture_h264_buf_get, g_h264_buf->get_offset = 224792, g_h264_buf->length = 0, g_h264_buf->count = 0
D/PJSIP   ( 6186): 14:43:01.525   vid_stream.c !encode rtp, seq:23791
D/PJSIP   ( 6186): 14:43:01.525   vid_stream.c  encode rtp, ts:37202
D/PJSIP   ( 6186): 14:43:01.525   vid_stream.c  encode rtp, seq:23792
D/PJSIP   ( 6186): 14:43:01.525   vid_stream.c  encode rtp, ts:37202
D/PJSIP   ( 6186): 14:43:01.525   vid_stream.c  encode rtp, seq:23793
D/PJSIP   ( 6186): 14:43:01.525   vid_stream.c  encode rtp, ts:37202
V/PJSIP   ( 6186): 14:43:01.527 send_buf_trans !available_tx_counter = 3,sleep ms = 6
D/PJSIP   ( 6186): 14:43:01.527 send_buf_trans  old packets count:488
V/PJSIP   ( 6186): 14:43:01.527 send_buf_trans  available_tx_counter = 3,sleep ms = 6
V/PJSIP   ( 6186): 14:43:01.527 send_buf_trans  transmit status = 0, seq=23791
V/PJSIP   ( 6186): 14:43:01.540 send_buf_trans  available_tx_counter = 2,sleep ms = 6
D/PJSIP   ( 6186): 14:43:01.540 send_buf_trans  old packets count:488
V/PJSIP   ( 6186): 14:43:01.540 send_buf_trans  available_tx_counter = 2,sleep ms = 6
E/huzedong( 6186): SipConstants.ACTION_VIDEO_CONTROL isStop : true actionID : 20001
E/VideoProducer2( 6186): pjsuaJNI.stop_capture()
V/PJSIP   ( 6186): 14:43:01.544   tsx0x2674ba4 !.State changed from Completed to Terminated, event=TIMER
V/PJSIP   ( 6186): 14:43:01.545   dlg0x1f5b8dc  ..Transaction tsx0x2674ba4 state changed to Terminated
V/PJSIP   ( 6186): 14:43:01.548 send_buf_trans !transmit status = 0, seq=23792
V/PJSIP   ( 6186): 14:43:01.547   tsx0x2674ba4  Timeout timer event
V/PJSIP   ( 6186): 14:43:01.548   tsx0x2674ba4 !.State changed from Terminated to Destroyed, event=TIMER
V/PJSIP   ( 6186): 14:43:01.548  tdta0x28c1ba0  ..Destroying txdata Response msg 200/INFO/cseq=10948 (tdta0x28c1ba0)
V/PJSIP   ( 6186): 14:43:01.548       pool_i.h  ..PJMEM:start to release pool:0x28c1ba0
V/PJSIP   ( 6186): 14:43:01.548   tsx0x2674ba4  ..Transaction destroyed!
V/PJSIP   ( 6186): 14:43:01.548       pool_i.h  ..PJMEM:start to release pool:0x2674b40
V/PJSIP   ( 6186): 14:43:01.560 send_buf_trans !available_tx_counter = 1,sleep ms = 6
D/PJSIP   ( 6186): 14:43:01.560 send_buf_trans  old packets count:488
V/PJSIP   ( 6186): 14:43:01.560 send_buf_trans  available_tx_counter = 1,sleep ms = 6
V/PJSIP   ( 6186): 14:43:01.560 send_buf_trans  transmit status = 0, seq=23793
E/ait_camera_capture.c( 6186): camera release, camera_fd = 64
I/Launcher( 1991): |INFO|download status changed |com.lenovo.dll.nebula.launcher.DownLoadStatusListener$DownloadManagerContentObserver|
E/ait_camera_capture.c( 6186): close device
E/ait_camera_capture.c( 6186): after my_aitxu_release, aitxu = 0
E/VideoProducer2( 6186): stopPreview() success
D/PJSIP   ( 6186): 14:43:01.671    pjsua_vid.c !Call 0: set video stream, op=6
D/PJSIP   ( 6186): 14:43:01.671 vstenc0x619260  .Encoder stream paused
I/Launcher( 1991): |INFO|download state changed: failed|com.lenovo.dll.nebula.launcher.GL.GLStatusBar|
W/MountService( 1317): getVolumeState(/mnt/sdcard): Unknown volume
W/MountService( 1317): getVolumeState(/mnt/sdcard): Unknown volume
W/MountService( 1317): getVolumeState(/mnt/sdcard): Unknown volume
W/MountService( 1317): getVolumeState(/mnt/sdcard): Unknown volume
W/MountService( 1317): getVolumeState(/mnt/sdcard): Unknown volume
W/MountService( 1317): getVolumeState(/mnt/sdcard): Unknown volume
W/MountService( 1317): getVolumeState(/mnt/sdcard): Unknown volume
W/MountService( 1317): getVolumeState(/mnt/sdcard): Unknown volume
W/MountService( 1317): getVolumeState(/mnt/sdcard): Unknown volume
D/dalvikvm( 6186): GC_CONCURRENT freed 1208K, 11% free 38883K/43207K, paused 2ms+4ms
W/MountService( 1317): getVolumeState(/mnt/sdcard): Unknown volume
W/MountService( 1317): getVolumeState(/mnt/sdcard): Unknown volume
W/w       ( 6186): LeToolGL.buildTexture: bmp==null
D/PJSIP   ( 6186): 14:43:02.013          jbi.c !failed to get next timestamp
D/PJSIP   ( 6186): 14:43:02.014   vid_stream.c  not found a frame
I/DownloadsChangeObserver( 1577): dispatchUpdate
I/TvDownloadManager( 1577): getAllProgress:IDownloadInfoDB.TYPE_ALL
I/TvDownloadManager( 1577): getAllProgress:db count=0	os count=11	 listener count=0
V/PJSIP   ( 6186): 14:43:02.213 stuse0x24daeb0 !Response cache deleted
V/PJSIP   ( 6186): 14:43:02.213       pool_i.h  PJMEM:start to release pool:0x265eb38
V/PJSIP   ( 6186): 14:43:02.228 stuse0x24dd088  Response cache deleted
V/PJSIP   ( 6186): 14:43:02.228       pool_i.h  PJMEM:start to release pool:0x265e390
V/PJSIP   ( 6186): 14:43:02.243 stuse0x24dbe98  Response cache deleted
V/PJSIP   ( 6186): 14:43:02.244       pool_i.h  PJMEM:start to release pool:0x25ecd08
V/PJSIP   ( 6186): 14:43:02.258 stuse0x24de070  Response cache deleted
V/PJSIP   ( 6186): 14:43:02.259       pool_i.h  PJMEM:start to release pool:0x2635be0
D/PJSIP   ( 6186): 14:43:03.017          jbi.c !failed to get next timestamp
D/PJSIP   ( 6186): 14:43:03.017   vid_stream.c  not found a frame
D/PJSIP   ( 6186): 14:43:04.021          jbi.c  failed to get next timestamp
D/PJSIP   ( 6186): 14:43:04.021   vid_stream.c  not found a frame
W/Video   ( 6186): FPS:33
D/PJSIP   ( 6186): 14:43:05.025          jbi.c  failed to get next timestamp
D/PJSIP   ( 6186): 14:43:05.025   vid_stream.c  not found a frame
D/PJSIP   ( 6186): 14:43:06.028          jbi.c  failed to get next timestamp
D/PJSIP   ( 6186): 14:43:06.029   vid_stream.c  not found a frame
D/PJSIP   ( 6186): 14:43:07.032          jbi.c  failed to get next timestamp
D/PJSIP   ( 6186): 14:43:07.032   vid_stream.c  not found a frame
W/Video   ( 6186): FPS:31
D/PJSIP   ( 6186): 14:43:08.036          jbi.c  failed to get next timestamp
D/PJSIP   ( 6186): 14:43:08.036   vid_stream.c  not found a frame
D/PJSIP   ( 6186): 14:43:09.039          jbi.c  failed to get next timestamp
D/PJSIP   ( 6186): 14:43:09.040   vid_stream.c  not found a frame
D/PJSIP   ( 6186): 14:43:10.043          jbi.c  failed to get next timestamp
D/PJSIP   ( 6186): 14:43:10.043   vid_stream.c  not found a frame
W/Video   ( 6186): FPS:31
D/PJSIP   ( 6186): 14:43:11.047          jbi.c  failed to get next timestamp
D/PJSIP   ( 6186): 14:43:11.047   vid_stream.c  not found a frame
D/PJSIP   ( 6186): 14:43:12.051          jbi.c  failed to get next timestamp
D/PJSIP   ( 6186): 14:43:12.051   vid_stream.c  not found a frame
D/PJSIP   ( 6186): 14:43:13.054          jbi.c  failed to get next timestamp
D/PJSIP   ( 6186): 14:43:13.054   vid_stream.c  not found a frame
D/PJSIP   ( 6186): 14:43:14.058          jbi.c  failed to get next timestamp
D/PJSIP   ( 6186): 14:43:14.058   vid_stream.c  not found a frame
W/Video   ( 6186): FPS:31
D/PJSIP   ( 6186): 14:43:15.067          jbi.c  failed to get next timestamp
D/PJSIP   ( 6186): 14:43:15.067   vid_stream.c  not found a frame
D/PJSIP   ( 6186): 14:43:16.070          jbi.c  failed to get next timestamp
D/PJSIP   ( 6186): 14:43:16.070   vid_stream.c  not found a frame
V/PJSIP   ( 6186): 14:43:16.320  tcpc0x1fb4d04 !Sending 4 byte(s) keep-alive to 211.151.79.232:53
D/PJSIP   ( 6186): 14:43:17.074          jbi.c !failed to get next timestamp
D/PJSIP   ( 6186): 14:43:17.074   vid_stream.c  not found a frame
W/Video   ( 6186): FPS:31
D/PJSIP   ( 6186): 14:43:18.078          jbi.c  failed to get next timestamp
D/PJSIP   ( 6186): 14:43:18.078   vid_stream.c  not found a frame
D/PJSIP   ( 6186): 14:43:19.086          jbi.c  failed to get next timestamp
D/PJSIP   ( 6186): 14:43:19.087   vid_stream.c  not found a frame
D/PJSIP   ( 6186): 14:43:20.090          jbi.c  failed to get next timestamp
D/PJSIP   ( 6186): 14:43:20.090   vid_stream.c  not found a frame
W/Video   ( 6186): FPS:31
D/PJSIP   ( 6186): 14:43:21.094          jbi.c  failed to get next timestamp
D/PJSIP   ( 6186): 14:43:21.094   vid_stream.c  not found a frame
D/PJSIP   ( 6186): 14:43:22.098          jbi.c  failed to get next timestamp
D/PJSIP   ( 6186): 14:43:22.098   vid_stream.c  not found a frame
D/PJSIP   ( 6186): 14:43:23.106          jbi.c  failed to get next timestamp
D/PJSIP   ( 6186): 14:43:23.106   vid_stream.c  not found a frame
D/PJSIP   ( 6186): 14:43:23.306   dlg0x1f5b878 !Refreshee timer session has been expired. But delay the end session operation later due to other heartbeat alive
D/PJSIP   ( 6186): 14:43:24.110          jbi.c !failed to get next timestamp
D/PJSIP   ( 6186): 14:43:24.110   vid_stream.c  not found a frame
V/PJSIP   ( 6186): 14:43:24.304 sip_endpoint.c !Processing incoming message: Request msg UPDATE/cseq=10949 (rdata0x1fb4eb4)
D/PJSIP   ( 6186): 14:43:24.304   pjsua_core.c  .RX 712 bytes Request msg UPDATE/cseq=10949 (rdata0x1fb4eb4) from TCP 211.151.79.232:53:
D/PJSIP   ( 6186): UPDATE sip:60000192464@219.142.229.166:42922;transport=TCP;ob SIP/2.0
D/PJSIP   ( 6186): Record-Route: <sip:211.151.79.232:53;transport=tcp;lr=on>
D/PJSIP   ( 6186): Via: SIP/2.0/TCP 211.151.79.232:53;branch=z9hG4bK3f11.f8bcbda6.0;i=7205
D/PJSIP   ( 6186): Via: SIP/2.0/TCP 219.142.122.249:57769;rport=57769;branch=z9hG4bKPjnTsXvdYDknXTMlrtpc9BfyMDj5pDxWWL
D/PJSIP   ( 6186): Max-Forwards: 69
D/PJSIP   ( 6186): From: <sip:60000191751@211.151.79.232>;tag=e-X-kERFb7PuaQeQjyvkwbAnYuRUvKhr
D/PJSIP   ( 6186): To: <sip:60000192464@211.151.79.232>;tag=LJJejsZGyiYH0p0Y4bLyQkXfe1GbsgAh
D/PJSIP   ( 6186): Contact: <sip:60000191751@219.142.122.249:57769;transport=TCP;ob>
D/PJSIP   ( 6186): Call-ID: lSpNRNhrGvF8iSJhOwyeXfryNvDbmqfq
D/PJSIP   ( 6186): CSeq: 10949 UPDATE
D/PJSIP   ( 6186): Session-Expires: 90;refresher=uac
D/PJSIP   ( 6186): Min-SE: 90
D/PJSIP   ( 6186): token: 20745934
D/PJSIP   ( 6186): instanceId: 20745934
D/PJSIP   ( 6186): Content-Length:  0
D/PJSIP   ( 6186): 
D/PJSIP   ( 6186): 
D/PJSIP   ( 6186): --end msg--
V/PJSIP   ( 6186): 14:43:24.304   dlg0x1f5b8dc  .Received Request msg UPDATE/cseq=10949 (rdata0x1fb4eb4)
V/PJSIP   ( 6186): 14:43:24.306   tsx0x2674ba4  ...Transaction created for Request msg UPDATE/cseq=10949 (rdata0x1fb4eb4)
V/PJSIP   ( 6186): 14:43:24.307   tsx0x2674ba4  ..Incoming Request msg UPDATE/cseq=10949 (rdata0x1fb4eb4) in state Null
V/PJSIP   ( 6186): 14:43:24.307   tsx0x2674ba4  ...State changed from Null to Trying, event=RX_MSG
V/PJSIP   ( 6186): 14:43:24.307   dlg0x1f5b8dc  ....Transaction tsx0x2674ba4 state changed to Trying
V/PJSIP   ( 6186): 14:43:24.307       endpoint  .....Response msg 200/UPDATE/cseq=10949 (tdta0x28c1ba0) created
I/PJSIP   ( 6186): 14:43:24.307        timer.c  .....PJCANCEL:cancel,slot:11,cur_size:11
I/PJSIP   ( 6186): 
V/PJSIP   ( 6186): 14:43:24.307   dlg0x1f5b8dc  ......Sending Response msg 200/UPDATE/cseq=10949 (tdta0x28c1ba0)
V/PJSIP   ( 6186): 14:43:24.307   tsx0x2674ba4  ......Sending Response msg 200/UPDATE/cseq=10949 (tdta0x28c1ba0) in state Trying
D/PJSIP   ( 6186): 14:43:24.307 sip_endpoint.c  ....... in pjsua_var.ua_cfg.cb.on_pj_handler_tx_request
D/PJSIP   ( 6186): 14:43:24.307 pjsua_wrap.cpp  .......on_pj_handler_tx_request_wrapper tangzm3
E/Weaver  ( 6186): |SipCallbackListener|on_pj_handler_tx_request callback.
W/Weaver  ( 6186): |SipCallbackListener|getToken:85421012
I/PJSIP   ( 6186): 14:43:24.309 pjsua_jni_addo  .......set_msg_header called.
W/Weaver  ( 6186): |UserInfoCloudService|Start to get token ...... 
W/Weaver  ( 6186): |UserInfoCloudService|Get static token
I/PJSIP   ( 6186): 14:43:24.309 pjsua_jni_addo  .......set_msg_header called.
D/PJSIP   ( 6186): 14:43:24.311   pjsua_core.c  .......TX 804 bytes Response msg 200/UPDATE/cseq=10949 (tdta0x28c1ba0) to TCP 211.151.79.232:53:
D/PJSIP   ( 6186): SIP/2.0 200 OK
D/PJSIP   ( 6186): Via: SIP/2.0/TCP 211.151.79.232:53;received=211.151.79.232;branch=z9hG4bK3f11.f8bcbda6.0;i=7205
D/PJSIP   ( 6186): Via: SIP/2.0/TCP 219.142.122.249:57769;rport=57769;branch=z9hG4bKPjnTsXvdYDknXTMlrtpc9BfyMDj5pDxWWL
D/PJSIP   ( 6186): Record-Route: <sip:211.151.79.232:53;transport=tcp;lr>
D/PJSIP   ( 6186): Call-ID: lSpNRNhrGvF8iSJhOwyeXfryNvDbmqfq
D/PJSIP   ( 6186): From: <sip:60000191751@211.151.79.232>;tag=e-X-kERFb7PuaQeQjyvkwbAnYuRUvKhr
D/PJSIP   ( 6186): To: <sip:60000192464@211.151.79.232>;tag=LJJejsZGyiYH0p0Y4bLyQkXfe1GbsgAh
D/PJSIP   ( 6186): CSeq: 10949 UPDATE
D/PJSIP   ( 6186): Session-Expires: 90;refresher=uac
D/PJSIP   ( 6186): Require: timer
D/PJSIP   ( 6186): Contact: <sip:60000192464@219.142.229.166:42922;transport=TCP;ob>
D/PJSIP   ( 6186): Allow: PRACK, INVITE, ACK, BYE, CANCEL, UPDATE, SUBSCRIBE, NOTIFY, REFER, MESSAGE, OPTIONS
D/PJSIP   ( 6186): Supported: replaces, 100rel, timer, norefersub
D/PJSIP   ( 6186): token: 85421012
D/PJSIP   ( 6186): instanceId: 85421012
D/PJSIP   ( 6186): Content-Length:  0
D/PJSIP   ( 6186): 
D/PJSIP   ( 6186): 
D/PJSIP   ( 6186): --end msg--
V/PJSIP   ( 6186): 14:43:24.311   tsx0x2674ba4  .......State changed from Trying to Completed, event=TX_MSG
V/PJSIP   ( 6186): 14:43:24.312   dlg0x1f5b8dc  ........Transaction tsx0x2674ba4 state changed to Completed
V/PJSIP   ( 6186): 14:43:24.321   tsx0x2674ba4  Timeout timer event
V/PJSIP   ( 6186): 14:43:24.321   tsx0x2674ba4  .State changed from Completed to Terminated, event=TIMER
V/PJSIP   ( 6186): 14:43:24.322   dlg0x1f5b8dc  ..Transaction tsx0x2674ba4 state changed to Terminated
V/PJSIP   ( 6186): 14:43:24.337   tsx0x2674ba4  Timeout timer event
V/PJSIP   ( 6186): 14:43:24.337   tsx0x2674ba4  .State changed from Terminated to Destroyed, event=TIMER
V/PJSIP   ( 6186): 14:43:24.337  tdta0x28c1ba0  ..Destroying txdata Response msg 200/UPDATE/cseq=10949 (tdta0x28c1ba0)
V/PJSIP   ( 6186): 14:43:24.337       pool_i.h  ..PJMEM:start to release pool:0x28c1ba0
V/PJSIP   ( 6186): 14:43:24.337   tsx0x2674ba4  ..Transaction destroyed!
V/PJSIP   ( 6186): 14:43:24.337       pool_i.h  ..PJMEM:start to release pool:0x2674b40
W/Video   ( 6186): FPS:31
D/PJSIP   ( 6186): 14:43:25.114          jbi.c !failed to get next timestamp
D/PJSIP   ( 6186): 14:43:25.114   vid_stream.c  not found a frame
D/PJSIP   ( 6186): 14:43:26.117          jbi.c  failed to get next timestamp
D/PJSIP   ( 6186): 14:43:26.117   vid_stream.c  not found a frame
D/PJSIP   ( 6186): 14:43:27.121          jbi.c  failed to get next timestamp
D/PJSIP   ( 6186): 14:43:27.121   vid_stream.c  not found a frame
W/Video   ( 6186): FPS:31
D/PJSIP   ( 6186): 14:43:28.125          jbi.c  failed to get next timestamp
D/PJSIP   ( 6186): 14:43:28.125   vid_stream.c  not found a frame
D/PJSIP   ( 6186): 14:43:29.128          jbi.c  failed to get next timestamp
D/PJSIP   ( 6186): 14:43:29.128   vid_stream.c  not found a frame
D/PJSIP   ( 6186): 14:43:30.132          jbi.c  failed to get next timestamp
D/PJSIP   ( 6186): 14:43:30.132   vid_stream.c  not found a frame
W/Video   ( 6186): FPS:31
D/PJSIP   ( 6186): 14:43:31.136          jbi.c  failed to get next timestamp
D/PJSIP   ( 6186): 14:43:31.136   vid_stream.c  not found a frame
D/PJSIP   ( 6186): 14:43:32.140          jbi.c  failed to get next timestamp
D/PJSIP   ( 6186): 14:43:32.140   vid_stream.c  not found a frame
D/PJSIP   ( 6186): 14:43:33.144          jbi.c  failed to get next timestamp
D/PJSIP   ( 6186): 14:43:33.144   vid_stream.c  not found a frame
D/PJSIP   ( 6186): 14:43:34.147          jbi.c  failed to get next timestamp
D/PJSIP   ( 6186): 14:43:34.147   vid_stream.c  not found a frame
W/Video   ( 6186): FPS:31
D/PJSIP   ( 6186): 14:43:35.151          jbi.c  failed to get next timestamp
D/PJSIP   ( 6186): 14:43:35.151   vid_stream.c  not found a frame
D/PJSIP   ( 6186): 14:43:36.155          jbi.c  failed to get next timestamp
D/PJSIP   ( 6186): 14:43:36.155   vid_stream.c  not found a frame
D/PJSIP   ( 6186): 14:43:37.158          jbi.c  failed to get next timestamp
D/PJSIP   ( 6186): 14:43:37.158   vid_stream.c  not found a frame
W/Video   ( 6186): FPS:30
D/PJSIP   ( 6186): 14:43:38.162          jbi.c  failed to get next timestamp
D/PJSIP   ( 6186): 14:43:38.162   vid_stream.c  not found a frame
D/PJSIP   ( 6186): 14:43:39.166          jbi.c  failed to get next timestamp
D/PJSIP   ( 6186): 14:43:39.166   vid_stream.c  not found a frame
V/PJSIP   ( 6186): 14:43:39.330  tcpc0x1fb4d04 !Sending 4 byte(s) keep-alive to 211.151.79.232:53
D/PJSIP   ( 6186): 14:43:40.171          jbi.c !failed to get next timestamp
D/PJSIP   ( 6186): 14:43:40.171   vid_stream.c  not found a frame
V/PJSIP   ( 6186): 14:43:40.507 stuse0x24daeb0 !..RX 28 bytes STUN message from 211.151.79.218:30519:
V/PJSIP   ( 6186): --- begin STUN message ---
V/PJSIP   ( 6186): STUN Binding indication
V/PJSIP   ( 6186):  Hdr: length=8, magic=2112a442, tsx_id=00000b932838b0f804b87ee2
V/PJSIP   ( 6186):  Attributes:
V/PJSIP   ( 6186):   FINGERPRINT: length=4, value=2239993934 (0x8583984e)
V/PJSIP   ( 6186): --- end of STUN message ---
